<?xml version="1.0" encoding="ISO-8859-1" ?>
<link_info>
   <banner>TI ARM Linker PC v20.2.5.LTS</banner>
   <copyright>Copyright (c) 1996-2018 Texas Instruments Incorporated</copyright>
   <link_time>0x638c6e59</link_time>
   <link_errors>0x0</link_errors>
   <output_file>MinisSumo.out</output_file>
   <entry_point>
      <name>_c_int00_noargs</name>
      <address>0xa571</address>
   </entry_point>
   <input_file_list>
      <input_file id="fl-2">
         <path>.\</path>
         <kind>object</kind>
         <file>configADC.obj</file>
         <name>configADC.obj</name>
      </input_file>
      <input_file id="fl-3">
         <path>.\</path>
         <kind>object</kind>
         <file>main.obj</file>
         <name>main.obj</name>
      </input_file>
      <input_file id="fl-4">
         <path>.\</path>
         <kind>object</kind>
         <file>startup_ccs.obj</file>
         <name>startup_ccs.obj</name>
      </input_file>
      <input_file id="fl-5">
         <path>.\FreeRTOS\Source\</path>
         <kind>object</kind>
         <file>croutine.obj</file>
         <name>croutine.obj</name>
      </input_file>
      <input_file id="fl-6">
         <path>.\FreeRTOS\Source\</path>
         <kind>object</kind>
         <file>event_groups.obj</file>
         <name>event_groups.obj</name>
      </input_file>
      <input_file id="fl-7">
         <path>.\FreeRTOS\Source\</path>
         <kind>object</kind>
         <file>list.obj</file>
         <name>list.obj</name>
      </input_file>
      <input_file id="fl-8">
         <path>.\FreeRTOS\Source\</path>
         <kind>object</kind>
         <file>queue.obj</file>
         <name>queue.obj</name>
      </input_file>
      <input_file id="fl-9">
         <path>.\FreeRTOS\Source\</path>
         <kind>object</kind>
         <file>stream_buffer.obj</file>
         <name>stream_buffer.obj</name>
      </input_file>
      <input_file id="fl-a">
         <path>.\FreeRTOS\Source\</path>
         <kind>object</kind>
         <file>tasks.obj</file>
         <name>tasks.obj</name>
      </input_file>
      <input_file id="fl-b">
         <path>.\FreeRTOS\Source\</path>
         <kind>object</kind>
         <file>timers.obj</file>
         <name>timers.obj</name>
      </input_file>
      <input_file id="fl-c">
         <path>.\FreeRTOS\Source\portable\CCS\ARM_CM4F\</path>
         <kind>object</kind>
         <file>port.obj</file>
         <name>port.obj</name>
      </input_file>
      <input_file id="fl-d">
         <path>.\FreeRTOS\Source\portable\CCS\ARM_CM4F\</path>
         <kind>object</kind>
         <file>portasm.obj</file>
         <name>portasm.obj</name>
      </input_file>
      <input_file id="fl-e">
         <path>.\FreeRTOS\Source\portable\MemMang\</path>
         <kind>object</kind>
         <file>heap_4.obj</file>
         <name>heap_4.obj</name>
      </input_file>
      <input_file id="fl-f">
         <path>.\driverlib\</path>
         <kind>object</kind>
         <file>adc.obj</file>
         <name>adc.obj</name>
      </input_file>
      <input_file id="fl-10">
         <path>.\driverlib\</path>
         <kind>object</kind>
         <file>aes.obj</file>
         <name>aes.obj</name>
      </input_file>
      <input_file id="fl-11">
         <path>.\driverlib\</path>
         <kind>object</kind>
         <file>can.obj</file>
         <name>can.obj</name>
      </input_file>
      <input_file id="fl-12">
         <path>.\driverlib\</path>
         <kind>object</kind>
         <file>comp.obj</file>
         <name>comp.obj</name>
      </input_file>
      <input_file id="fl-13">
         <path>.\driverlib\</path>
         <kind>object</kind>
         <file>cpu.obj</file>
         <name>cpu.obj</name>
      </input_file>
      <input_file id="fl-14">
         <path>.\driverlib\</path>
         <kind>object</kind>
         <file>crc.obj</file>
         <name>crc.obj</name>
      </input_file>
      <input_file id="fl-15">
         <path>.\driverlib\</path>
         <kind>object</kind>
         <file>des.obj</file>
         <name>des.obj</name>
      </input_file>
      <input_file id="fl-16">
         <path>.\driverlib\</path>
         <kind>object</kind>
         <file>eeprom.obj</file>
         <name>eeprom.obj</name>
      </input_file>
      <input_file id="fl-17">
         <path>.\driverlib\</path>
         <kind>object</kind>
         <file>emac.obj</file>
         <name>emac.obj</name>
      </input_file>
      <input_file id="fl-18">
         <path>.\driverlib\</path>
         <kind>object</kind>
         <file>epi.obj</file>
         <name>epi.obj</name>
      </input_file>
      <input_file id="fl-19">
         <path>.\driverlib\</path>
         <kind>object</kind>
         <file>epi_workaround_ccs.obj</file>
         <name>epi_workaround_ccs.obj</name>
      </input_file>
      <input_file id="fl-1a">
         <path>.\driverlib\</path>
         <kind>object</kind>
         <file>flash.obj</file>
         <name>flash.obj</name>
      </input_file>
      <input_file id="fl-1b">
         <path>.\driverlib\</path>
         <kind>object</kind>
         <file>fpu.obj</file>
         <name>fpu.obj</name>
      </input_file>
      <input_file id="fl-1c">
         <path>.\driverlib\</path>
         <kind>object</kind>
         <file>gpio.obj</file>
         <name>gpio.obj</name>
      </input_file>
      <input_file id="fl-1d">
         <path>.\driverlib\</path>
         <kind>object</kind>
         <file>hibernate.obj</file>
         <name>hibernate.obj</name>
      </input_file>
      <input_file id="fl-1e">
         <path>.\driverlib\</path>
         <kind>object</kind>
         <file>i2c.obj</file>
         <name>i2c.obj</name>
      </input_file>
      <input_file id="fl-1f">
         <path>.\driverlib\</path>
         <kind>object</kind>
         <file>interrupt.obj</file>
         <name>interrupt.obj</name>
      </input_file>
      <input_file id="fl-20">
         <path>.\driverlib\</path>
         <kind>object</kind>
         <file>lcd.obj</file>
         <name>lcd.obj</name>
      </input_file>
      <input_file id="fl-21">
         <path>.\driverlib\</path>
         <kind>object</kind>
         <file>mpu.obj</file>
         <name>mpu.obj</name>
      </input_file>
      <input_file id="fl-22">
         <path>.\driverlib\</path>
         <kind>object</kind>
         <file>onewire.obj</file>
         <name>onewire.obj</name>
      </input_file>
      <input_file id="fl-23">
         <path>.\driverlib\</path>
         <kind>object</kind>
         <file>pwm.obj</file>
         <name>pwm.obj</name>
      </input_file>
      <input_file id="fl-24">
         <path>.\driverlib\</path>
         <kind>object</kind>
         <file>qei.obj</file>
         <name>qei.obj</name>
      </input_file>
      <input_file id="fl-25">
         <path>.\driverlib\</path>
         <kind>object</kind>
         <file>shamd5.obj</file>
         <name>shamd5.obj</name>
      </input_file>
      <input_file id="fl-26">
         <path>.\driverlib\</path>
         <kind>object</kind>
         <file>ssi.obj</file>
         <name>ssi.obj</name>
      </input_file>
      <input_file id="fl-27">
         <path>.\driverlib\</path>
         <kind>object</kind>
         <file>sw_crc.obj</file>
         <name>sw_crc.obj</name>
      </input_file>
      <input_file id="fl-28">
         <path>.\driverlib\</path>
         <kind>object</kind>
         <file>sysctl.obj</file>
         <name>sysctl.obj</name>
      </input_file>
      <input_file id="fl-29">
         <path>.\driverlib\</path>
         <kind>object</kind>
         <file>sysexc.obj</file>
         <name>sysexc.obj</name>
      </input_file>
      <input_file id="fl-2a">
         <path>.\driverlib\</path>
         <kind>object</kind>
         <file>systick.obj</file>
         <name>systick.obj</name>
      </input_file>
      <input_file id="fl-2b">
         <path>.\driverlib\</path>
         <kind>object</kind>
         <file>timer.obj</file>
         <name>timer.obj</name>
      </input_file>
      <input_file id="fl-2c">
         <path>.\driverlib\</path>
         <kind>object</kind>
         <file>uart.obj</file>
         <name>uart.obj</name>
      </input_file>
      <input_file id="fl-2d">
         <path>.\driverlib\</path>
         <kind>object</kind>
         <file>udma.obj</file>
         <name>udma.obj</name>
      </input_file>
      <input_file id="fl-2e">
         <path>.\driverlib\</path>
         <kind>object</kind>
         <file>usb.obj</file>
         <name>usb.obj</name>
      </input_file>
      <input_file id="fl-2f">
         <path>.\driverlib\</path>
         <kind>object</kind>
         <file>watchdog.obj</file>
         <name>watchdog.obj</name>
      </input_file>
      <input_file id="fl-30">
         <path>.\drivers\</path>
         <kind>object</kind>
         <file>buttons.obj</file>
         <name>buttons.obj</name>
      </input_file>
      <input_file id="fl-31">
         <path>.\drivers\</path>
         <kind>object</kind>
         <file>rgb.obj</file>
         <name>rgb.obj</name>
      </input_file>
      <input_file id="fl-32">
         <path>.\utils\</path>
         <kind>object</kind>
         <file>RunTimeStatsConfig.obj</file>
         <name>RunTimeStatsConfig.obj</name>
      </input_file>
      <input_file id="fl-33">
         <path>.\utils\</path>
         <kind>object</kind>
         <file>cmdline.obj</file>
         <name>cmdline.obj</name>
      </input_file>
      <input_file id="fl-34">
         <path>.\utils\</path>
         <kind>object</kind>
         <file>cpu_usage.obj</file>
         <name>cpu_usage.obj</name>
      </input_file>
      <input_file id="fl-35">
         <path>.\utils\</path>
         <kind>object</kind>
         <file>uartstdio.obj</file>
         <name>uartstdio.obj</name>
      </input_file>
      <input_file id="fl-39">
         <kind>object</kind>
         <file>&lt;internal&gt;</file>
         <name>&lt;internal&gt;</name>
      </input_file>
      <input_file id="fl-ef">
         <path>C:\ti\ccs1110\ccs\tools\compiler\ti-cgt-arm_20.2.5.LTS\lib\</path>
         <kind>archive</kind>
         <file>rtsv7M4_T_le_v4SPD16_eabi.lib</file>
         <name>sprintf.c.obj</name>
      </input_file>
      <input_file id="fl-f0">
         <path>C:\ti\ccs1110\ccs\tools\compiler\ti-cgt-arm_20.2.5.LTS\lib\</path>
         <kind>archive</kind>
         <file>rtsv7M4_T_le_v4SPD16_eabi.lib</file>
         <name>fs_toull_t2.asm.obj</name>
      </input_file>
      <input_file id="fl-f1">
         <path>C:\ti\ccs1110\ccs\tools\compiler\ti-cgt-arm_20.2.5.LTS\lib\</path>
         <kind>archive</kind>
         <file>rtsv7M4_T_le_v4SPD16_eabi.lib</file>
         <name>memcpy_t2.asm.obj</name>
      </input_file>
      <input_file id="fl-f2">
         <path>C:\ti\ccs1110\ccs\tools\compiler\ti-cgt-arm_20.2.5.LTS\lib\</path>
         <kind>archive</kind>
         <file>rtsv7M4_T_le_v4SPD16_eabi.lib</file>
         <name>u_divt2.asm.obj</name>
      </input_file>
      <input_file id="fl-f3">
         <path>C:\ti\ccs1110\ccs\tools\compiler\ti-cgt-arm_20.2.5.LTS\lib\</path>
         <kind>archive</kind>
         <file>rtsv7M4_T_le_v4SPD16_eabi.lib</file>
         <name>memset_t2.asm.obj</name>
      </input_file>
      <input_file id="fl-f4">
         <path>C:\ti\ccs1110\ccs\tools\compiler\ti-cgt-arm_20.2.5.LTS\lib\</path>
         <kind>archive</kind>
         <file>rtsv7M4_T_le_v4SPD16_eabi.lib</file>
         <name>copy_zero_init.c.obj</name>
      </input_file>
      <input_file id="fl-f5">
         <path>C:\ti\ccs1110\ccs\tools\compiler\ti-cgt-arm_20.2.5.LTS\lib\</path>
         <kind>archive</kind>
         <file>rtsv7M4_T_le_v4SPD16_eabi.lib</file>
         <name>copy_decompress_none.c.obj</name>
      </input_file>
      <input_file id="fl-f6">
         <path>C:\ti\ccs1110\ccs\tools\compiler\ti-cgt-arm_20.2.5.LTS\lib\</path>
         <kind>archive</kind>
         <file>rtsv7M4_T_le_v4SPD16_eabi.lib</file>
         <name>copy_decompress_lzss.c.obj</name>
      </input_file>
      <input_file id="fl-f7">
         <path>C:\ti\ccs1110\ccs\tools\compiler\ti-cgt-arm_20.2.5.LTS\lib\</path>
         <kind>archive</kind>
         <file>rtsv7M4_T_le_v4SPD16_eabi.lib</file>
         <name>strcmp.c.obj</name>
      </input_file>
      <input_file id="fl-f8">
         <path>C:\ti\ccs1110\ccs\tools\compiler\ti-cgt-arm_20.2.5.LTS\lib\</path>
         <kind>archive</kind>
         <file>rtsv7M4_T_le_v4SPD16_eabi.lib</file>
         <name>strcpy.c.obj</name>
      </input_file>
      <input_file id="fl-f9">
         <path>C:\ti\ccs1110\ccs\tools\compiler\ti-cgt-arm_20.2.5.LTS\lib\</path>
         <kind>archive</kind>
         <file>rtsv7M4_T_le_v4SPD16_eabi.lib</file>
         <name>strlen.c.obj</name>
      </input_file>
      <input_file id="fl-fa">
         <path>C:\ti\ccs1110\ccs\tools\compiler\ti-cgt-arm_20.2.5.LTS\lib\</path>
         <kind>archive</kind>
         <file>rtsv7M4_T_le_v4SPD16_eabi.lib</file>
         <name>boot_cortex_m.c.obj</name>
      </input_file>
      <input_file id="fl-fb">
         <path>C:\ti\ccs1110\ccs\tools\compiler\ti-cgt-arm_20.2.5.LTS\lib\</path>
         <kind>archive</kind>
         <file>rtsv7M4_T_le_v4SPD16_eabi.lib</file>
         <name>_printfi.c.obj</name>
      </input_file>
      <input_file id="fl-fc">
         <path>C:\ti\ccs1110\ccs\tools\compiler\ti-cgt-arm_20.2.5.LTS\lib\</path>
         <kind>archive</kind>
         <file>rtsv7M4_T_le_v4SPD16_eabi.lib</file>
         <name>s_frexp.c.obj</name>
      </input_file>
      <input_file id="fl-fd">
         <path>C:\ti\ccs1110\ccs\tools\compiler\ti-cgt-arm_20.2.5.LTS\lib\</path>
         <kind>archive</kind>
         <file>rtsv7M4_T_le_v4SPD16_eabi.lib</file>
         <name>s_scalbn.c.obj</name>
      </input_file>
      <input_file id="fl-fe">
         <path>C:\ti\ccs1110\ccs\tools\compiler\ti-cgt-arm_20.2.5.LTS\lib\</path>
         <kind>archive</kind>
         <file>rtsv7M4_T_le_v4SPD16_eabi.lib</file>
         <name>wcslen.c.obj</name>
      </input_file>
      <input_file id="fl-ff">
         <path>C:\ti\ccs1110\ccs\tools\compiler\ti-cgt-arm_20.2.5.LTS\lib\</path>
         <kind>archive</kind>
         <file>rtsv7M4_T_le_v4SPD16_eabi.lib</file>
         <name>div0.asm.obj</name>
      </input_file>
      <input_file id="fl-100">
         <path>C:\ti\ccs1110\ccs\tools\compiler\ti-cgt-arm_20.2.5.LTS\lib\</path>
         <kind>archive</kind>
         <file>rtsv7M4_T_le_v4SPD16_eabi.lib</file>
         <name>fd_add_t2.asm.obj</name>
      </input_file>
      <input_file id="fl-101">
         <path>C:\ti\ccs1110\ccs\tools\compiler\ti-cgt-arm_20.2.5.LTS\lib\</path>
         <kind>archive</kind>
         <file>rtsv7M4_T_le_v4SPD16_eabi.lib</file>
         <name>fd_cmp_t2.asm.obj</name>
      </input_file>
      <input_file id="fl-102">
         <path>C:\ti\ccs1110\ccs\tools\compiler\ti-cgt-arm_20.2.5.LTS\lib\</path>
         <kind>archive</kind>
         <file>rtsv7M4_T_le_v4SPD16_eabi.lib</file>
         <name>fd_div_t2.asm.obj</name>
      </input_file>
      <input_file id="fl-103">
         <path>C:\ti\ccs1110\ccs\tools\compiler\ti-cgt-arm_20.2.5.LTS\lib\</path>
         <kind>archive</kind>
         <file>rtsv7M4_T_le_v4SPD16_eabi.lib</file>
         <name>fd_mul_t2.asm.obj</name>
      </input_file>
      <input_file id="fl-104">
         <path>C:\ti\ccs1110\ccs\tools\compiler\ti-cgt-arm_20.2.5.LTS\lib\</path>
         <kind>archive</kind>
         <file>rtsv7M4_T_le_v4SPD16_eabi.lib</file>
         <name>fd_toi_t2.asm.obj</name>
      </input_file>
      <input_file id="fl-105">
         <path>C:\ti\ccs1110\ccs\tools\compiler\ti-cgt-arm_20.2.5.LTS\lib\</path>
         <kind>archive</kind>
         <file>rtsv7M4_T_le_v4SPD16_eabi.lib</file>
         <name>i_tofd_t2.asm.obj</name>
      </input_file>
      <input_file id="fl-106">
         <path>C:\ti\ccs1110\ccs\tools\compiler\ti-cgt-arm_20.2.5.LTS\lib\</path>
         <kind>archive</kind>
         <file>rtsv7M4_T_le_v4SPD16_eabi.lib</file>
         <name>ull_div_t2.asm.obj</name>
      </input_file>
      <input_file id="fl-107">
         <path>C:\ti\ccs1110\ccs\tools\compiler\ti-cgt-arm_20.2.5.LTS\lib\</path>
         <kind>archive</kind>
         <file>rtsv7M4_T_le_v4SPD16_eabi.lib</file>
         <name>autoinit.c.obj</name>
      </input_file>
      <input_file id="fl-108">
         <path>C:\ti\ccs1110\ccs\tools\compiler\ti-cgt-arm_20.2.5.LTS\lib\</path>
         <kind>archive</kind>
         <file>rtsv7M4_T_le_v4SPD16_eabi.lib</file>
         <name>pre_init.c.obj</name>
      </input_file>
      <input_file id="fl-109">
         <path>C:\ti\ccs1110\ccs\tools\compiler\ti-cgt-arm_20.2.5.LTS\lib\</path>
         <kind>archive</kind>
         <file>rtsv7M4_T_le_v4SPD16_eabi.lib</file>
         <name>cpy_tbl.c.obj</name>
      </input_file>
      <input_file id="fl-10a">
         <path>C:\ti\ccs1110\ccs\tools\compiler\ti-cgt-arm_20.2.5.LTS\lib\</path>
         <kind>archive</kind>
         <file>rtsv7M4_T_le_v4SPD16_eabi.lib</file>
         <name>exit.c.obj</name>
      </input_file>
      <input_file id="fl-10b">
         <path>C:\ti\ccs1110\ccs\tools\compiler\ti-cgt-arm_20.2.5.LTS\lib\</path>
         <kind>archive</kind>
         <file>rtsv7M4_T_le_v4SPD16_eabi.lib</file>
         <name>_lock.c.obj</name>
      </input_file>
      <input_file id="fl-10c">
         <path>C:\ti\ccs1110\ccs\tools\compiler\ti-cgt-arm_20.2.5.LTS\lib\</path>
         <kind>archive</kind>
         <file>rtsv7M4_T_le_v4SPD16_eabi.lib</file>
         <name>_ltoa.c.obj</name>
      </input_file>
      <input_file id="fl-10d">
         <path>C:\ti\ccs1110\ccs\tools\compiler\ti-cgt-arm_20.2.5.LTS\lib\</path>
         <kind>archive</kind>
         <file>rtsv7M4_T_le_v4SPD16_eabi.lib</file>
         <name>args_main.c.obj</name>
      </input_file>
      <input_file id="fl-10e">
         <path>C:\ti\ccs1110\ccs\tools\compiler\ti-cgt-arm_20.2.5.LTS\lib\</path>
         <kind>archive</kind>
         <file>rtsv7M4_T_le_v4SPD16_eabi.lib</file>
         <name>atoi.c.obj</name>
      </input_file>
      <input_file id="fl-10f">
         <path>C:\ti\ccs1110\ccs\tools\compiler\ti-cgt-arm_20.2.5.LTS\lib\</path>
         <kind>archive</kind>
         <file>rtsv7M4_T_le_v4SPD16_eabi.lib</file>
         <name>ctype.c.obj</name>
      </input_file>
      <input_file id="fl-110">
         <path>C:\ti\ccs1110\ccs\tools\compiler\ti-cgt-arm_20.2.5.LTS\lib\</path>
         <kind>archive</kind>
         <file>rtsv7M4_T_le_v4SPD16_eabi.lib</file>
         <name>memccpy.c.obj</name>
      </input_file>
      <input_file id="fl-111">
         <path>C:\ti\ccs1110\ccs\tools\compiler\ti-cgt-arm_20.2.5.LTS\lib\</path>
         <kind>archive</kind>
         <file>rtsv7M4_T_le_v4SPD16_eabi.lib</file>
         <name>strchr.c.obj</name>
      </input_file>
      <input_file id="fl-112">
         <path>C:\ti\ccs1110\ccs\tools\compiler\ti-cgt-arm_20.2.5.LTS\lib\</path>
         <kind>archive</kind>
         <file>rtsv7M4_T_le_v4SPD16_eabi.lib</file>
         <name>errno.c.obj</name>
      </input_file>
      <input_file id="fl-113">
         <path>C:\ti\ccs1110\ccs\tools\compiler\ti-cgt-arm_20.2.5.LTS\lib\</path>
         <kind>archive</kind>
         <file>rtsv7M4_T_le_v4SPD16_eabi.lib</file>
         <name>s_copysign.c.obj</name>
      </input_file>
   </input_file_list>
   <object_component_list>
      <object_component id="oc-12">
         <name>.intvecs</name>
         <load_address>0x0</load_address>
         <run_address>0x0</run_address>
         <size>0x26c</size>
         <input_file_ref idref="fl-4"/>
      </object_component>
      <object_component id="oc-91">
         <name>.text</name>
         <load_address>0x26c</load_address>
         <run_address>0x26c</run_address>
         <size>0x1d1c</size>
         <input_file_ref idref="fl-a"/>
      </object_component>
      <object_component id="oc-a7">
         <name>.text</name>
         <load_address>0x1f88</load_address>
         <run_address>0x1f88</run_address>
         <size>0xf80</size>
         <input_file_ref idref="fl-28"/>
      </object_component>
      <object_component id="oc-f3">
         <name>.text</name>
         <load_address>0x2f08</load_address>
         <run_address>0x2f08</run_address>
         <size>0xd20</size>
         <input_file_ref idref="fl-8"/>
      </object_component>
      <object_component id="oc-bf">
         <name>.text</name>
         <load_address>0x3c28</load_address>
         <run_address>0x3c28</run_address>
         <size>0xc14</size>
         <input_file_ref idref="fl-1c"/>
      </object_component>
      <object_component id="oc-3e">
         <name>.text</name>
         <load_address>0x483c</load_address>
         <run_address>0x483c</run_address>
         <size>0xab0</size>
         <input_file_ref idref="fl-35"/>
      </object_component>
      <object_component id="oc-2f1">
         <name>.text:__TI_printfi</name>
         <load_address>0x52ec</load_address>
         <run_address>0x52ec</run_address>
         <size>0xa4e</size>
         <input_file_ref idref="fl-fb"/>
      </object_component>
      <object_component id="oc-261">
         <name>.text</name>
         <load_address>0x5d3a</load_address>
         <run_address>0x5d3a</run_address>
         <size>0x2</size>
         <input_file_ref idref="fl-ff"/>
      </object_component>
      <object_component id="oc-123">
         <name>.text</name>
         <load_address>0x5d3c</load_address>
         <run_address>0x5d3c</run_address>
         <size>0x840</size>
         <input_file_ref idref="fl-f"/>
      </object_component>
      <object_component id="oc-ad">
         <name>.text</name>
         <load_address>0x657c</load_address>
         <run_address>0x657c</run_address>
         <size>0x718</size>
         <input_file_ref idref="fl-23"/>
      </object_component>
      <object_component id="oc-b3">
         <name>.text</name>
         <load_address>0x6c94</load_address>
         <run_address>0x6c94</run_address>
         <size>0x6f0</size>
         <input_file_ref idref="fl-b"/>
      </object_component>
      <object_component id="oc-c5">
         <name>.text</name>
         <load_address>0x7384</load_address>
         <run_address>0x7384</run_address>
         <size>0x642</size>
         <input_file_ref idref="fl-2b"/>
      </object_component>
      <object_component id="oc-f9">
         <name>.text</name>
         <load_address>0x79c8</load_address>
         <run_address>0x79c8</run_address>
         <size>0x62e</size>
         <input_file_ref idref="fl-2c"/>
      </object_component>
      <object_component id="oc-38">
         <name>.text</name>
         <load_address>0x7ff8</load_address>
         <run_address>0x7ff8</run_address>
         <size>0x524</size>
         <input_file_ref idref="fl-3"/>
      </object_component>
      <object_component id="oc-b9">
         <name>.text</name>
         <load_address>0x851c</load_address>
         <run_address>0x851c</run_address>
         <size>0x3c0</size>
         <input_file_ref idref="fl-1f"/>
      </object_component>
      <object_component id="oc-16c">
         <name>.text</name>
         <load_address>0x88dc</load_address>
         <run_address>0x88dc</run_address>
         <size>0x3a0</size>
         <input_file_ref idref="fl-e"/>
      </object_component>
      <object_component id="oc-3ab">
         <name>.text:_pconv_a</name>
         <load_address>0x8c7c</load_address>
         <run_address>0x8c7c</run_address>
         <size>0x270</size>
         <input_file_ref idref="fl-fb"/>
      </object_component>
      <object_component id="oc-44">
         <name>.text</name>
         <load_address>0x8eec</load_address>
         <run_address>0x8eec</run_address>
         <size>0x228</size>
         <input_file_ref idref="fl-2"/>
      </object_component>
      <object_component id="oc-399">
         <name>.text:_pconv_g</name>
         <load_address>0x9114</load_address>
         <run_address>0x9114</run_address>
         <size>0x1d0</size>
         <input_file_ref idref="fl-fb"/>
      </object_component>
      <object_component id="oc-41f">
         <name>.text</name>
         <load_address>0x92e4</load_address>
         <run_address>0x92e4</run_address>
         <size>0x1b6</size>
         <input_file_ref idref="fl-100"/>
      </object_component>
      <object_component id="oc-32">
         <name>.text</name>
         <load_address>0x949c</load_address>
         <run_address>0x949c</run_address>
         <size>0x150</size>
         <input_file_ref idref="fl-c"/>
      </object_component>
      <object_component id="oc-3a5">
         <name>.text:_pconv_e</name>
         <load_address>0x95ec</load_address>
         <run_address>0x95ec</run_address>
         <size>0x13c</size>
         <input_file_ref idref="fl-fb"/>
      </object_component>
      <object_component id="oc-405">
         <name>.text</name>
         <load_address>0x9728</load_address>
         <run_address>0x9728</run_address>
         <size>0x136</size>
         <input_file_ref idref="fl-102"/>
      </object_component>
      <object_component id="oc-172">
         <name>.text</name>
         <load_address>0x985e</load_address>
         <run_address>0x985e</run_address>
         <size>0x12a</size>
         <input_file_ref idref="fl-7"/>
      </object_component>
      <object_component id="oc-431">
         <name>.text:fcvt</name>
         <load_address>0x9988</load_address>
         <run_address>0x9988</run_address>
         <size>0x124</size>
         <input_file_ref idref="fl-fb"/>
      </object_component>
      <object_component id="oc-445">
         <name>.text:scalbn</name>
         <load_address>0x9aac</load_address>
         <run_address>0x9aac</run_address>
         <size>0x110</size>
         <input_file_ref idref="fl-fd"/>
      </object_component>
      <object_component id="oc-400">
         <name>.text</name>
         <load_address>0x9bbc</load_address>
         <run_address>0x9bbc</run_address>
         <size>0xfc</size>
         <input_file_ref idref="fl-103"/>
      </object_component>
      <object_component id="oc-2d">
         <name>.text</name>
         <load_address>0x9cb8</load_address>
         <run_address>0x9cb8</run_address>
         <size>0xda</size>
         <input_file_ref idref="fl-d"/>
      </object_component>
      <object_component id="oc-38e">
         <name>.text:_ltostr</name>
         <load_address>0x9d94</load_address>
         <run_address>0x9d94</run_address>
         <size>0xb1</size>
         <input_file_ref idref="fl-fb"/>
      </object_component>
      <object_component id="oc-58">
         <name>.text</name>
         <load_address>0x9e46</load_address>
         <run_address>0x9e46</run_address>
         <size>0x9c</size>
         <input_file_ref idref="fl-f1"/>
      </object_component>
      <object_component id="oc-3f9">
         <name>.text</name>
         <load_address>0x9ee2</load_address>
         <run_address>0x9ee2</run_address>
         <size>0x96</size>
         <input_file_ref idref="fl-106"/>
      </object_component>
      <object_component id="oc-394">
         <name>.text:__aeabi_cdcmple</name>
         <load_address>0x9f78</load_address>
         <run_address>0x9f78</run_address>
         <size>0x86</size>
         <input_file_ref idref="fl-101"/>
      </object_component>
      <object_component id="oc-40a">
         <name>.text:__aeabi_cdrcmple</name>
         <load_address>0x9ffe</load_address>
         <run_address>0x9ffe</run_address>
         <size>0x86</size>
         <input_file_ref idref="fl-101"/>
      </object_component>
      <object_component id="oc-14a">
         <name>.text</name>
         <load_address>0xa084</load_address>
         <run_address>0xa084</run_address>
         <size>0x7a</size>
         <input_file_ref idref="fl-f3"/>
      </object_component>
      <object_component id="oc-42a">
         <name>.text:_mcpy</name>
         <load_address>0xa0fe</load_address>
         <run_address>0xa0fe</run_address>
         <size>0x6e</size>
         <input_file_ref idref="fl-fb"/>
      </object_component>
      <object_component id="oc-184">
         <name>.text</name>
         <load_address>0xa16c</load_address>
         <run_address>0xa16c</run_address>
         <size>0x68</size>
         <input_file_ref idref="fl-32"/>
      </object_component>
      <object_component id="oc-15">
         <name>.text:decompress:lzss:__TI_decompress_lzss</name>
         <load_address>0xa1d4</load_address>
         <run_address>0xa1d4</run_address>
         <size>0x68</size>
         <input_file_ref idref="fl-f6"/>
      </object_component>
      <object_component id="oc-43f">
         <name>.text:frexp</name>
         <load_address>0xa23c</load_address>
         <run_address>0xa23c</run_address>
         <size>0x64</size>
         <input_file_ref idref="fl-fc"/>
      </object_component>
      <object_component id="oc-39f">
         <name>.text:_pconv_f</name>
         <load_address>0xa2a0</load_address>
         <run_address>0xa2a0</run_address>
         <size>0x56</size>
         <input_file_ref idref="fl-fb"/>
      </object_component>
      <object_component id="oc-414">
         <name>.text:__TI_ltoa</name>
         <load_address>0xa2f6</load_address>
         <run_address>0xa2f6</run_address>
         <size>0x54</size>
         <input_file_ref idref="fl-10c"/>
      </object_component>
      <object_component id="oc-424">
         <name>.text:_ecpy</name>
         <load_address>0xa34a</load_address>
         <run_address>0xa34a</run_address>
         <size>0x52</size>
         <input_file_ref idref="fl-fb"/>
      </object_component>
      <object_component id="oc-388">
         <name>.text:atoi</name>
         <load_address>0xa39c</load_address>
         <run_address>0xa39c</run_address>
         <size>0x4c</size>
         <input_file_ref idref="fl-10e"/>
      </object_component>
      <object_component id="oc-40f">
         <name>.text</name>
         <load_address>0xa3e8</load_address>
         <run_address>0xa3e8</run_address>
         <size>0x48</size>
         <input_file_ref idref="fl-104"/>
      </object_component>
      <object_component id="oc-291">
         <name>.text:__TI_auto_init_nobinit_nopinit:__TI_auto_init_nobinit_nopinit</name>
         <load_address>0xa430</load_address>
         <run_address>0xa430</run_address>
         <size>0x44</size>
         <input_file_ref idref="fl-107"/>
      </object_component>
      <object_component id="oc-114">
         <name>.text</name>
         <load_address>0xa474</load_address>
         <run_address>0xa474</run_address>
         <size>0x40</size>
         <input_file_ref idref="fl-f2"/>
      </object_component>
      <object_component id="oc-1a9">
         <name>.text:sprintf</name>
         <load_address>0xa4b4</load_address>
         <run_address>0xa4b4</run_address>
         <size>0x40</size>
         <input_file_ref idref="fl-ef"/>
      </object_component>
      <object_component id="oc-437">
         <name>.text:_fcpy</name>
         <load_address>0xa4f4</load_address>
         <run_address>0xa4f4</run_address>
         <size>0x3e</size>
         <input_file_ref idref="fl-fb"/>
      </object_component>
      <object_component id="oc-1cb">
         <name>.text</name>
         <load_address>0xa532</load_address>
         <run_address>0xa532</run_address>
         <size>0x3e</size>
         <input_file_ref idref="fl-13"/>
      </object_component>
      <object_component id="oc-76">
         <name>.text:_c_int00_noargs:_c_int00_noargs</name>
         <load_address>0xa570</load_address>
         <run_address>0xa570</run_address>
         <size>0x34</size>
         <input_file_ref idref="fl-fa"/>
      </object_component>
      <object_component id="oc-41a">
         <name>.text</name>
         <load_address>0xa5a4</load_address>
         <run_address>0xa5a4</run_address>
         <size>0x2e</size>
         <input_file_ref idref="fl-105"/>
      </object_component>
      <object_component id="oc-18d">
         <name>.text:GetOverflowCounts</name>
         <load_address>0xa5d4</load_address>
         <run_address>0xa5d4</run_address>
         <size>0x24</size>
         <input_file_ref idref="fl-32"/>
      </object_component>
      <object_component id="oc-3b1">
         <name>.text:memccpy</name>
         <load_address>0xa5f8</load_address>
         <run_address>0xa5f8</run_address>
         <size>0x1c</size>
         <input_file_ref idref="fl-110"/>
      </object_component>
      <object_component id="oc-499">
         <name>.text:copysign</name>
         <load_address>0xa614</load_address>
         <run_address>0xa614</run_address>
         <size>0x1a</size>
         <input_file_ref idref="fl-113"/>
      </object_component>
      <object_component id="oc-2f7">
         <name>.text:_outs</name>
         <load_address>0xa62e</load_address>
         <run_address>0xa62e</run_address>
         <size>0x18</size>
         <input_file_ref idref="fl-ef"/>
      </object_component>
      <object_component id="oc-44b">
         <name>.text:strchr</name>
         <load_address>0xa646</load_address>
         <run_address>0xa646</run_address>
         <size>0x16</size>
         <input_file_ref idref="fl-111"/>
      </object_component>
      <object_component id="oc-19d">
         <name>.text:strcpy</name>
         <load_address>0xa65c</load_address>
         <run_address>0xa65c</run_address>
         <size>0x14</size>
         <input_file_ref idref="fl-f8"/>
      </object_component>
      <object_component id="oc-1a3">
         <name>.text:strlen</name>
         <load_address>0xa670</load_address>
         <run_address>0xa670</run_address>
         <size>0x14</size>
         <input_file_ref idref="fl-f9"/>
      </object_component>
      <object_component id="oc-3b7">
         <name>.text:wcslen</name>
         <load_address>0xa684</load_address>
         <run_address>0xa684</run_address>
         <size>0x12</size>
         <input_file_ref idref="fl-fe"/>
      </object_component>
      <object_component id="oc-1b">
         <name>.text:decompress:none:__TI_decompress_none</name>
         <load_address>0xa696</load_address>
         <run_address>0xa696</run_address>
         <size>0xe</size>
         <input_file_ref idref="fl-f5"/>
      </object_component>
      <object_component id="oc-6a">
         <name>.text:decompress:ZI:__TI_zero_init</name>
         <load_address>0xa6a4</load_address>
         <run_address>0xa6a4</run_address>
         <size>0xc</size>
         <input_file_ref idref="fl-f4"/>
      </object_component>
      <object_component id="oc-27">
         <name>.text</name>
         <load_address>0xa6b0</load_address>
         <run_address>0xa6b0</run_address>
         <size>0xc</size>
         <input_file_ref idref="fl-4"/>
      </object_component>
      <object_component id="oc-2fd">
         <name>.text:_outc</name>
         <load_address>0xa6bc</load_address>
         <run_address>0xa6bc</run_address>
         <size>0xa</size>
         <input_file_ref idref="fl-ef"/>
      </object_component>
      <object_component id="oc-3bd">
         <name>.text:__aeabi_errno_addr</name>
         <load_address>0xa6c8</load_address>
         <run_address>0xa6c8</run_address>
         <size>0x8</size>
         <input_file_ref idref="fl-112"/>
      </object_component>
      <object_component id="oc-1da">
         <name>.text:SysCtlDelay</name>
         <load_address>0xa6d0</load_address>
         <run_address>0xa6d0</run_address>
         <size>0x6</size>
         <input_file_ref idref="fl-28"/>
      </object_component>
      <object_component id="oc-150">
         <name>.text:_system_pre_init</name>
         <load_address>0xa6d6</load_address>
         <run_address>0xa6d6</run_address>
         <size>0x4</size>
         <input_file_ref idref="fl-108"/>
      </object_component>
      <object_component id="oc-285">
         <name>.text:abort:abort</name>
         <load_address>0xa6da</load_address>
         <run_address>0xa6da</run_address>
         <size>0x4</size>
         <input_file_ref idref="fl-10a"/>
      </object_component>
      <object_component id="oc-1d7">
         <name>.const:g_pppui32XTALtoVCO</name>
         <load_address>0xa6e0</load_address>
         <run_address>0xa6e0</run_address>
         <size>0x1b0</size>
         <input_file_ref idref="fl-28"/>
      </object_component>
      <object_component id="oc-3f4">
         <name>.const:.string:_ctypes_</name>
         <load_address>0xa890</load_address>
         <run_address>0xa890</run_address>
         <size>0x101</size>
         <input_file_ref idref="fl-10f"/>
      </object_component>
      <object_component id="oc-216">
         <name>.const:g_ppui32GPIOIntMapSnowflake</name>
         <load_address>0xa994</load_address>
         <run_address>0xa994</run_address>
         <size>0xd8</size>
         <input_file_ref idref="fl-1c"/>
      </object_component>
      <object_component id="oc-213">
         <name>.const:g_ppui32GPIOIntMapBlizzard</name>
         <load_address>0xaa6c</load_address>
         <run_address>0xaa6c</run_address>
         <size>0xc0</size>
         <input_file_ref idref="fl-1c"/>
      </object_component>
      <object_component id="oc-202">
         <name>.const:g_pui32Regs</name>
         <load_address>0xab2c</load_address>
         <run_address>0xab2c</run_address>
         <size>0x9c</size>
         <input_file_ref idref="fl-1f"/>
      </object_component>
      <object_component id="oc-219">
         <name>.const:g_pui32GPIOBaseAddrs</name>
         <load_address>0xabc8</load_address>
         <run_address>0xabc8</run_address>
         <size>0x90</size>
         <input_file_ref idref="fl-1c"/>
      </object_component>
      <object_component id="oc-1d1">
         <name>.const:g_pui32Xtals</name>
         <load_address>0xac58</load_address>
         <run_address>0xac58</run_address>
         <size>0x6c</size>
         <input_file_ref idref="fl-28"/>
      </object_component>
      <object_component id="oc-21e">
         <name>.const:g_ppui32TimerIntMap</name>
         <load_address>0xacc4</load_address>
         <run_address>0xacc4</run_address>
         <size>0x60</size>
         <input_file_ref idref="fl-2b"/>
      </object_component>
      <object_component id="oc-221">
         <name>.const:g_ppui32TimerIntMapSnowflake</name>
         <load_address>0xad24</load_address>
         <run_address>0xad24</run_address>
         <size>0x40</size>
         <input_file_ref idref="fl-2b"/>
      </object_component>
      <object_component id="oc-24b">
         <name>.const:g_ppui32UARTIntMap</name>
         <load_address>0xad64</load_address>
         <run_address>0xad64</run_address>
         <size>0x40</size>
         <input_file_ref idref="fl-2c"/>
      </object_component>
      <object_component id="oc-24e">
         <name>.const:g_ppui32UARTIntMapSnowflake</name>
         <load_address>0xada4</load_address>
         <run_address>0xada4</run_address>
         <size>0x40</size>
         <input_file_ref idref="fl-2c"/>
      </object_component>
      <object_component id="oc-1c8">
         <name>.const:g_sXTALtoMEMTIM</name>
         <load_address>0xade4</load_address>
         <run_address>0xade4</run_address>
         <size>0x30</size>
         <input_file_ref idref="fl-28"/>
      </object_component>
      <object_component id="oc-1ff">
         <name>.const:g_pui32Priority</name>
         <load_address>0xae14</load_address>
         <run_address>0xae14</run_address>
         <size>0x20</size>
         <input_file_ref idref="fl-1f"/>
      </object_component>
      <object_component id="oc-208">
         <name>.const:g_pui32Dii16Regs</name>
         <load_address>0xae34</load_address>
         <run_address>0xae34</run_address>
         <size>0x14</size>
         <input_file_ref idref="fl-1f"/>
      </object_component>
      <object_component id="oc-205">
         <name>.const:g_pui32EnRegs</name>
         <load_address>0xae48</load_address>
         <run_address>0xae48</run_address>
         <size>0x14</size>
         <input_file_ref idref="fl-1f"/>
      </object_component>
      <object_component id="oc-20b">
         <name>.const:g_pui32PendRegs</name>
         <load_address>0xae5c</load_address>
         <run_address>0xae5c</run_address>
         <size>0x14</size>
         <input_file_ref idref="fl-1f"/>
      </object_component>
      <object_component id="oc-20e">
         <name>.const:g_pui32UnpendRegs</name>
         <load_address>0xae70</load_address>
         <run_address>0xae70</run_address>
         <size>0x14</size>
         <input_file_ref idref="fl-1f"/>
      </object_component>
      <object_component id="oc-267">
         <name>.const:.string</name>
         <load_address>0xae84</load_address>
         <run_address>0xae84</run_address>
         <size>0x12</size>
         <input_file_ref idref="fl-35"/>
      </object_component>
      <object_component id="oc-105">
         <name>.const:g_ui32UARTBase</name>
         <load_address>0xae98</load_address>
         <run_address>0xae98</run_address>
         <size>0xc</size>
         <input_file_ref idref="fl-35"/>
      </object_component>
      <object_component id="oc-10b">
         <name>.const:g_ui32UARTInt</name>
         <load_address>0xaea4</load_address>
         <run_address>0xaea4</run_address>
         <size>0xc</size>
         <input_file_ref idref="fl-35"/>
      </object_component>
      <object_component id="oc-108">
         <name>.const:g_ui32UARTPeriph</name>
         <load_address>0xaeb0</load_address>
         <run_address>0xaeb0</run_address>
         <size>0xc</size>
         <input_file_ref idref="fl-35"/>
      </object_component>
      <object_component id="oc-1d4">
         <name>.const:g_pui32VCOFrequencies</name>
         <load_address>0xaebc</load_address>
         <run_address>0xaebc</run_address>
         <size>0x8</size>
         <input_file_ref idref="fl-28"/>
      </object_component>
      <object_component id="oc-8e">
         <name>.const</name>
         <load_address>0xaec4</load_address>
         <run_address>0xaec4</run_address>
         <size>0x4</size>
         <input_file_ref idref="fl-c"/>
      </object_component>
      <object_component id="oc-194">
         <name>.const</name>
         <load_address>0xaec8</load_address>
         <run_address>0xaec8</run_address>
         <size>0x4</size>
         <input_file_ref idref="fl-a"/>
      </object_component>
      <object_component id="oc-119">
         <name>.const</name>
         <load_address>0xaecc</load_address>
         <run_address>0xaecc</run_address>
         <size>0x4</size>
         <input_file_ref idref="fl-35"/>
      </object_component>
      <object_component id="oc-4f1">
         <name>.cinit..data.load</name>
         <load_address>0xaed0</load_address>
         <run_address>0xaed0</run_address>
         <size>0x5a</size>
      </object_component>
      <object_component id="oc-4ee">
         <name>__TI_handler_table</name>
         <load_address>0xaf2c</load_address>
         <run_address>0xaf2c</run_address>
         <size>0xc</size>
      </object_component>
      <object_component id="oc-4f2">
         <name>.cinit..bss.load</name>
         <load_address>0xaf38</load_address>
         <run_address>0xaf38</run_address>
         <size>0x8</size>
      </object_component>
      <object_component id="oc-4f0">
         <name>.cinit..vtable.load</name>
         <load_address>0xaf40</load_address>
         <run_address>0xaf40</run_address>
         <size>0x8</size>
      </object_component>
      <object_component id="oc-4ef">
         <name>__TI_cinit_table</name>
         <load_address>0xaf48</load_address>
         <run_address>0xaf48</run_address>
         <size>0x18</size>
      </object_component>
      <object_component id="oc-1fc">
         <name>.vtable</name>
         <uninitialized>true</uninitialized>
         <run_address>0x20000000</run_address>
         <size>0x26c</size>
         <input_file_ref idref="fl-1f"/>
      </object_component>
      <object_component id="oc-cb">
         <name>.data</name>
         <load_address>0x20005998</load_address>
         <run_address>0x20005998</run_address>
         <size>0x4</size>
         <input_file_ref idref="fl-3"/>
      </object_component>
      <object_component id="oc-ce">
         <name>.data:LUT_ADC</name>
         <load_address>0x2000592c</load_address>
         <run_address>0x2000592c</run_address>
         <size>0x1e</size>
         <input_file_ref idref="fl-3"/>
      </object_component>
      <object_component id="oc-d1">
         <name>.data:centimetros</name>
         <load_address>0x2000594a</load_address>
         <run_address>0x2000594a</run_address>
         <size>0x1e</size>
         <input_file_ref idref="fl-3"/>
      </object_component>
      <object_component id="oc-8b">
         <name>.data</name>
         <load_address>0x200058f0</load_address>
         <run_address>0x200058f0</run_address>
         <size>0x3c</size>
         <input_file_ref idref="fl-a"/>
      </object_component>
      <object_component id="oc-1e4">
         <name>.data</name>
         <load_address>0x20005980</load_address>
         <run_address>0x20005980</run_address>
         <size>0xc</size>
         <input_file_ref idref="fl-b"/>
      </object_component>
      <object_component id="oc-98">
         <name>.data</name>
         <load_address>0x2000599c</load_address>
         <run_address>0x2000599c</run_address>
         <size>0x4</size>
         <input_file_ref idref="fl-c"/>
      </object_component>
      <object_component id="oc-2cf">
         <name>.data</name>
         <load_address>0x20005968</load_address>
         <run_address>0x20005968</run_address>
         <size>0x18</size>
         <input_file_ref idref="fl-e"/>
      </object_component>
      <object_component id="oc-ff">
         <name>.data</name>
         <load_address>0x2000598c</load_address>
         <run_address>0x2000598c</run_address>
         <size>0xc</size>
         <input_file_ref idref="fl-35"/>
      </object_component>
      <object_component id="oc-45b">
         <name>.data</name>
         <load_address>0x200059a0</load_address>
         <run_address>0x200059a0</run_address>
         <size>0x4</size>
         <input_file_ref idref="fl-112"/>
      </object_component>
      <object_component id="oc-129">
         <name>.bss</name>
         <uninitialized>true</uninitialized>
         <run_address>0x200056b8</run_address>
         <size>0x8</size>
         <input_file_ref idref="fl-2"/>
      </object_component>
      <object_component id="oc-178">
         <name>.bss:pxReadyTasksLists</name>
         <uninitialized>true</uninitialized>
         <run_address>0x2000546c</run_address>
         <size>0x140</size>
         <input_file_ref idref="fl-a"/>
      </object_component>
      <object_component id="oc-197">
         <name>.bss:xDelayedTaskList1</name>
         <uninitialized>true</uninitialized>
         <run_address>0x20005644</run_address>
         <size>0x14</size>
         <input_file_ref idref="fl-a"/>
      </object_component>
      <object_component id="oc-19a">
         <name>.bss:xDelayedTaskList2</name>
         <uninitialized>true</uninitialized>
         <run_address>0x20005658</run_address>
         <size>0x14</size>
         <input_file_ref idref="fl-a"/>
      </object_component>
      <object_component id="oc-17e">
         <name>.bss</name>
         <uninitialized>true</uninitialized>
         <run_address>0x200056c8</run_address>
         <size>0x8</size>
         <input_file_ref idref="fl-a"/>
      </object_component>
      <object_component id="oc-18a">
         <name>.bss:xPendingReadyList</name>
         <uninitialized>true</uninitialized>
         <run_address>0x2000566c</run_address>
         <size>0x14</size>
         <input_file_ref idref="fl-a"/>
      </object_component>
      <object_component id="oc-17b">
         <name>.bss:xTasksWaitingTermination</name>
         <uninitialized>true</uninitialized>
         <run_address>0x20005694</run_address>
         <size>0x14</size>
         <input_file_ref idref="fl-a"/>
      </object_component>
      <object_component id="oc-181">
         <name>.bss:xSuspendedTaskList</name>
         <uninitialized>true</uninitialized>
         <run_address>0x20005680</run_address>
         <size>0x14</size>
         <input_file_ref idref="fl-a"/>
      </object_component>
      <object_component id="oc-1ea">
         <name>.bss:xActiveTimerList1</name>
         <uninitialized>true</uninitialized>
         <run_address>0x2000561c</run_address>
         <size>0x14</size>
         <input_file_ref idref="fl-b"/>
      </object_component>
      <object_component id="oc-1ed">
         <name>.bss:xActiveTimerList2</name>
         <uninitialized>true</uninitialized>
         <run_address>0x20005630</run_address>
         <size>0x14</size>
         <input_file_ref idref="fl-b"/>
      </object_component>
      <object_component id="oc-1e7">
         <name>.bss</name>
         <uninitialized>true</uninitialized>
         <run_address>0x200056d0</run_address>
         <size>0x8</size>
         <input_file_ref idref="fl-b"/>
      </object_component>
      <object_component id="oc-2d5">
         <name>.bss:ucHeap</name>
         <uninitialized>true</uninitialized>
         <run_address>0x2000026c</run_address>
         <size>0x5000</size>
         <input_file_ref idref="fl-e"/>
      </object_component>
      <object_component id="oc-2d2">
         <name>.bss:xStart</name>
         <uninitialized>true</uninitialized>
         <run_address>0x200056d8</run_address>
         <size>0x8</size>
         <input_file_ref idref="fl-e"/>
      </object_component>
      <object_component id="oc-26c">
         <name>.bss:g_pui8OversampleFactor</name>
         <uninitialized>true</uninitialized>
         <run_address>0x200056c0</run_address>
         <size>0x8</size>
         <input_file_ref idref="fl-f"/>
      </object_component>
      <object_component id="oc-102">
         <name>.bss</name>
         <uninitialized>true</uninitialized>
         <run_address>0x200056a8</run_address>
         <size>0x10</size>
         <input_file_ref idref="fl-35"/>
      </object_component>
      <object_component id="oc-111">
         <name>.bss:g_pcUARTRxHistoryBuffer</name>
         <uninitialized>true</uninitialized>
         <run_address>0x2000526c</run_address>
         <size>0x200</size>
         <input_file_ref idref="fl-35"/>
      </object_component>
      <object_component id="oc-10e">
         <name>.bss:g_usUARTRxHistoryOffset</name>
         <uninitialized>true</uninitialized>
         <run_address>0x200055fc</run_address>
         <size>0x20</size>
         <input_file_ref idref="fl-35"/>
      </object_component>
      <object_component id="oc-d7">
         <name>.common:TimerAtras</name>
         <uninitialized>true</uninitialized>
         <run_address>0x200056e0</run_address>
         <size>0x4</size>
      </object_component>
      <object_component id="oc-d8">
         <name>.common:TimerGiro</name>
         <uninitialized>true</uninitialized>
         <run_address>0x200056e4</run_address>
         <size>0x4</size>
      </object_component>
      <object_component id="oc-d4">
         <name>.common:TimerSharp</name>
         <uninitialized>true</uninitialized>
         <run_address>0x200056e8</run_address>
         <size>0x4</size>
      </object_component>
      <object_component id="oc-242">
         <name>.common:xQueueRegistry</name>
         <uninitialized>true</uninitialized>
         <run_address>0x200055ac</run_address>
         <size>0x50</size>
      </object_component>
      <object_component id="oc-24">
         <name>.stack</name>
         <uninitialized>true</uninitialized>
         <run_address>0x200056f0</run_address>
         <size>0x4</size>
         <input_file_ref idref="fl-fa"/>
      </object_component>
      <object_component id="oc-4f4">
         <name>.stack</name>
         <uninitialized>true</uninitialized>
         <run_address>0x200056f0</run_address>
         <size>0x0</size>
      </object_component>
      <object_component id="oc-12d">
         <name>.debug_info</name>
         <load_address>0x0</load_address>
         <run_address>0x0</run_address>
         <size>0x80a</size>
         <input_file_ref idref="fl-2"/>
      </object_component>
      <object_component id="oc-12a">
         <name>.debug_info</name>
         <load_address>0x80a</load_address>
         <run_address>0x80a</run_address>
         <size>0xf3</size>
         <input_file_ref idref="fl-2"/>
      </object_component>
      <object_component id="oc-47">
         <name>.debug_info</name>
         <load_address>0x8fd</load_address>
         <run_address>0x8fd</run_address>
         <size>0x7ed</size>
         <input_file_ref idref="fl-2"/>
      </object_component>
      <object_component id="oc-da">
         <name>.debug_info</name>
         <load_address>0x10ea</load_address>
         <run_address>0x10ea</run_address>
         <size>0x315</size>
         <input_file_ref idref="fl-2"/>
      </object_component>
      <object_component id="oc-df">
         <name>.debug_info</name>
         <load_address>0x13ff</load_address>
         <run_address>0x13ff</run_address>
         <size>0x11b</size>
         <input_file_ref idref="fl-2"/>
      </object_component>
      <object_component id="oc-130">
         <name>.debug_info</name>
         <load_address>0x151a</load_address>
         <run_address>0x151a</run_address>
         <size>0x26b</size>
         <input_file_ref idref="fl-2"/>
      </object_component>
      <object_component id="oc-1c3">
         <name>.debug_info</name>
         <load_address>0x1785</load_address>
         <run_address>0x1785</run_address>
         <size>0x476</size>
         <input_file_ref idref="fl-2"/>
      </object_component>
      <object_component id="oc-22e">
         <name>.debug_info</name>
         <load_address>0x1bfb</load_address>
         <run_address>0x1bfb</run_address>
         <size>0x4f</size>
         <input_file_ref idref="fl-2"/>
      </object_component>
      <object_component id="oc-53">
         <name>.debug_info</name>
         <load_address>0x1c4a</load_address>
         <run_address>0x1c4a</run_address>
         <size>0x84</size>
         <input_file_ref idref="fl-2"/>
      </object_component>
      <object_component id="oc-9d">
         <name>.debug_info</name>
         <load_address>0x1cce</load_address>
         <run_address>0x1cce</run_address>
         <size>0x2c</size>
         <input_file_ref idref="fl-2"/>
      </object_component>
      <object_component id="oc-23d">
         <name>.debug_info</name>
         <load_address>0x1cfa</load_address>
         <run_address>0x1cfa</run_address>
         <size>0x2a4</size>
         <input_file_ref idref="fl-2"/>
      </object_component>
      <object_component id="oc-1dc">
         <name>.debug_info</name>
         <load_address>0x1f9e</load_address>
         <run_address>0x1f9e</run_address>
         <size>0xef</size>
         <input_file_ref idref="fl-2"/>
      </object_component>
      <object_component id="oc-e9">
         <name>.debug_info</name>
         <load_address>0x208d</load_address>
         <run_address>0x208d</run_address>
         <size>0xbb</size>
         <input_file_ref idref="fl-2"/>
      </object_component>
      <object_component id="oc-1b9">
         <name>.debug_info</name>
         <load_address>0x2148</load_address>
         <run_address>0x2148</run_address>
         <size>0x53</size>
         <input_file_ref idref="fl-2"/>
      </object_component>
      <object_component id="oc-a2">
         <name>.debug_info</name>
         <load_address>0x219b</load_address>
         <run_address>0x219b</run_address>
         <size>0x53</size>
         <input_file_ref idref="fl-2"/>
      </object_component>
      <object_component id="oc-1be">
         <name>.debug_info</name>
         <load_address>0x21ee</load_address>
         <run_address>0x21ee</run_address>
         <size>0x14c</size>
         <input_file_ref idref="fl-2"/>
      </object_component>
      <object_component id="oc-d5">
         <name>.debug_info</name>
         <load_address>0x233a</load_address>
         <run_address>0x233a</run_address>
         <size>0xb90</size>
         <input_file_ref idref="fl-3"/>
      </object_component>
      <object_component id="oc-cc">
         <name>.debug_info</name>
         <load_address>0x2eca</load_address>
         <run_address>0x2eca</run_address>
         <size>0xc7</size>
         <input_file_ref idref="fl-3"/>
      </object_component>
      <object_component id="oc-cf">
         <name>.debug_info</name>
         <load_address>0x2f91</load_address>
         <run_address>0x2f91</run_address>
         <size>0xc9</size>
         <input_file_ref idref="fl-3"/>
      </object_component>
      <object_component id="oc-d2">
         <name>.debug_info</name>
         <load_address>0x305a</load_address>
         <run_address>0x305a</run_address>
         <size>0xd1</size>
         <input_file_ref idref="fl-3"/>
      </object_component>
      <object_component id="oc-39">
         <name>.debug_info</name>
         <load_address>0x312b</load_address>
         <run_address>0x312b</run_address>
         <size>0xcf0</size>
         <input_file_ref idref="fl-3"/>
      </object_component>
      <object_component id="oc-1b0">
         <name>.debug_info</name>
         <load_address>0x3e1b</load_address>
         <run_address>0x3e1b</run_address>
         <size>0x110</size>
         <input_file_ref idref="fl-3"/>
      </object_component>
      <object_component id="oc-233">
         <name>.debug_info</name>
         <load_address>0x3f2b</load_address>
         <run_address>0x3f2b</run_address>
         <size>0x476</size>
         <input_file_ref idref="fl-3"/>
      </object_component>
      <object_component id="oc-37d">
         <name>.debug_info</name>
         <load_address>0x43a1</load_address>
         <run_address>0x43a1</run_address>
         <size>0x109</size>
         <input_file_ref idref="fl-3"/>
      </object_component>
      <object_component id="oc-238">
         <name>.debug_info</name>
         <load_address>0x44aa</load_address>
         <run_address>0x44aa</run_address>
         <size>0x2c</size>
         <input_file_ref idref="fl-3"/>
      </object_component>
      <object_component id="oc-e4">
         <name>.debug_info</name>
         <load_address>0x44d6</load_address>
         <run_address>0x44d6</run_address>
         <size>0x8b</size>
         <input_file_ref idref="fl-3"/>
      </object_component>
      <object_component id="oc-ee">
         <name>.debug_info</name>
         <load_address>0x4561</load_address>
         <run_address>0x4561</run_address>
         <size>0x4f</size>
         <input_file_ref idref="fl-3"/>
      </object_component>
      <object_component id="oc-4c">
         <name>.debug_info</name>
         <load_address>0x45b0</load_address>
         <run_address>0x45b0</run_address>
         <size>0x3b7</size>
         <input_file_ref idref="fl-4"/>
      </object_component>
      <object_component id="oc-13">
         <name>.debug_info</name>
         <load_address>0x4967</load_address>
         <run_address>0x4967</run_address>
         <size>0xda</size>
         <input_file_ref idref="fl-4"/>
      </object_component>
      <object_component id="oc-28">
         <name>.debug_info</name>
         <load_address>0x4a41</load_address>
         <run_address>0x4a41</run_address>
         <size>0x1ee</size>
         <input_file_ref idref="fl-4"/>
      </object_component>
      <object_component id="oc-2db">
         <name>.debug_info</name>
         <load_address>0x4c2f</load_address>
         <run_address>0x4c2f</run_address>
         <size>0x380</size>
         <input_file_ref idref="fl-7"/>
      </object_component>
      <object_component id="oc-173">
         <name>.debug_info</name>
         <load_address>0x4faf</load_address>
         <run_address>0x4faf</run_address>
         <size>0x4f0</size>
         <input_file_ref idref="fl-7"/>
      </object_component>
      <object_component id="oc-243">
         <name>.debug_info</name>
         <load_address>0x549f</load_address>
         <run_address>0x549f</run_address>
         <size>0x8aa</size>
         <input_file_ref idref="fl-8"/>
      </object_component>
      <object_component id="oc-f4">
         <name>.debug_info</name>
         <load_address>0x5d49</load_address>
         <run_address>0x5d49</run_address>
         <size>0x3862</size>
         <input_file_ref idref="fl-8"/>
      </object_component>
      <object_component id="oc-340">
         <name>.debug_info</name>
         <load_address>0x95ab</load_address>
         <run_address>0x95ab</run_address>
         <size>0x23f</size>
         <input_file_ref idref="fl-8"/>
      </object_component>
      <object_component id="oc-246">
         <name>.debug_info</name>
         <load_address>0x97ea</load_address>
         <run_address>0x97ea</run_address>
         <size>0x46</size>
         <input_file_ref idref="fl-8"/>
      </object_component>
      <object_component id="oc-2c5">
         <name>.debug_info</name>
         <load_address>0x9830</load_address>
         <run_address>0x9830</run_address>
         <size>0x35</size>
         <input_file_ref idref="fl-8"/>
      </object_component>
      <object_component id="oc-27c">
         <name>.debug_info</name>
         <load_address>0x9865</load_address>
         <run_address>0x9865</run_address>
         <size>0x2c</size>
         <input_file_ref idref="fl-9"/>
      </object_component>
      <object_component id="oc-164">
         <name>.debug_info</name>
         <load_address>0x9891</load_address>
         <run_address>0x9891</run_address>
         <size>0x938</size>
         <input_file_ref idref="fl-a"/>
      </object_component>
      <object_component id="oc-8c">
         <name>.debug_info</name>
         <load_address>0xa1c9</load_address>
         <run_address>0xa1c9</run_address>
         <size>0x3ab</size>
         <input_file_ref idref="fl-a"/>
      </object_component>
      <object_component id="oc-179">
         <name>.debug_info</name>
         <load_address>0xa574</load_address>
         <run_address>0xa574</run_address>
         <size>0xee</size>
         <input_file_ref idref="fl-a"/>
      </object_component>
      <object_component id="oc-198">
         <name>.debug_info</name>
         <load_address>0xa662</load_address>
         <run_address>0xa662</run_address>
         <size>0xee</size>
         <input_file_ref idref="fl-a"/>
      </object_component>
      <object_component id="oc-19b">
         <name>.debug_info</name>
         <load_address>0xa750</load_address>
         <run_address>0xa750</run_address>
         <size>0xee</size>
         <input_file_ref idref="fl-a"/>
      </object_component>
      <object_component id="oc-17f">
         <name>.debug_info</name>
         <load_address>0xa83e</load_address>
         <run_address>0xa83e</run_address>
         <size>0x131</size>
         <input_file_ref idref="fl-a"/>
      </object_component>
      <object_component id="oc-18b">
         <name>.debug_info</name>
         <load_address>0xa96f</load_address>
         <run_address>0xa96f</run_address>
         <size>0xee</size>
         <input_file_ref idref="fl-a"/>
      </object_component>
      <object_component id="oc-17c">
         <name>.debug_info</name>
         <load_address>0xaa5d</load_address>
         <run_address>0xaa5d</run_address>
         <size>0xfc</size>
         <input_file_ref idref="fl-a"/>
      </object_component>
      <object_component id="oc-182">
         <name>.debug_info</name>
         <load_address>0xab59</load_address>
         <run_address>0xab59</run_address>
         <size>0xf0</size>
         <input_file_ref idref="fl-a"/>
      </object_component>
      <object_component id="oc-195">
         <name>.debug_info</name>
         <load_address>0xac49</load_address>
         <run_address>0xac49</run_address>
         <size>0xef</size>
         <input_file_ref idref="fl-a"/>
      </object_component>
      <object_component id="oc-93">
         <name>.debug_info</name>
         <load_address>0xad38</load_address>
         <run_address>0xad38</run_address>
         <size>0x5824</size>
         <input_file_ref idref="fl-a"/>
      </object_component>
      <object_component id="oc-165">
         <name>.debug_info</name>
         <load_address>0x1055c</load_address>
         <run_address>0x1055c</run_address>
         <size>0x30c</size>
         <input_file_ref idref="fl-a"/>
      </object_component>
      <object_component id="oc-11e">
         <name>.debug_info</name>
         <load_address>0x10868</load_address>
         <run_address>0x10868</run_address>
         <size>0x2c</size>
         <input_file_ref idref="fl-a"/>
      </object_component>
      <object_component id="oc-2ca">
         <name>.debug_info</name>
         <load_address>0x10894</load_address>
         <run_address>0x10894</run_address>
         <size>0x159</size>
         <input_file_ref idref="fl-a"/>
      </object_component>
      <object_component id="oc-1f6">
         <name>.debug_info</name>
         <load_address>0x109ed</load_address>
         <run_address>0x109ed</run_address>
         <size>0x86f</size>
         <input_file_ref idref="fl-b"/>
      </object_component>
      <object_component id="oc-1eb">
         <name>.debug_info</name>
         <load_address>0x1125c</load_address>
         <run_address>0x1125c</run_address>
         <size>0xee</size>
         <input_file_ref idref="fl-b"/>
      </object_component>
      <object_component id="oc-1ee">
         <name>.debug_info</name>
         <load_address>0x1134a</load_address>
         <run_address>0x1134a</run_address>
         <size>0xee</size>
         <input_file_ref idref="fl-b"/>
      </object_component>
      <object_component id="oc-1e8">
         <name>.debug_info</name>
         <load_address>0x11438</load_address>
         <run_address>0x11438</run_address>
         <size>0x126</size>
         <input_file_ref idref="fl-b"/>
      </object_component>
      <object_component id="oc-1e5">
         <name>.debug_info</name>
         <load_address>0x1155e</load_address>
         <run_address>0x1155e</run_address>
         <size>0x112</size>
         <input_file_ref idref="fl-b"/>
      </object_component>
      <object_component id="oc-b4">
         <name>.debug_info</name>
         <load_address>0x11670</load_address>
         <run_address>0x11670</run_address>
         <size>0x2444</size>
         <input_file_ref idref="fl-b"/>
      </object_component>
      <object_component id="oc-1f7">
         <name>.debug_info</name>
         <load_address>0x13ab4</load_address>
         <run_address>0x13ab4</run_address>
         <size>0x1e2</size>
         <input_file_ref idref="fl-b"/>
      </object_component>
      <object_component id="oc-1f1">
         <name>.debug_info</name>
         <load_address>0x13c96</load_address>
         <run_address>0x13c96</run_address>
         <size>0x46</size>
         <input_file_ref idref="fl-b"/>
      </object_component>
      <object_component id="oc-9c">
         <name>.debug_info</name>
         <load_address>0x13cdc</load_address>
         <run_address>0x13cdc</run_address>
         <size>0x416</size>
         <input_file_ref idref="fl-c"/>
      </object_component>
      <object_component id="oc-8f">
         <name>.debug_info</name>
         <load_address>0x140f2</load_address>
         <run_address>0x140f2</run_address>
         <size>0x11b</size>
         <input_file_ref idref="fl-c"/>
      </object_component>
      <object_component id="oc-99">
         <name>.debug_info</name>
         <load_address>0x1420d</load_address>
         <run_address>0x1420d</run_address>
         <size>0x102</size>
         <input_file_ref idref="fl-c"/>
      </object_component>
      <object_component id="oc-34">
         <name>.debug_info</name>
         <load_address>0x1430f</load_address>
         <run_address>0x1430f</run_address>
         <size>0x729</size>
         <input_file_ref idref="fl-c"/>
      </object_component>
      <object_component id="oc-2e">
         <name>.debug_info</name>
         <load_address>0x14a38</load_address>
         <run_address>0x14a38</run_address>
         <size>0x250</size>
         <input_file_ref idref="fl-d"/>
      </object_component>
      <object_component id="oc-2d9">
         <name>.debug_info</name>
         <load_address>0x14c88</load_address>
         <run_address>0x14c88</run_address>
         <size>0x481</size>
         <input_file_ref idref="fl-e"/>
      </object_component>
      <object_component id="oc-2d6">
         <name>.debug_info</name>
         <load_address>0x15109</load_address>
         <run_address>0x15109</run_address>
         <size>0xe9</size>
         <input_file_ref idref="fl-e"/>
      </object_component>
      <object_component id="oc-2d3">
         <name>.debug_info</name>
         <load_address>0x151f2</load_address>
         <run_address>0x151f2</run_address>
         <size>0xe9</size>
         <input_file_ref idref="fl-e"/>
      </object_component>
      <object_component id="oc-2d0">
         <name>.debug_info</name>
         <load_address>0x152db</load_address>
         <run_address>0x152db</run_address>
         <size>0x229</size>
         <input_file_ref idref="fl-e"/>
      </object_component>
      <object_component id="oc-16d">
         <name>.debug_info</name>
         <load_address>0x15504</load_address>
         <run_address>0x15504</run_address>
         <size>0x99b</size>
         <input_file_ref idref="fl-e"/>
      </object_component>
      <object_component id="oc-374">
         <name>.debug_info</name>
         <load_address>0x15e9f</load_address>
         <run_address>0x15e9f</run_address>
         <size>0x62</size>
         <input_file_ref idref="fl-e"/>
      </object_component>
      <object_component id="oc-270">
         <name>.debug_info</name>
         <load_address>0x15f01</load_address>
         <run_address>0x15f01</run_address>
         <size>0x32e</size>
         <input_file_ref idref="fl-f"/>
      </object_component>
      <object_component id="oc-26d">
         <name>.debug_info</name>
         <load_address>0x1622f</load_address>
         <run_address>0x1622f</run_address>
         <size>0xef</size>
         <input_file_ref idref="fl-f"/>
      </object_component>
      <object_component id="oc-125">
         <name>.debug_info</name>
         <load_address>0x1631e</load_address>
         <run_address>0x1631e</run_address>
         <size>0x2b43</size>
         <input_file_ref idref="fl-f"/>
      </object_component>
      <object_component id="oc-1ce">
         <name>.debug_info</name>
         <load_address>0x18e61</load_address>
         <run_address>0x18e61</run_address>
         <size>0x334</size>
         <input_file_ref idref="fl-13"/>
      </object_component>
      <object_component id="oc-21d">
         <name>.debug_info</name>
         <load_address>0x19195</load_address>
         <run_address>0x19195</run_address>
         <size>0x358</size>
         <input_file_ref idref="fl-1c"/>
      </object_component>
      <object_component id="oc-214">
         <name>.debug_info</name>
         <load_address>0x194ed</load_address>
         <run_address>0x194ed</run_address>
         <size>0xf8</size>
         <input_file_ref idref="fl-1c"/>
      </object_component>
      <object_component id="oc-217">
         <name>.debug_info</name>
         <load_address>0x195e5</load_address>
         <run_address>0x195e5</run_address>
         <size>0xfa</size>
         <input_file_ref idref="fl-1c"/>
      </object_component>
      <object_component id="oc-21a">
         <name>.debug_info</name>
         <load_address>0x196df</load_address>
         <run_address>0x196df</run_address>
         <size>0xec</size>
         <input_file_ref idref="fl-1c"/>
      </object_component>
      <object_component id="oc-c0">
         <name>.debug_info</name>
         <load_address>0x197cb</load_address>
         <run_address>0x197cb</run_address>
         <size>0x31e1</size>
         <input_file_ref idref="fl-1c"/>
      </object_component>
      <object_component id="oc-212">
         <name>.debug_info</name>
         <load_address>0x1c9ac</load_address>
         <run_address>0x1c9ac</run_address>
         <size>0x335</size>
         <input_file_ref idref="fl-1f"/>
      </object_component>
      <object_component id="oc-200">
         <name>.debug_info</name>
         <load_address>0x1cce1</load_address>
         <run_address>0x1cce1</run_address>
         <size>0xe7</size>
         <input_file_ref idref="fl-1f"/>
      </object_component>
      <object_component id="oc-203">
         <name>.debug_info</name>
         <load_address>0x1cdc8</load_address>
         <run_address>0x1cdc8</run_address>
         <size>0xdf</size>
         <input_file_ref idref="fl-1f"/>
      </object_component>
      <object_component id="oc-206">
         <name>.debug_info</name>
         <load_address>0x1cea7</load_address>
         <run_address>0x1cea7</run_address>
         <size>0xe3</size>
         <input_file_ref idref="fl-1f"/>
      </object_component>
      <object_component id="oc-209">
         <name>.debug_info</name>
         <load_address>0x1cf8a</load_address>
         <run_address>0x1cf8a</run_address>
         <size>0xe9</size>
         <input_file_ref idref="fl-1f"/>
      </object_component>
      <object_component id="oc-20c">
         <name>.debug_info</name>
         <load_address>0x1d073</load_address>
         <run_address>0x1d073</run_address>
         <size>0xe7</size>
         <input_file_ref idref="fl-1f"/>
      </object_component>
      <object_component id="oc-20f">
         <name>.debug_info</name>
         <load_address>0x1d15a</load_address>
         <run_address>0x1d15a</run_address>
         <size>0xeb</size>
         <input_file_ref idref="fl-1f"/>
      </object_component>
      <object_component id="oc-1fd">
         <name>.debug_info</name>
         <load_address>0x1d245</load_address>
         <run_address>0x1d245</run_address>
         <size>0xe8</size>
         <input_file_ref idref="fl-1f"/>
      </object_component>
      <object_component id="oc-ba">
         <name>.debug_info</name>
         <load_address>0x1d32d</load_address>
         <run_address>0x1d32d</run_address>
         <size>0xce8</size>
         <input_file_ref idref="fl-1f"/>
      </object_component>
      <object_component id="oc-1e3">
         <name>.debug_info</name>
         <load_address>0x1e015</load_address>
         <run_address>0x1e015</run_address>
         <size>0x30a</size>
         <input_file_ref idref="fl-23"/>
      </object_component>
      <object_component id="oc-b0">
         <name>.debug_info</name>
         <load_address>0x1e31f</load_address>
         <run_address>0x1e31f</run_address>
         <size>0x2779</size>
         <input_file_ref idref="fl-23"/>
      </object_component>
      <object_component id="oc-1e1">
         <name>.debug_info</name>
         <load_address>0x20a98</load_address>
         <run_address>0x20a98</run_address>
         <size>0x3ba</size>
         <input_file_ref idref="fl-28"/>
      </object_component>
      <object_component id="oc-1d2">
         <name>.debug_info</name>
         <load_address>0x20e52</load_address>
         <run_address>0x20e52</run_address>
         <size>0xde</size>
         <input_file_ref idref="fl-28"/>
      </object_component>
      <object_component id="oc-1d8">
         <name>.debug_info</name>
         <load_address>0x20f30</load_address>
         <run_address>0x20f30</run_address>
         <size>0xea</size>
         <input_file_ref idref="fl-28"/>
      </object_component>
      <object_component id="oc-1c9">
         <name>.debug_info</name>
         <load_address>0x2101a</load_address>
         <run_address>0x2101a</run_address>
         <size>0xe4</size>
         <input_file_ref idref="fl-28"/>
      </object_component>
      <object_component id="oc-1d5">
         <name>.debug_info</name>
         <load_address>0x210fe</load_address>
         <run_address>0x210fe</run_address>
         <size>0xf1</size>
         <input_file_ref idref="fl-28"/>
      </object_component>
      <object_component id="oc-ab">
         <name>.debug_info</name>
         <load_address>0x211ef</load_address>
         <run_address>0x211ef</run_address>
         <size>0x2b2e</size>
         <input_file_ref idref="fl-28"/>
      </object_component>
      <object_component id="oc-310">
         <name>.debug_info</name>
         <load_address>0x23d1d</load_address>
         <run_address>0x23d1d</run_address>
         <size>0x51</size>
         <input_file_ref idref="fl-28"/>
      </object_component>
      <object_component id="oc-225">
         <name>.debug_info</name>
         <load_address>0x23d6e</load_address>
         <run_address>0x23d6e</run_address>
         <size>0x345</size>
         <input_file_ref idref="fl-2b"/>
      </object_component>
      <object_component id="oc-21f">
         <name>.debug_info</name>
         <load_address>0x240b3</load_address>
         <run_address>0x240b3</run_address>
         <size>0xeb</size>
         <input_file_ref idref="fl-2b"/>
      </object_component>
      <object_component id="oc-222">
         <name>.debug_info</name>
         <load_address>0x2419e</load_address>
         <run_address>0x2419e</run_address>
         <size>0xfd</size>
         <input_file_ref idref="fl-2b"/>
      </object_component>
      <object_component id="oc-c7">
         <name>.debug_info</name>
         <load_address>0x2429b</load_address>
         <run_address>0x2429b</run_address>
         <size>0x2473</size>
         <input_file_ref idref="fl-2b"/>
      </object_component>
      <object_component id="oc-252">
         <name>.debug_info</name>
         <load_address>0x2670e</load_address>
         <run_address>0x2670e</run_address>
         <size>0x33a</size>
         <input_file_ref idref="fl-2c"/>
      </object_component>
      <object_component id="oc-24c">
         <name>.debug_info</name>
         <load_address>0x26a48</load_address>
         <run_address>0x26a48</run_address>
         <size>0xe8</size>
         <input_file_ref idref="fl-2c"/>
      </object_component>
      <object_component id="oc-24f">
         <name>.debug_info</name>
         <load_address>0x26b30</load_address>
         <run_address>0x26b30</run_address>
         <size>0xfa</size>
         <input_file_ref idref="fl-2c"/>
      </object_component>
      <object_component id="oc-fb">
         <name>.debug_info</name>
         <load_address>0x26c2a</load_address>
         <run_address>0x26c2a</run_address>
         <size>0x26fa</size>
         <input_file_ref idref="fl-2c"/>
      </object_component>
      <object_component id="oc-18f">
         <name>.debug_info</name>
         <load_address>0x29324</load_address>
         <run_address>0x29324</run_address>
         <size>0x14e</size>
         <input_file_ref idref="fl-32"/>
      </object_component>
      <object_component id="oc-185">
         <name>.debug_info</name>
         <load_address>0x29472</load_address>
         <run_address>0x29472</run_address>
         <size>0x192</size>
         <input_file_ref idref="fl-32"/>
      </object_component>
      <object_component id="oc-11d">
         <name>.debug_info</name>
         <load_address>0x29604</load_address>
         <run_address>0x29604</run_address>
         <size>0x6a1</size>
         <input_file_ref idref="fl-35"/>
      </object_component>
      <object_component id="oc-103">
         <name>.debug_info</name>
         <load_address>0x29ca5</load_address>
[...]
         <name>TimerDMAEventGet</name>
         <value>0x7965</value>
         <object_component_ref idref="oc-c5"/>
      </symbol>
      <symbol id="sm-afa">
         <name>TimerRTCDisable</name>
         <value>0x7629</value>
         <object_component_ref idref="oc-c5"/>
      </symbol>
      <symbol id="sm-afb">
         <name>TimerADCEventGet</name>
         <value>0x7945</value>
         <object_component_ref idref="oc-c5"/>
      </symbol>
      <symbol id="sm-afc">
         <name>TimerPrescaleMatchSet</name>
         <value>0x76bf</value>
         <object_component_ref idref="oc-c5"/>
      </symbol>
      <symbol id="sm-afd">
         <name>TimerControlWaitOnTrigger</name>
         <value>0x75b3</value>
         <object_component_ref idref="oc-c5"/>
      </symbol>
      <symbol id="sm-afe">
         <name>TimerConfigure</name>
         <value>0x7433</value>
         <object_component_ref idref="oc-c5"/>
      </symbol>
      <symbol id="sm-aff">
         <name>TimerControlEvent</name>
         <value>0x7553</value>
         <object_component_ref idref="oc-c5"/>
      </symbol>
      <symbol id="sm-b00">
         <name>TimerIntClear</name>
         <value>0x790f</value>
         <object_component_ref idref="oc-c5"/>
      </symbol>
      <symbol id="sm-b01">
         <name>TimerSynchronize</name>
         <value>0x7921</value>
         <object_component_ref idref="oc-c5"/>
      </symbol>
      <symbol id="sm-b74">
         <name>UARTClockSourceGet</name>
         <value>0x7f37</value>
         <object_component_ref idref="oc-f9"/>
      </symbol>
      <symbol id="sm-b75">
         <name>UARTCharPutNonBlocking</name>
         <value>0x7da9</value>
         <object_component_ref idref="oc-f9"/>
      </symbol>
      <symbol id="sm-b76">
         <name>UARTDMAEnable</name>
         <value>0x7ed1</value>
         <object_component_ref idref="oc-f9"/>
      </symbol>
      <symbol id="sm-b77">
         <name>UARTTxIntModeSet</name>
         <value>0x7d0d</value>
         <object_component_ref idref="oc-f9"/>
      </symbol>
      <symbol id="sm-b78">
         <name>UARTFIFODisable</name>
         <value>0x7bbb</value>
         <object_component_ref idref="oc-f9"/>
      </symbol>
      <symbol id="sm-b79">
         <name>UARTIntUnregister</name>
         <value>0x7e51</value>
         <object_component_ref idref="oc-f9"/>
      </symbol>
      <symbol id="sm-b7a">
         <name>UARTRxErrorClear</name>
         <value>0x7f13</value>
         <object_component_ref idref="oc-f9"/>
      </symbol>
      <symbol id="sm-b7b">
         <name>UARTModemControlSet</name>
         <value>0x7c5d</value>
         <object_component_ref idref="oc-f9"/>
      </symbol>
      <symbol id="sm-b7c">
         <name>UARTFlowControlSet</name>
         <value>0x7cdf</value>
         <object_component_ref idref="oc-f9"/>
      </symbol>
      <symbol id="sm-b7d">
         <name>UARTConfigSetExpClk</name>
         <value>0x7a95</value>
         <object_component_ref idref="oc-f9"/>
      </symbol>
      <symbol id="sm-b7e">
         <name>UARTSmartCardDisable</name>
         <value>0x7c47</value>
         <object_component_ref idref="oc-f9"/>
      </symbol>
      <symbol id="sm-b7f">
         <name>UARTDisable</name>
         <value>0x7b7b</value>
         <object_component_ref idref="oc-f9"/>
      </symbol>
      <symbol id="sm-b80">
         <name>UART9BitDisable</name>
         <value>0x7f5d</value>
         <object_component_ref idref="oc-f9"/>
      </symbol>
      <symbol id="sm-b81">
         <name>UARTFIFOLevelGet</name>
         <value>0x7a6d</value>
         <object_component_ref idref="oc-f9"/>
      </symbol>
      <symbol id="sm-b82">
         <name>UARTBusy</name>
         <value>0x7e15</value>
         <object_component_ref idref="oc-f9"/>
      </symbol>
      <symbol id="sm-b83">
         <name>UARTDisableSIR</name>
         <value>0x7bff</value>
         <object_component_ref idref="oc-f9"/>
      </symbol>
      <symbol id="sm-b84">
         <name>UARTLoopbackEnable</name>
         <value>0x7fe1</value>
         <object_component_ref idref="oc-f9"/>
      </symbol>
      <symbol id="sm-b85">
         <name>UARTIntEnable</name>
         <value>0x7e71</value>
         <object_component_ref idref="oc-f9"/>
      </symbol>
      <symbol id="sm-b86">
         <name>UARTCharsAvail</name>
         <value>0x7d3b</value>
         <object_component_ref idref="oc-f9"/>
      </symbol>
      <symbol id="sm-b87">
         <name>UARTCharGetNonBlocking</name>
         <value>0x7d77</value>
         <object_component_ref idref="oc-f9"/>
      </symbol>
      <symbol id="sm-b88">
         <name>UARTClockSourceSet</name>
         <value>0x7f23</value>
         <object_component_ref idref="oc-f9"/>
      </symbol>
      <symbol id="sm-b89">
         <name>UARTTxIntModeGet</name>
         <value>0x7d29</value>
         <object_component_ref idref="oc-f9"/>
      </symbol>
      <symbol id="sm-b8a">
         <name>UARTModemStatusGet</name>
         <value>0x7ccb</value>
         <object_component_ref idref="oc-f9"/>
      </symbol>
      <symbol id="sm-b8b">
         <name>UARTIntDisable</name>
         <value>0x7e89</value>
         <object_component_ref idref="oc-f9"/>
      </symbol>
      <symbol id="sm-b8c">
         <name>UARTCharPut</name>
         <value>0x7dcd</value>
         <object_component_ref idref="oc-f9"/>
      </symbol>
      <symbol id="sm-b8d">
         <name>UARTParityModeSet</name>
         <value>0x7a27</value>
         <object_component_ref idref="oc-f9"/>
      </symbol>
      <symbol id="sm-b8e">
         <name>UARTRxErrorGet</name>
         <value>0x7f01</value>
         <object_component_ref idref="oc-f9"/>
      </symbol>
      <symbol id="sm-b8f">
         <name>UARTConfigGetExpClk</name>
         <value>0x7b0b</value>
         <object_component_ref idref="oc-f9"/>
      </symbol>
      <symbol id="sm-b90">
         <name>UARTEnableSIR</name>
         <value>0x7bd1</value>
         <object_component_ref idref="oc-f9"/>
      </symbol>
      <symbol id="sm-b91">
         <name>UARTEnable</name>
         <value>0x7b57</value>
         <object_component_ref idref="oc-f9"/>
      </symbol>
      <symbol id="sm-b92">
         <name>UART9BitAddrSend</name>
         <value>0x7f99</value>
         <object_component_ref idref="oc-f9"/>
      </symbol>
      <symbol id="sm-b93">
         <name>UARTModemControlGet</name>
         <value>0x7cb9</value>
         <object_component_ref idref="oc-f9"/>
      </symbol>
      <symbol id="sm-b94">
         <name>UARTSmartCardEnable</name>
         <value>0x7c15</value>
         <object_component_ref idref="oc-f9"/>
      </symbol>
      <symbol id="sm-b95">
         <name>UARTFlowControlGet</name>
         <value>0x7cfb</value>
         <object_component_ref idref="oc-f9"/>
      </symbol>
      <symbol id="sm-b96">
         <name>UARTFIFOEnable</name>
         <value>0x7ba5</value>
         <object_component_ref idref="oc-f9"/>
      </symbol>
      <symbol id="sm-b97">
         <name>UARTIntClear</name>
         <value>0x7ebf</value>
         <object_component_ref idref="oc-f9"/>
      </symbol>
      <symbol id="sm-b98">
         <name>UARTIntStatus</name>
         <value>0x7ea1</value>
         <object_component_ref idref="oc-f9"/>
      </symbol>
      <symbol id="sm-b99">
         <name>UARTDMADisable</name>
         <value>0x7ee9</value>
         <object_component_ref idref="oc-f9"/>
      </symbol>
      <symbol id="sm-b9a">
         <name>UART9BitEnable</name>
         <value>0x7f47</value>
         <object_component_ref idref="oc-f9"/>
      </symbol>
      <symbol id="sm-b9b">
         <name>UARTSpaceAvail</name>
         <value>0x7d59</value>
         <object_component_ref idref="oc-f9"/>
      </symbol>
      <symbol id="sm-b9c">
         <name>UARTCharGet</name>
         <value>0x7d93</value>
         <object_component_ref idref="oc-f9"/>
      </symbol>
      <symbol id="sm-b9d">
         <name>UARTFIFOLevelSet</name>
         <value>0x7a55</value>
         <object_component_ref idref="oc-f9"/>
      </symbol>
      <symbol id="sm-b9e">
         <name>UARTModemControlClear</name>
         <value>0x7c95</value>
         <object_component_ref idref="oc-f9"/>
      </symbol>
      <symbol id="sm-b9f">
         <name>UARTParityModeGet</name>
         <value>0x7a43</value>
         <object_component_ref idref="oc-f9"/>
      </symbol>
      <symbol id="sm-ba0">
         <name>UARTIntRegister</name>
         <value>0x7e33</value>
         <object_component_ref idref="oc-f9"/>
      </symbol>
      <symbol id="sm-ba1">
         <name>UARTBreakCtl</name>
         <value>0x7deb</value>
         <object_component_ref idref="oc-f9"/>
      </symbol>
      <symbol id="sm-ba2">
         <name>UART9BitAddrSet</name>
         <value>0x7f73</value>
         <object_component_ref idref="oc-f9"/>
      </symbol>
      <symbol id="sm-bc1">
         <name>GetOverflowCounts</name>
         <value>0xa5d5</value>
         <object_component_ref idref="oc-18d"/>
      </symbol>
      <symbol id="sm-bc2">
         <name>vConfigureTimerForRunTimeStats</name>
         <value>0xa16d</value>
         <object_component_ref idref="oc-184"/>
      </symbol>
      <symbol id="sm-cb9">
         <name>UARTTxBytesFree</name>
         <value>0x517b</value>
         <object_component_ref idref="oc-3e"/>
      </symbol>
      <symbol id="sm-cba">
         <name>UARTFlushRx</name>
         <value>0x5187</value>
         <object_component_ref idref="oc-3e"/>
      </symbol>
      <symbol id="sm-cbb">
         <name>UARTgetc</name>
         <value>0x4e29</value>
         <object_component_ref idref="oc-3e"/>
      </symbol>
      <symbol id="sm-cbc">
         <name>UARTgets</name>
         <value>0x4a11</value>
         <object_component_ref idref="oc-3e"/>
      </symbol>
      <symbol id="sm-cbd">
         <name>UARTFlushTx</name>
         <value>0x5195</value>
         <object_component_ref idref="oc-3e"/>
      </symbol>
      <symbol id="sm-cbe">
         <name>UARTStdioConfig</name>
         <value>0x4897</value>
         <object_component_ref idref="oc-3e"/>
      </symbol>
      <symbol id="sm-cbf">
         <name>UARTStdioIntHandler</name>
         <value>0x51e3</value>
         <object_component_ref idref="oc-3e"/>
      </symbol>
      <symbol id="sm-cc0">
         <name>UARTRxBytesAvail</name>
         <value>0x516f</value>
         <object_component_ref idref="oc-3e"/>
      </symbol>
      <symbol id="sm-cc1">
         <name>UARTwrite</name>
         <value>0x497d</value>
         <object_component_ref idref="oc-3e"/>
      </symbol>
      <symbol id="sm-cc2">
         <name>UARTEchoSet</name>
         <value>0x51bb</value>
         <object_component_ref idref="oc-3e"/>
      </symbol>
      <symbol id="sm-cc3">
         <name>UARTprintf</name>
         <value>0x514b</value>
         <object_component_ref idref="oc-3e"/>
      </symbol>
      <symbol id="sm-cc4">
         <name>UARTvprintf</name>
         <value>0x4e51</value>
         <object_component_ref idref="oc-3e"/>
      </symbol>
      <symbol id="sm-ceb">
         <name>sprintf</name>
         <value>0xa4b5</value>
         <object_component_ref idref="oc-1a9"/>
      </symbol>
      <symbol id="sm-d07">
         <name>memcpy</name>
         <value>0x9e47</value>
         <object_component_ref idref="oc-58"/>
      </symbol>
      <symbol id="sm-d08">
         <name>__aeabi_memcpy</name>
         <value>0x9e47</value>
         <object_component_ref idref="oc-58"/>
      </symbol>
      <symbol id="sm-d09">
         <name>__aeabi_memcpy8</name>
         <value>0x9e47</value>
         <object_component_ref idref="oc-58"/>
      </symbol>
      <symbol id="sm-d0a">
         <name>__aeabi_memcpy4</name>
         <value>0x9e47</value>
         <object_component_ref idref="oc-58"/>
      </symbol>
      <symbol id="sm-d19">
         <name>__aeabi_uidivmod</name>
         <value>0xa475</value>
         <object_component_ref idref="oc-114"/>
      </symbol>
      <symbol id="sm-d1a">
         <name>__aeabi_uidiv</name>
         <value>0xa475</value>
         <object_component_ref idref="oc-114"/>
      </symbol>
      <symbol id="sm-d29">
         <name>__aeabi_memset</name>
         <value>0xa087</value>
         <object_component_ref idref="oc-14a"/>
      </symbol>
      <symbol id="sm-d2a">
         <name>memset</name>
         <value>0xa08d</value>
         <object_component_ref idref="oc-14a"/>
      </symbol>
      <symbol id="sm-d2b">
         <name>__aeabi_memset8</name>
         <value>0xa087</value>
         <object_component_ref idref="oc-14a"/>
      </symbol>
      <symbol id="sm-d2c">
         <name>__aeabi_memset4</name>
         <value>0xa087</value>
         <object_component_ref idref="oc-14a"/>
      </symbol>
      <symbol id="sm-d2d">
         <name>__aeabi_memclr8</name>
         <value>0xa085</value>
         <object_component_ref idref="oc-14a"/>
      </symbol>
      <symbol id="sm-d2e">
         <name>__aeabi_memclr4</name>
         <value>0xa085</value>
         <object_component_ref idref="oc-14a"/>
      </symbol>
      <symbol id="sm-d2f">
         <name>__aeabi_memclr</name>
         <value>0xa085</value>
         <object_component_ref idref="oc-14a"/>
      </symbol>
      <symbol id="sm-d41">
         <name>__TI_zero_init</name>
         <value>0xa6a5</value>
         <object_component_ref idref="oc-6a"/>
      </symbol>
      <symbol id="sm-d58">
         <name>__TI_decompress_none</name>
         <value>0xa697</value>
         <object_component_ref idref="oc-1b"/>
      </symbol>
      <symbol id="sm-d7b">
         <name>__TI_decompress_lzss</name>
         <value>0xa1d5</value>
         <object_component_ref idref="oc-15"/>
      </symbol>
      <symbol id="sm-d8a">
         <name>strcpy</name>
         <value>0xa65d</value>
         <object_component_ref idref="oc-19d"/>
      </symbol>
      <symbol id="sm-d98">
         <name>strlen</name>
         <value>0xa671</value>
         <object_component_ref idref="oc-1a3"/>
      </symbol>
      <symbol id="sm-dab">
         <name>__stack</name>
         <value>0x200056f0</value>
         <object_component_ref idref="oc-24"/>
      </symbol>
      <symbol id="sm-dac">
         <name>_c_int00_noargs</name>
         <value>0xa571</value>
         <object_component_ref idref="oc-76"/>
      </symbol>
      <symbol id="sm-f11">
         <name>__TI_printfi</name>
         <value>0x52ed</value>
         <object_component_ref idref="oc-2f1"/>
      </symbol>
      <symbol id="sm-f31">
         <name>frexpl</name>
         <value>0xa23d</value>
         <object_component_ref idref="oc-43f"/>
      </symbol>
      <symbol id="sm-f32">
         <name>frexp</name>
         <value>0xa23d</value>
         <object_component_ref idref="oc-43f"/>
      </symbol>
      <symbol id="sm-f4f">
         <name>scalbn</name>
         <value>0x9aad</value>
         <object_component_ref idref="oc-445"/>
      </symbol>
      <symbol id="sm-f50">
         <name>scalbnl</name>
         <value>0x9aad</value>
         <object_component_ref idref="oc-445"/>
      </symbol>
      <symbol id="sm-f51">
         <name>ldexpl</name>
         <value>0x9aad</value>
         <object_component_ref idref="oc-445"/>
      </symbol>
      <symbol id="sm-f52">
         <name>ldexp</name>
         <value>0x9aad</value>
         <object_component_ref idref="oc-445"/>
      </symbol>
      <symbol id="sm-f6b">
         <name>wcslen</name>
         <value>0xa685</value>
         <object_component_ref idref="oc-3b7"/>
      </symbol>
      <symbol id="sm-f75">
         <name>__aeabi_idiv0</name>
         <value>0x5d3b</value>
         <object_component_ref idref="oc-261"/>
      </symbol>
      <symbol id="sm-f76">
         <name>__aeabi_ldiv0</name>
         <value>0x5d3b</value>
         <object_component_ref idref="oc-261"/>
      </symbol>
      <symbol id="sm-f8d">
         <name>__aeabi_dsub</name>
         <value>0x92e5</value>
         <object_component_ref idref="oc-41f"/>
      </symbol>
      <symbol id="sm-f8e">
         <name>__aeabi_dadd</name>
         <value>0x92ef</value>
         <object_component_ref idref="oc-41f"/>
      </symbol>
      <symbol id="sm-fb0">
         <name>__aeabi_cdcmpeq</name>
         <value>0x9f79</value>
         <object_component_ref idref="oc-394"/>
      </symbol>
      <symbol id="sm-fb1">
         <name>__aeabi_cdcmple</name>
         <value>0x9f79</value>
         <object_component_ref idref="oc-394"/>
      </symbol>
      <symbol id="sm-fb2">
         <name>__aeabi_cdrcmple</name>
         <value>0x9fff</value>
         <object_component_ref idref="oc-40a"/>
      </symbol>
      <symbol id="sm-fc6">
         <name>__aeabi_ddiv</name>
         <value>0x9729</value>
         <object_component_ref idref="oc-405"/>
      </symbol>
      <symbol id="sm-fd1">
         <name>__aeabi_dmul</name>
         <value>0x9bbd</value>
         <object_component_ref idref="oc-400"/>
      </symbol>
      <symbol id="sm-fdb">
         <name>__aeabi_d2iz</name>
         <value>0xa3e9</value>
         <object_component_ref idref="oc-40f"/>
      </symbol>
      <symbol id="sm-fe5">
         <name>__aeabi_i2d</name>
         <value>0xa5a5</value>
         <object_component_ref idref="oc-41a"/>
      </symbol>
      <symbol id="sm-ff2">
         <name>__aeabi_uldivmod</name>
         <value>0x9ee3</value>
         <object_component_ref idref="oc-3f9"/>
      </symbol>
      <symbol id="sm-101a">
         <name>__TI_auto_init_nobinit_nopinit</name>
         <value>0xa431</value>
         <object_component_ref idref="oc-291"/>
      </symbol>
      <symbol id="sm-1024">
         <name>_system_pre_init</name>
         <value>0xa6d7</value>
         <object_component_ref idref="oc-150"/>
      </symbol>
      <symbol id="sm-1030">
         <name>C$$EXIT</name>
         <value>0xa6db</value>
         <object_component_ref idref="oc-285"/>
      </symbol>
      <symbol id="sm-1031">
         <name>abort</name>
         <value>0xa6db</value>
         <object_component_ref idref="oc-285"/>
      </symbol>
      <symbol id="sm-1041">
         <name>__TI_ltoa</name>
         <value>0xa2f7</value>
         <object_component_ref idref="oc-414"/>
      </symbol>
      <symbol id="sm-1058">
         <name>atoi</name>
         <value>0xa39d</value>
         <object_component_ref idref="oc-388"/>
      </symbol>
      <symbol id="sm-1063">
         <name>_ctypes_</name>
         <value>0xa890</value>
         <object_component_ref idref="oc-3f4"/>
      </symbol>
      <symbol id="sm-1073">
         <name>memccpy</name>
         <value>0xa5f9</value>
         <object_component_ref idref="oc-3b1"/>
      </symbol>
      <symbol id="sm-1083">
         <name>strchr</name>
         <value>0xa647</value>
         <object_component_ref idref="oc-44b"/>
      </symbol>
      <symbol id="sm-1099">
         <name>__aeabi_errno_addr</name>
         <value>0xa6c9</value>
         <object_component_ref idref="oc-3bd"/>
      </symbol>
      <symbol id="sm-109a">
         <name>errno</name>
         <value>0x200059a0</value>
         <object_component_ref idref="oc-45b"/>
      </symbol>
      <symbol id="sm-10a4">
         <name>copysign</name>
         <value>0xa615</value>
         <object_component_ref idref="oc-499"/>
      </symbol>
      <symbol id="sm-10a5">
         <name>copysignl</name>
         <value>0xa615</value>
         <object_component_ref idref="oc-499"/>
      </symbol>
      <symbol id="sm-10a6">
         <name>__TI_static_base__</name>
         <value>0x0</value>
      </symbol>
      <symbol id="sm-10a9">
         <name>__mpu_init</name>
         <value>0x0</value>
      </symbol>
      <symbol id="sm-10aa">
         <name>_system_post_cinit</name>
         <value>0x0</value>
      </symbol>
   </symbol_table>
   <title>Link successful</title>
</link_info>
