******************************************************************************
                  TI ARM Linker PC v20.2.5                     
******************************************************************************
>> Linked Tue Dec 20 14:28:55 2022

OUTPUT FILE NAME:   <MiniSumo.out>
ENTRY POINT SYMBOL: "_c_int00_noargs"  address: 0000a8fd


MEMORY CONFIGURATION

         name            origin    length      used     unused   attr    fill
----------------------  --------  ---------  --------  --------  ----  --------
  FLASH                 00000000   00040000  0000b2f2  00034d0e  R  X
  SRAM                  20000000   00008000  000059af  00002651  RW X


SEGMENT ALLOCATION MAP

run origin  load origin   length   init length attrs members
----------  ----------- ---------- ----------- ----- -------
00000000    00000000    0000b2f8   0000b2f8    r-x
  00000000    00000000    0000026c   0000026c    r-- .intvecs
  0000026c    0000026c    0000a7fe   0000a7fe    r-x .text
  0000aa6c    0000aa6c    000007f0   000007f0    r-- .const
  0000b260    0000b260    00000098   00000098    r-- .cinit
20000000    20000000    000059af   00000000    rw-
  20000000    20000000    0000026c   00000000    rw- .vtable
  2000026c    2000026c    00005484   00000000    rw- .bss
  200056f0    200056f0    00000200   00000000    rw- .stack
  200058f0    200058f0    000000bf   00000000    rw- .data


SECTION ALLOCATION MAP

 output                                  attributes/
section   page    origin      length       input sections
--------  ----  ----------  ----------   ----------------
.intvecs   0    00000000    0000026c     
                  00000000    0000026c     startup_ccs.obj (.intvecs)

.text      0    0000026c    0000a7fe     
                  0000026c    00001d1c     tasks.obj (.text)
                  00001f88    00000f80     sysctl.obj (.text)
                  00002f08    00000d20     queue.obj (.text)
                  00003c28    00000c14     gpio.obj (.text)
                  0000483c    00000ab0     uartstdio.obj (.text)
                  000052ec    00000a4e     rtsv7M4_T_le_v4SPD16_eabi.lib : _printfi.c.obj (.text:__TI_printfi)
                  00005d3a    00000002                                   : div0.asm.obj (.text)
                  00005d3c    00000840     adc.obj (.text)
                  0000657c    00000788     main.obj (.text)
                  00006d04    00000718     pwm.obj (.text)
                  0000741c    000006f0     timers.obj (.text)
                  00007b0c    00000642     timer.obj (.text)
                  0000814e    00000002     --HOLE-- [fill = 0]
                  00008150    0000062e     uart.obj (.text)
                  0000877e    00000002     --HOLE-- [fill = 0]
                  00008780    000003c0     interrupt.obj (.text)
                  00008b40    000003a0     heap_4.obj (.text)
                  00008ee0    00000270     rtsv7M4_T_le_v4SPD16_eabi.lib : _printfi.c.obj (.text:_pconv_a)
                  00009150    00000228     configADC.obj (.text)
                  00009378    000001d0     rtsv7M4_T_le_v4SPD16_eabi.lib : _printfi.c.obj (.text:_pconv_g)
                  00009548    000001b6                                   : fd_add_t2.asm.obj (.text)
                  000096fe    00000002     --HOLE-- [fill = 0]
                  00009700    00000150     port.obj (.text)
                  00009850    0000013c     rtsv7M4_T_le_v4SPD16_eabi.lib : _printfi.c.obj (.text:_pconv_e)
                  0000998c    00000136                                   : fd_div_t2.asm.obj (.text)
                  00009ac2    0000012a     list.obj (.text)
                  00009bec    00000128     buttons.obj (.text)
                  00009d14    00000124     rtsv7M4_T_le_v4SPD16_eabi.lib : _printfi.c.obj (.text:fcvt)
                  00009e38    00000110                                   : s_scalbn.c.obj (.text:scalbn)
                  00009f48    000000fc                                   : fd_mul_t2.asm.obj (.text)
                  0000a044    000000da     portasm.obj (.text)
                  0000a11e    00000002     --HOLE-- [fill = 0]
                  0000a120    000000b1     rtsv7M4_T_le_v4SPD16_eabi.lib : _printfi.c.obj (.text:_ltostr)
                  0000a1d1    00000001     --HOLE-- [fill = 0]
                  0000a1d2    0000009c                                   : memcpy_t2.asm.obj (.text)
                  0000a26e    00000096                                   : ull_div_t2.asm.obj (.text)
                  0000a304    00000086                                   : fd_cmp_t2.asm.obj (.text:__aeabi_cdcmple)
                  0000a38a    00000086                                   : fd_cmp_t2.asm.obj (.text:__aeabi_cdrcmple)
                  0000a410    0000007a                                   : memset_t2.asm.obj (.text)
                  0000a48a    0000006e                                   : _printfi.c.obj (.text:_mcpy)
                  0000a4f8    00000068     RunTimeStatsConfig.obj (.text)
                  0000a560    00000068     rtsv7M4_T_le_v4SPD16_eabi.lib : copy_decompress_lzss.c.obj (.text:decompress:lzss:__TI_decompress_lzss)
                  0000a5c8    00000064                                   : s_frexp.c.obj (.text:frexp)
                  0000a62c    00000056                                   : _printfi.c.obj (.text:_pconv_f)
                  0000a682    00000054                                   : _ltoa.c.obj (.text:__TI_ltoa)
                  0000a6d6    00000052                                   : _printfi.c.obj (.text:_ecpy)
                  0000a728    0000004c                                   : atoi.c.obj (.text:atoi)
                  0000a774    00000048                                   : fd_toi_t2.asm.obj (.text)
                  0000a7bc    00000044                                   : autoinit.c.obj (.text:__TI_auto_init_nobinit_nopinit:__TI_auto_init_nobinit_nopinit)
                  0000a800    00000040                                   : u_divt2.asm.obj (.text)
                  0000a840    00000040                                   : sprintf.c.obj (.text:sprintf)
                  0000a880    0000003e                                   : _printfi.c.obj (.text:_fcpy)
                  0000a8be    0000003e     cpu.obj (.text)
                  0000a8fc    00000034     rtsv7M4_T_le_v4SPD16_eabi.lib : boot_cortex_m.c.obj (.text:_c_int00_noargs:_c_int00_noargs)
                  0000a930    0000002e                                   : i_tofd_t2.asm.obj (.text)
                  0000a95e    00000002     --HOLE-- [fill = 0]
                  0000a960    00000024     RunTimeStatsConfig.obj (.text:GetOverflowCounts)
                  0000a984    0000001c     rtsv7M4_T_le_v4SPD16_eabi.lib : memccpy.c.obj (.text:memccpy)
                  0000a9a0    0000001a                                   : s_copysign.c.obj (.text:copysign)
                  0000a9ba    00000018                                   : sprintf.c.obj (.text:_outs)
                  0000a9d2    00000016                                   : strchr.c.obj (.text:strchr)
                  0000a9e8    00000014                                   : strcpy.c.obj (.text:strcpy)
                  0000a9fc    00000014                                   : strlen.c.obj (.text:strlen)
                  0000aa10    00000012                                   : wcslen.c.obj (.text:wcslen)
                  0000aa22    0000000e                                   : copy_decompress_none.c.obj (.text:decompress:none:__TI_decompress_none)
                  0000aa30    0000000c                                   : copy_zero_init.c.obj (.text:decompress:ZI:__TI_zero_init)
                  0000aa3c    0000000c     startup_ccs.obj (.text)
                  0000aa48    0000000a     rtsv7M4_T_le_v4SPD16_eabi.lib : sprintf.c.obj (.text:_outc)
                  0000aa52    00000002     --HOLE-- [fill = 0]
                  0000aa54    00000008                                   : errno.c.obj (.text:__aeabi_errno_addr)
                  0000aa5c    00000006     sysctl.obj (.text:SysCtlDelay)
                  0000aa62    00000004     rtsv7M4_T_le_v4SPD16_eabi.lib : pre_init.c.obj (.text:_system_pre_init)
                  0000aa66    00000004                                   : exit.c.obj (.text:abort:abort)

.const     0    0000aa6c    000007f0     
                  0000aa6c    000001b0     sysctl.obj (.const:g_pppui32XTALtoVCO)
                  0000ac1c    00000101     rtsv7M4_T_le_v4SPD16_eabi.lib : ctype.c.obj (.const:.string:_ctypes_)
                  0000ad1d    00000003     --HOLE-- [fill = 0]
                  0000ad20    000000d8     gpio.obj (.const:g_ppui32GPIOIntMapSnowflake)
                  0000adf8    000000c0     gpio.obj (.const:g_ppui32GPIOIntMapBlizzard)
                  0000aeb8    0000009c     interrupt.obj (.const:g_pui32Regs)
                  0000af54    00000090     gpio.obj (.const:g_pui32GPIOBaseAddrs)
                  0000afe4    0000006c     sysctl.obj (.const:g_pui32Xtals)
                  0000b050    00000060     timer.obj (.const:g_ppui32TimerIntMap)
                  0000b0b0    00000040     timer.obj (.const:g_ppui32TimerIntMapSnowflake)
                  0000b0f0    00000040     uart.obj (.const:g_ppui32UARTIntMap)
                  0000b130    00000040     uart.obj (.const:g_ppui32UARTIntMapSnowflake)
                  0000b170    00000030     sysctl.obj (.const:g_sXTALtoMEMTIM)
                  0000b1a0    00000020     interrupt.obj (.const:g_pui32Priority)
                  0000b1c0    00000014     interrupt.obj (.const:g_pui32Dii16Regs)
                  0000b1d4    00000014     interrupt.obj (.const:g_pui32EnRegs)
                  0000b1e8    00000014     interrupt.obj (.const:g_pui32PendRegs)
                  0000b1fc    00000014     interrupt.obj (.const:g_pui32UnpendRegs)
                  0000b210    00000012     uartstdio.obj (.const:.string)
                  0000b222    00000002     --HOLE-- [fill = 0]
                  0000b224    0000000c     uartstdio.obj (.const:g_ui32UARTBase)
                  0000b230    0000000c     uartstdio.obj (.const:g_ui32UARTInt)
                  0000b23c    0000000c     uartstdio.obj (.const:g_ui32UARTPeriph)
                  0000b248    00000008     sysctl.obj (.const:g_pui32VCOFrequencies)
                  0000b250    00000004     port.obj (.const)
                  0000b254    00000004     tasks.obj (.const)
                  0000b258    00000004     uartstdio.obj (.const)

.cinit     0    0000b260    00000098     
                  0000b260    0000005e     (.cinit..data.load) [load image, compression = lzss]
                  0000b2be    00000002     --HOLE-- [fill = 0]
                  0000b2c0    0000000c     (__TI_handler_table)
                  0000b2cc    00000004     --HOLE-- [fill = 0]
                  0000b2d0    00000008     (.cinit..bss.load) [load image, compression = zero_init]
                  0000b2d8    00000008     (.cinit..vtable.load) [load image, compression = zero_init]
                  0000b2e0    00000018     (__TI_cinit_table)

.init_array 
*          0    00000000    00000000     UNINITIALIZED

.vtable    0    20000000    0000026c     UNINITIALIZED
                  20000000    0000026c     interrupt.obj (.vtable)

.bss       0    2000026c    00005484     UNINITIALIZED
                  2000026c    00005000     heap_4.obj (.bss:ucHeap)
                  2000526c    00000200     uartstdio.obj (.bss:g_pcUARTRxHistoryBuffer)
                  2000546c    00000140     tasks.obj (.bss:pxReadyTasksLists)
                  200055ac    00000050     (.common:xQueueRegistry)
                  200055fc    00000020     uartstdio.obj (.bss:g_usUARTRxHistoryOffset)
                  2000561c    00000014     timers.obj (.bss:xActiveTimerList1)
                  20005630    00000014     timers.obj (.bss:xActiveTimerList2)
                  20005644    00000014     tasks.obj (.bss:xDelayedTaskList1)
                  20005658    00000014     tasks.obj (.bss:xDelayedTaskList2)
                  2000566c    00000014     tasks.obj (.bss:xPendingReadyList)
                  20005680    00000014     tasks.obj (.bss:xSuspendedTaskList)
                  20005694    00000014     tasks.obj (.bss:xTasksWaitingTermination)
                  200056a8    00000010     uartstdio.obj (.bss)
                  200056b8    00000008     configADC.obj (.bss)
                  200056c0    00000008     adc.obj (.bss:g_pui8OversampleFactor)
                  200056c8    00000008     tasks.obj (.bss)
                  200056d0    00000008     timers.obj (.bss)
                  200056d8    00000008     heap_4.obj (.bss:xStart)
                  200056e0    00000004     (.common:TimerAtras)
                  200056e4    00000004     (.common:TimerGiro)
                  200056e8    00000004     (.common:TimerInit)
                  200056ec    00000004     (.common:TimerSharp)

.data      0    200058f0    000000bf     UNINITIALIZED
                  200058f0    0000003c     tasks.obj (.data)
                  2000592c    0000001e     main.obj (.data:LUT_ADC)
                  2000594a    0000001e     main.obj (.data:centimetros)
                  20005968    00000018     heap_4.obj (.data)
                  20005980    0000000c     main.obj (.data)
                  2000598c    0000000c     timers.obj (.data)
                  20005998    0000000c     uartstdio.obj (.data)
                  200059a4    00000004     port.obj (.data)
                  200059a8    00000004     rtsv7M4_T_le_v4SPD16_eabi.lib : errno.c.obj (.data)
                  200059ac    00000003     buttons.obj (.data)

.stack     0    200056f0    00000200     UNINITIALIZED
                  200056f0    00000004     rtsv7M4_T_le_v4SPD16_eabi.lib : boot_cortex_m.c.obj (.stack)
                  200056f4    000001fc     --HOLE--

__llvm_prf_cnts 
*          0    20000000    00000000     UNINITIALIZED

MODULE SUMMARY

       Module                       code    ro data   rw data
       ------                       ----    -------   -------
    .\
       main.obj                     1928    0         88     
       startup_ccs.obj              12      620       0      
       configADC.obj                552     0         8      
    +--+----------------------------+-------+---------+---------+
       Total:                       2492    620       96     
                                                             
    .\FreeRTOS\Source\
       tasks.obj                    7452    4         488    
       queue.obj                    3360    0         80     
       timers.obj                   1776    0         60     
       list.obj                     298     0         0      
    +--+----------------------------+-------+---------+---------+
       Total:                       12886   4         628    
                                                             
    .\FreeRTOS\Source\portable\CCS\ARM_CM4F\
       port.obj                     336     4         4      
       portasm.obj                  218     0         0      
    +--+----------------------------+-------+---------+---------+
       Total:                       554     4         4      
                                                             
    .\FreeRTOS\Source\portable\MemMang\
       heap_4.obj                   928     0         20512  
    +--+----------------------------+-------+---------+---------+
       Total:                       928     0         20512  
                                                             
    .\driverlib\
       sysctl.obj                   3974    596       0      
       gpio.obj                     3092    552       0      
       adc.obj                      2112    0         8      
       interrupt.obj                960     268       620    
       pwm.obj                      1816    0         0      
       timer.obj                    1602    160       0      
       uart.obj                     1582    128       0      
       cpu.obj                      62      0         0      
    +--+----------------------------+-------+---------+---------+
       Total:                       15200   1704      628    
                                                             
    .\drivers\
       buttons.obj                  296     0         3      
    +--+----------------------------+-------+---------+---------+
       Total:                       296     0         3      
                                                             
    .\utils\
       uartstdio.obj                2736    58        572    
       RunTimeStatsConfig.obj       140     0         0      
    +--+----------------------------+-------+---------+---------+
       Total:                       2876    58        572    
                                                             
    C:\ti\ccs1110\ccs\tools\compiler\ti-cgt-arm_20.2.5.LTS\lib\rtsv7M4_T_le_v4SPD16_eabi.lib
       _printfi.c.obj               4851    0         0      
       fd_add_t2.asm.obj            438     0         0      
       fd_div_t2.asm.obj            310     0         0      
       s_scalbn.c.obj               272     0         0      
       fd_cmp_t2.asm.obj            268     0         0      
       ctype.c.obj                  0       257       0      
       fd_mul_t2.asm.obj            252     0         0      
       memcpy_t2.asm.obj            156     0         0      
       ull_div_t2.asm.obj           150     0         0      
       memset_t2.asm.obj            122     0         0      
       copy_decompress_lzss.c.obj   104     0         0      
       s_frexp.c.obj                100     0         0      
       sprintf.c.obj                98      0         0      
       _ltoa.c.obj                  84      0         0      
       atoi.c.obj                   76      0         0      
       fd_toi_t2.asm.obj            72      0         0      
       autoinit.c.obj               68      0         0      
       u_divt2.asm.obj              64      0         0      
       boot_cortex_m.c.obj          52      0         0      
       i_tofd_t2.asm.obj            46      0         0      
       memccpy.c.obj                28      0         0      
       s_copysign.c.obj             26      0         0      
       strchr.c.obj                 22      0         0      
       strcpy.c.obj                 20      0         0      
       strlen.c.obj                 20      0         0      
       wcslen.c.obj                 18      0         0      
       copy_decompress_none.c.obj   14      0         0      
       copy_zero_init.c.obj         12      0         0      
       errno.c.obj                  8       0         4      
       exit.c.obj                   4       0         0      
       pre_init.c.obj               4       0         0      
       div0.asm.obj                 2       0         0      
    +--+----------------------------+-------+---------+---------+
       Total:                       7761    257       4      
                                                             
       Stack:                       0       0         512    
       Linker Generated:            0       146       0      
    +--+----------------------------+-------+---------+---------+
       Grand Total:                 42993   2793      22959  


LINKER GENERATED COPY TABLES

__TI_cinit_table @ 0000b2e0 records: 3, size/record: 8, table size: 24
	.data: load addr=0000b260, load size=0000005e bytes, run addr=200058f0, run size=000000bf bytes, compression=lzss
	.bss: load addr=0000b2d0, load size=00000008 bytes, run addr=2000026c, run size=00005484 bytes, compression=zero_init
	.vtable: load addr=0000b2d8, load size=00000008 bytes, run addr=20000000, run size=0000026c bytes, compression=zero_init


LINKER GENERATED HANDLER TABLE

__TI_handler_table @ 0000b2c0 records: 3, size/record: 4, table size: 12
	index: 0, handler: __TI_zero_init
	index: 1, handler: __TI_decompress_lzss
	index: 2, handler: __TI_decompress_none


GLOBAL SYMBOLS: SORTED ALPHABETICALLY BY Name 

address   name                               
-------   ----                               
000064ed  ADCBusy                            
00006535  ADCClockConfigGet                  
0000650b  ADCClockConfigSet                  
00006307  ADCComparatorConfigure             
000063e1  ADCComparatorIntClear              
0000638d  ADCComparatorIntDisable            
000063ab  ADCComparatorIntEnable             
000063cd  ADCComparatorIntStatus             
00006323  ADCComparatorRegionSet             
00006347  ADCComparatorReset                 
000062d5  ADCHardwareOversampleConfigure     
00005e77  ADCIntClear                        
00006455  ADCIntClearEx                      
00005ddd  ADCIntDisable                      
000063f3  ADCIntDisableEx                    
00005df9  ADCIntEnable                       
0000640b  ADCIntEnableEx                     
00005d97  ADCIntRegister                     
00005e1f  ADCIntStatus                       
00006423  ADCIntStatusEx                     
00005dbf  ADCIntUnregister                   
000064a7  ADCPhaseDelayGet                   
00006495  ADCPhaseDelaySet                   
000060e9  ADCProcessorTrigger                
00006483  ADCReferenceGet                    
00006467  ADCReferenceSet                    
00005ec1  ADCSequenceConfigure               
000064d1  ADCSequenceDMADisable              
000064b5  ADCSequenceDMAEnable               
000060a7  ADCSequenceDataGet                 
00005ea7  ADCSequenceDisable                 
00005e8d  ADCSequenceEnable                  
0000604b  ADCSequenceOverflow                
00006063  ADCSequenceOverflowClear           
00005f5d  ADCSequenceStepConfigure           
00006079  ADCSequenceUnderflow               
00006091  ADCSequenceUnderflowClear          
0000610d  ADCSoftwareOversampleConfigure     
00006241  ADCSoftwareOversampleDataGet       
0000615f  ADCSoftwareOversampleStepConfigure 
00006971  AtrasCallback                      
00009c93  ButtonsInit                        
00009bed  ButtonsPoll                        
0000aa67  C$$EXIT                            
0000a8f3  CPUbasepriGet                      
0000a8e5  CPUbasepriSet                      
0000a8bf  CPUcpsid                           
0000a8d5  CPUcpsie                           
0000a8cb  CPUprimask                         
0000a8e1  CPUwfi                             
000047ed  GPIOADCTriggerDisable              
000047cf  GPIOADCTriggerEnable               
00006c51  GPIOAIntHandler                    
000047b1  GPIODMATriggerDisable              
00004793  GPIODMATriggerEnable               
00003ce3  GPIODirModeGet                     
00003c87  GPIODirModeSet                     
00006be9  GPIOFIntHandler                    
0000429d  GPIOIntClear                       
00004261  GPIOIntDisable                     
0000423d  GPIOIntEnable                      
000042b1  GPIOIntRegister                    
000042e9  GPIOIntRegisterPin                 
0000427b  GPIOIntStatus                      
00003dd3  GPIOIntTypeGet                     
00003d2f  GPIOIntTypeSet                     
000042cf  GPIOIntUnregister                  
00004317  GPIOIntUnregisterPin               
000040cb  GPIOPadConfigGet                   
00003e5d  GPIOPadConfigSet                   
00004735  GPIOPinConfigure                   
0000433b  GPIOPinRead                        
00004373  GPIOPinTypeADC                     
00004397  GPIOPinTypeCAN                     
000043bb  GPIOPinTypeComparator              
000043df  GPIOPinTypeComparatorOutput        
00004403  GPIOPinTypeDIVSCLK                 
00004427  GPIOPinTypeEPI                     
0000444b  GPIOPinTypeEthernetLED             
0000446f  GPIOPinTypeEthernetMII             
00004493  GPIOPinTypeGPIOInput               
000044b7  GPIOPinTypeGPIOOutput              
000044e1  GPIOPinTypeGPIOOutputOD            
00004505  GPIOPinTypeHibernateRTCCLK         
00004529  GPIOPinTypeI2C                     
0000454d  GPIOPinTypeI2CSCL                  
00004571  GPIOPinTypeLCD                     
00004595  GPIOPinTypeOneWire                 
000045b9  GPIOPinTypePWM                     
000045dd  GPIOPinTypeQEI                     
00004601  GPIOPinTypeSSI                     
00004625  GPIOPinTypeTimer                   
00004649  GPIOPinTypeTrace                   
0000466d  GPIOPinTypeUART                    
00004691  GPIOPinTypeUSBAnalog               
000046b5  GPIOPinTypeUSBDigital              
000046d9  GPIOPinTypeWakeHigh                
000046ff  GPIOPinTypeWakeLow                 
00004725  GPIOPinWakeStatus                  
00004353  GPIOPinWrite                       
0000480b  GPIOUnlockPin                      
0000a961  GetOverflowCounts                  
000069c9  GiroCallback                       
00006931  InitCallback                       
00008941  IntDisable                         
000088cf  IntEnable                          
000089b3  IntIsEnabled                       
00008793  IntMasterDisable                   
00008783  IntMasterEnable                    
00008aa9  IntPendClear                       
00008a39  IntPendSet                         
000088ab  IntPriorityGet                     
00008823  IntPriorityGroupingGet             
00008809  IntPriorityGroupingSet             
00008b03  IntPriorityMaskGet                 
00008af7  IntPriorityMaskSet                 
0000885b  IntPrioritySet                     
000087a3  IntRegister                        
00008b0b  IntTrigger                         
000087f5  IntUnregister                      
2000592c  LUT_ADC                            
0000737f  PWMClockGet                        
0000735f  PWMClockSet                        
00006ea9  PWMDeadBandDisable                 
00006e71  PWMDeadBandEnable                  
00007225  PWMFaultIntClear                   
00007257  PWMFaultIntClearExt                
0000713f  PWMFaultIntRegister                
0000715d  PWMFaultIntUnregister              
00006d05  PWMGenConfigure                    
00006dc3  PWMGenDisable                      
00006da9  PWMGenEnable                       
00007329  PWMGenFaultClear                   
00007275  PWMGenFaultConfigure               
000072f3  PWMGenFaultStatus                  
000072cf  PWMGenFaultTriggerGet              
000072a5  PWMGenFaultTriggerSet              
000071dd  PWMGenIntClear                     
000070b1  PWMGenIntRegister                  
000071b3  PWMGenIntStatus                    
00007195  PWMGenIntTrigDisable               
00007177  PWMGenIntTrigEnable                
000070d9  PWMGenIntUnregister                
00006d7f  PWMGenPeriodGet                    
00006d4f  PWMGenPeriodSet                    
0000720d  PWMIntDisable                      
000071f5  PWMIntEnable                       
00007237  PWMIntStatus                       
00006f7f  PWMOutputFault                     
00006f4d  PWMOutputFaultLevel                
00006f1b  PWMOutputInvert                    
00006ee9  PWMOutputState                     
000073a9  PWMOutputUpdateMode                
00006e27  PWMPulseWidthGet                   
00006ddd  PWMPulseWidthSet                   
00006ed7  PWMSyncTimeBase                    
00006ec5  PWMSyncUpdate                      
0000aa3d  ResetISR                           
00006a65  SharpCallback                      
00002ec5  SysCtlAltClkConfig                 
000025ed  SysCtlClockFreqSet                 
00002ab5  SysCtlClockGet                     
00002ea9  SysCtlClockOutConfig               
000028e5  SysCtlClockSet                     
000024f1  SysCtlDeepSleep                    
00002c79  SysCtlDeepSleepClockConfigSet      
00002c5b  SysCtlDeepSleepClockSet            
000024d1  SysCtlDeepSleepPowerSet            
0000aa5d  SysCtlDelay                        
0000207f  SysCtlFlashSectorSizeGet           
00002053  SysCtlFlashSizeGet                 
00002d4f  SysCtlGPIOAHBDisable               
00002d33  SysCtlGPIOAHBEnable                
00002465  SysCtlIntClear                     
0000244d  SysCtlIntDisable                   
00002439  SysCtlIntEnable                    
00002411  SysCtlIntRegister                  
00002475  SysCtlIntStatus                    
00002429  SysCtlIntUnregister                
000024b7  SysCtlLDODeepSleepGet              
000024a7  SysCtlLDODeepSleepSet              
000024a1  SysCtlLDOSleepGet                  
00002491  SysCtlLDOSleepSet                  
00002527  SysCtlMOSCConfigSet                
00002e8d  SysCtlNMIClear                     
00002e79  SysCtlNMIStatus                    
0000253d  SysCtlPIOSCCalibrate               
00002d1d  SysCtlPWMClockGet                  
00002d03  SysCtlPWMClockSet                  
000023bd  SysCtlPeripheralClockGating        
00002375  SysCtlPeripheralDeepSleepDisable   
00002325  SysCtlPeripheralDeepSleepEnable    
00002261  SysCtlPeripheralDisable            
00002225  SysCtlPeripheralEnable             
00002161  SysCtlPeripheralPowerOff           
00002125  SysCtlPeripheralPowerOn            
000020a5  SysCtlPeripheralPresent            
000020e5  SysCtlPeripheralReady              
0000219d  SysCtlPeripheralReset              
000022e9  SysCtlPeripheralSleepDisable       
000022a5  SysCtlPeripheralSleepEnable        
000024e1  SysCtlReset                        
0000259d  SysCtlResetBehaviorGet             
0000258d  SysCtlResetBehaviorSet             
00002513  SysCtlResetCauseClear              
0000250d  SysCtlResetCauseGet                
00002049  SysCtlSRAMSizeGet                  
000024e9  SysCtlSleep                        
000024bd  SysCtlSleepPowerSet                
00002d77  SysCtlUSBPLLDisable                
00002d6b  SysCtlUSBPLLEnable                 
00002dbd  SysCtlVCOGet                       
00002da5  SysCtlVoltageEventClear            
00002d89  SysCtlVoltageEventConfig           
00002d99  SysCtlVoltageEventStatus           
000080cd  TimerADCEventGet                   
000080bb  TimerADCEventSet                   
200056e0  TimerAtras                         
00007df1  TimerClockSourceGet                
00007dc7  TimerClockSourceSet                
00007bbb  TimerConfigure                     
00007cdb  TimerControlEvent                  
00007c37  TimerControlLevel                  
00007d05  TimerControlStall                  
00007c6d  TimerControlTrigger                
00007d3b  TimerControlWaitOnTrigger          
000080ed  TimerDMAEventGet                   
000080db  TimerDMAEventSet                   
00007b9d  TimerDisable                       
00007b7f  TimerEnable                        
200056e4  TimerGiro                          
200056e8  TimerInit                          
00008097  TimerIntClear                      
00008061  TimerIntDisable                    
00008049  TimerIntEnable                     
00008003  TimerIntRegister                   
00008079  TimerIntStatus                     
0000802b  TimerIntUnregister                 
00007ebb  TimerLoadGet                       
00007ef1  TimerLoadGet64                     
00007e91  TimerLoadSet                       
00007ed7  TimerLoadSet64                     
00007f9b  TimerMatchGet                      
00007fd1  TimerMatchGet64                    
00007f71  TimerMatchSet                      
00007fb7  TimerMatchSet64                    
00007e2b  TimerPrescaleGet                   
00007e75  TimerPrescaleMatchGet              
00007e47  TimerPrescaleMatchSet              
00007e01  TimerPrescaleSet                   
00007db1  TimerRTCDisable                    
00007d9b  TimerRTCEnable                     
200056ec  TimerSharp                         
000080a9  TimerSynchronize                   
000080fb  TimerUpdateMode                    
00007f23  TimerValueGet                      
00007f3f  TimerValueGet64                    
00008721  UART9BitAddrSend                   
000086fb  UART9BitAddrSet                    
000086e5  UART9BitDisable                    
000086cf  UART9BitEnable                     
00008573  UARTBreakCtl                       
0000859d  UARTBusy                           
0000851b  UARTCharGet                        
000084ff  UARTCharGetNonBlocking             
00008555  UARTCharPut                        
00008531  UARTCharPutNonBlocking             
000084c3  UARTCharsAvail                     
000086bf  UARTClockSourceGet                 
000086ab  UARTClockSourceSet                 
00008293  UARTConfigGetExpClk                
0000821d  UARTConfigSetExpClk                
00008671  UARTDMADisable                     
00008659  UARTDMAEnable                      
00008303  UARTDisable                        
00008387  UARTDisableSIR                     
000051bb  UARTEchoSet                        
000082df  UARTEnable                         
00008359  UARTEnableSIR                      
00008343  UARTFIFODisable                    
0000832d  UARTFIFOEnable                     
000081f5  UARTFIFOLevelGet                   
000081dd  UARTFIFOLevelSet                   
00008483  UARTFlowControlGet                 
00008467  UARTFlowControlSet                 
00005187  UARTFlushRx                        
00005195  UARTFlushTx                        
00008647  UARTIntClear                       
00008611  UARTIntDisable                     
000085f9  UARTIntEnable                      
000085bb  UARTIntRegister                    
00008629  UARTIntStatus                      
000085d9  UARTIntUnregister                  
00008769  UARTLoopbackEnable                 
0000841d  UARTModemControlClear              
00008441  UARTModemControlGet                
000083e5  UARTModemControlSet                
00008453  UARTModemStatusGet                 
000081cb  UARTParityModeGet                  
000081af  UARTParityModeSet                  
0000516f  UARTRxBytesAvail                   
0000869b  UARTRxErrorClear                   
00008689  UARTRxErrorGet                     
000083cf  UARTSmartCardDisable               
0000839d  UARTSmartCardEnable                
000084e1  UARTSpaceAvail                     
00004897  UARTStdioConfig                    
000051e3  UARTStdioIntHandler                
0000517b  UARTTxBytesFree                    
000084b1  UARTTxIntModeGet                   
00008495  UARTTxIntModeSet                   
00004e29  UARTgetc                           
00004a11  UARTgets                           
0000514b  UARTprintf                         
00004e51  UARTvprintf                        
0000497d  UARTwrite                          
200058f0  __STACK_END                        
00000200  __STACK_SIZE                       
200058f0  __STACK_TOP                        
0000b2e0  __TI_CINIT_Base                    
0000b2f8  __TI_CINIT_Limit                   
0000b2c0  __TI_Handler_Table_Base            
0000b2cc  __TI_Handler_Table_Limit           
0000a7bd  __TI_auto_init_nobinit_nopinit     
0000a561  __TI_decompress_lzss               
0000aa23  __TI_decompress_none               
0000a683  __TI_ltoa                          
ffffffff  __TI_pprof_out_hndl                
000052ed  __TI_printfi                       
ffffffff  __TI_prof_data_size                
ffffffff  __TI_prof_data_start               
00000000  __TI_static_base__                 
0000aa31  __TI_zero_init                     
0000a305  __aeabi_cdcmpeq                    
0000a305  __aeabi_cdcmple                    
0000a38b  __aeabi_cdrcmple                   
0000a775  __aeabi_d2iz                       
00009553  __aeabi_dadd                       
0000998d  __aeabi_ddiv                       
00009f49  __aeabi_dmul                       
00009549  __aeabi_dsub                       
0000aa55  __aeabi_errno_addr                 
0000a931  __aeabi_i2d                        
00005d3b  __aeabi_idiv0                      
00005d3b  __aeabi_ldiv0                      
0000a411  __aeabi_memclr                     
0000a411  __aeabi_memclr4                    
0000a411  __aeabi_memclr8                    
0000a1d3  __aeabi_memcpy                     
0000a1d3  __aeabi_memcpy4                    
0000a1d3  __aeabi_memcpy8                    
0000a413  __aeabi_memset                     
0000a413  __aeabi_memset4                    
0000a413  __aeabi_memset8                    
0000a801  __aeabi_uidiv                      
0000a801  __aeabi_uidivmod                   
0000a26f  __aeabi_uldivmod                   
ffffffff  __binit__                          
ffffffff  __c_args__                         
UNDEFED   __mpu_init                         
200056f0  __stack                            
20000000  __start___llvm_prf_cnts            
20000000  __stop___llvm_prf_cnts             
0000a8fd  _c_int00_noargs                    
0000ac1c  _ctypes_                           
UNDEFED   _system_post_cinit                 
0000aa63  _system_pre_init                   
0000aa67  abort                              
0000a729  atoi                               
00006b59  binary_lookup                      
ffffffff  binit                              
2000594a  centimetros                        
00009291  configADC0_ISR                     
000092eb  configADC1_ISR                     
00009151  configADC_IniciaADC                
00009269  configADC_LeeADC0                  
0000927d  configADC_LeeADC1                  
20005984  cont_buscar                        
0000a9a1  copysign                           
0000a9a1  copysignl                          
20005988  done                               
00000601  eTaskGetState                      
200059a8  errno                              
20005980  estado                             
0000a5c9  frexp                              
0000a5c9  frexpl                             
20000000  g_pfnRAMVectors                    
00000000  g_pfnVectors                       
00009e39  ldexp                              
00009e39  ldexpl                             
000066ed  main                               
0000a985  memccpy                            
0000a1d3  memcpy                             
0000a419  memset                             
00003b3f  pcQueueGetName                     
00000c39  pcTaskGetName                      
000075c9  pcTimerGetName                     
00008b41  pvPortMalloc                       
00001991  pvTaskIncrementMutexHeldCount      
00007a31  pvTimerGetTimerID                  
200058f0  pxCurrentTCB                       
00009701  pxPortInitialiseStack              
00009e39  scalbn                             
00009e39  scalbnl                            
0000a841  sprintf                            
0000a9d3  strchr                             
0000a9e9  strcpy                             
0000a9fd  strlen                             
00003897  ucQueueGetQueueType                
0000b250  ulMaxSyscallInterruptPriority      
0000a055  ulPortGetIPSR                      
000019ad  ulTaskGenericNotifyTake            
00001e89  ulTaskGenericNotifyValueClear      
00009ba5  uxListRemove                       
00003877  uxQueueGetQueueNumber              
00003815  uxQueueMessagesWaiting             
0000384b  uxQueueMessagesWaitingFromISR      
0000382b  uxQueueSpacesAvailable             
00000c2d  uxTaskGetNumberOfTasks             
00001449  uxTaskGetStackHighWaterMark        
00000c5d  uxTaskGetSystemState               
000011bd  uxTaskGetTaskNumber                
000006c9  uxTaskPriorityGet                  
000006f1  uxTaskPriorityGetFromISR           
0000196f  uxTaskResetEventItemValue          
0000758b  uxTimerGetReloadMode               
00007ad1  uxTimerGetTimerNumber              
0000b254  uxTopUsedPriority                  
00006587  vApplicationIdleHook               
0000657d  vApplicationStackOverflowHook      
0000a4f9  vConfigureTimerForRunTimeStats     
00009ac3  vListInitialise                    
00009af3  vListInitialiseItem                
00009b3f  vListInsert                        
00009b03  vListInsertEnd                     
0000a111  vPortEnableVFP                     
000097a1  vPortEndScheduler                  
000097a3  vPortEnterCritical                 
000097c3  vPortExitCritical                  
00008c6f  vPortFree                          
00008e21  vPortGetHeapStats                  
00008cd5  vPortInitialiseBlocks              
0000a0cd  vPortSVCHandler                    
000097ff  vPortSetupTimerInterrupt           
0000a0ed  vPortStartFirstTask                
00003afd  vQueueAddToRegistry                
00003861  vQueueDelete                       
00003885  vQueueSetQueueNumber               
00003b7f  vQueueUnregisterQueue              
00003bc3  vQueueWaitForMessageRestricted     
000005bf  vTaskDelay                         
00000481  vTaskDelete                        
00000af3  vTaskEndScheduler                  
00001d7b  vTaskGenericNotifyGiveFromISR      
000012b5  vTaskGetInfo                       
00001897  vTaskGetRunTimeStats               
00001103  vTaskInternalSetTimeOutState       
00001785  vTaskList                          
000011b1  vTaskMissedYield                   
00000f71  vTaskPlaceOnEventList              
00000fc5  vTaskPlaceOnEventListRestricted    
00000f95  vTaskPlaceOnUnorderedEventList     
0000166b  vTaskPriorityDisinheritAfterTimeout
00000739  vTaskPrioritySet                   
00001079  vTaskRemoveFromUnorderedEventList  
00000983  vTaskResume                        
000011dd  vTaskSetTaskNumber                 
000010e5  vTaskSetTimeOutState               
00000a99  vTaskStartScheduler                
00000851  vTaskSuspend                       
00000b0f  vTaskSuspendAll                    
00000e91  vTaskSwitchContext                 
00007555  vTimerSetReloadMode                
00007a4b  vTimerSetTimerID                   
00007adf  vTimerSetTimerNumber               
0000aa11  wcslen                             
00008cc9  xPortGetFreeHeapSize               
00008ccf  xPortGetMinimumEverFreeHeapSize    
0000a06d  xPortPendSVHandler                 
0000976b  xPortStartScheduler                
000097d9  xPortSysTickHandler                
00003109  xQueueCreateCountingSemaphore      
0000305d  xQueueCreateMutex                  
00002fa9  xQueueGenericCreate                
00002f09  xQueueGenericReset                 
00003129  xQueueGenericSend                  
00003259  xQueueGenericSendFromISR           
000032fb  xQueueGiveFromISR                  
00003089  xQueueGiveMutexRecursive           
00003a91  xQueueIsQueueEmptyFromISR          
00003ad7  xQueueIsQueueFullFromISR           
00003607  xQueuePeek                         
000037c3  xQueuePeekFromISR                  
0000338f  xQueueReceive                      
00003729  xQueueReceiveFromISR               
200055ac  xQueueRegistry                     
000034ad  xQueueSemaphoreTake                
000030c5  xQueueTakeMutexRecursive           
00000d41  xTaskCatchUpTicks                  
0000112d  xTaskCheckForTimeOut               
0000026d  xTaskCreate                        
0000052f  xTaskDelayUntil                    
00001b35  xTaskGenericNotify                 
00001c4d  xTaskGenericNotifyFromISR          
00001e37  xTaskGenericNotifyStateClear       
00001a4b  xTaskGenericNotifyWait             
000014b9  xTaskGetCurrentTaskHandle          
000014d9  xTaskGetSchedulerState             
00000c09  xTaskGetTickCount                  
00000c19  xTaskGetTickCountFromISR           
00000d7d  xTaskIncrementTick                 
000015e1  xTaskPriorityDisinherit            
00001515  xTaskPriorityInherit               
00000ff5  xTaskRemoveFromEventList           
00000b21  xTaskResumeAll                     
00000a01  xTaskResumeFromISR                 
00007449  xTimerCreate                       
0000741d  xTimerCreateTimerTask              
000074d1  xTimerGenericCommand               
000075b3  xTimerGetExpiryTime                
00007543  xTimerGetPeriod                    
0000753d  xTimerGetTimerDaemonTaskHandle     
00007a09  xTimerIsTimerActive                
00007a9b  xTimerPendFunctionCall             
00007a65  xTimerPendFunctionCallFromISR      


GLOBAL SYMBOLS: SORTED BY Symbol Address 

address   name                               
-------   ----                               
00000000  __TI_static_base__                 
00000000  g_pfnVectors                       
00000200  __STACK_SIZE                       
0000026d  xTaskCreate                        
00000481  vTaskDelete                        
0000052f  xTaskDelayUntil                    
000005bf  vTaskDelay                         
00000601  eTaskGetState                      
000006c9  uxTaskPriorityGet                  
000006f1  uxTaskPriorityGetFromISR           
00000739  vTaskPrioritySet                   
00000851  vTaskSuspend                       
00000983  vTaskResume                        
00000a01  xTaskResumeFromISR                 
00000a99  vTaskStartScheduler                
00000af3  vTaskEndScheduler                  
00000b0f  vTaskSuspendAll                    
00000b21  xTaskResumeAll                     
00000c09  xTaskGetTickCount                  
00000c19  xTaskGetTickCountFromISR           
00000c2d  uxTaskGetNumberOfTasks             
00000c39  pcTaskGetName                      
00000c5d  uxTaskGetSystemState               
00000d41  xTaskCatchUpTicks                  
00000d7d  xTaskIncrementTick                 
00000e91  vTaskSwitchContext                 
00000f71  vTaskPlaceOnEventList              
00000f95  vTaskPlaceOnUnorderedEventList     
00000fc5  vTaskPlaceOnEventListRestricted    
00000ff5  xTaskRemoveFromEventList           
00001079  vTaskRemoveFromUnorderedEventList  
000010e5  vTaskSetTimeOutState               
00001103  vTaskInternalSetTimeOutState       
0000112d  xTaskCheckForTimeOut               
000011b1  vTaskMissedYield                   
000011bd  uxTaskGetTaskNumber                
000011dd  vTaskSetTaskNumber                 
000012b5  vTaskGetInfo                       
00001449  uxTaskGetStackHighWaterMark        
000014b9  xTaskGetCurrentTaskHandle          
000014d9  xTaskGetSchedulerState             
00001515  xTaskPriorityInherit               
000015e1  xTaskPriorityDisinherit            
0000166b  vTaskPriorityDisinheritAfterTimeout
00001785  vTaskList                          
00001897  vTaskGetRunTimeStats               
0000196f  uxTaskResetEventItemValue          
00001991  pvTaskIncrementMutexHeldCount      
000019ad  ulTaskGenericNotifyTake            
00001a4b  xTaskGenericNotifyWait             
00001b35  xTaskGenericNotify                 
00001c4d  xTaskGenericNotifyFromISR          
00001d7b  vTaskGenericNotifyGiveFromISR      
00001e37  xTaskGenericNotifyStateClear       
00001e89  ulTaskGenericNotifyValueClear      
00002049  SysCtlSRAMSizeGet                  
00002053  SysCtlFlashSizeGet                 
0000207f  SysCtlFlashSectorSizeGet           
000020a5  SysCtlPeripheralPresent            
000020e5  SysCtlPeripheralReady              
00002125  SysCtlPeripheralPowerOn            
00002161  SysCtlPeripheralPowerOff           
0000219d  SysCtlPeripheralReset              
00002225  SysCtlPeripheralEnable             
00002261  SysCtlPeripheralDisable            
000022a5  SysCtlPeripheralSleepEnable        
000022e9  SysCtlPeripheralSleepDisable       
00002325  SysCtlPeripheralDeepSleepEnable    
00002375  SysCtlPeripheralDeepSleepDisable   
000023bd  SysCtlPeripheralClockGating        
00002411  SysCtlIntRegister                  
00002429  SysCtlIntUnregister                
00002439  SysCtlIntEnable                    
0000244d  SysCtlIntDisable                   
00002465  SysCtlIntClear                     
00002475  SysCtlIntStatus                    
00002491  SysCtlLDOSleepSet                  
000024a1  SysCtlLDOSleepGet                  
000024a7  SysCtlLDODeepSleepSet              
000024b7  SysCtlLDODeepSleepGet              
000024bd  SysCtlSleepPowerSet                
000024d1  SysCtlDeepSleepPowerSet            
000024e1  SysCtlReset                        
000024e9  SysCtlSleep                        
000024f1  SysCtlDeepSleep                    
0000250d  SysCtlResetCauseGet                
00002513  SysCtlResetCauseClear              
00002527  SysCtlMOSCConfigSet                
0000253d  SysCtlPIOSCCalibrate               
0000258d  SysCtlResetBehaviorSet             
0000259d  SysCtlResetBehaviorGet             
000025ed  SysCtlClockFreqSet                 
000028e5  SysCtlClockSet                     
00002ab5  SysCtlClockGet                     
00002c5b  SysCtlDeepSleepClockSet            
00002c79  SysCtlDeepSleepClockConfigSet      
00002d03  SysCtlPWMClockSet                  
00002d1d  SysCtlPWMClockGet                  
00002d33  SysCtlGPIOAHBEnable                
00002d4f  SysCtlGPIOAHBDisable               
00002d6b  SysCtlUSBPLLEnable                 
00002d77  SysCtlUSBPLLDisable                
00002d89  SysCtlVoltageEventConfig           
00002d99  SysCtlVoltageEventStatus           
00002da5  SysCtlVoltageEventClear            
00002dbd  SysCtlVCOGet                       
00002e79  SysCtlNMIStatus                    
00002e8d  SysCtlNMIClear                     
00002ea9  SysCtlClockOutConfig               
00002ec5  SysCtlAltClkConfig                 
00002f09  xQueueGenericReset                 
00002fa9  xQueueGenericCreate                
0000305d  xQueueCreateMutex                  
00003089  xQueueGiveMutexRecursive           
000030c5  xQueueTakeMutexRecursive           
00003109  xQueueCreateCountingSemaphore      
00003129  xQueueGenericSend                  
00003259  xQueueGenericSendFromISR           
000032fb  xQueueGiveFromISR                  
0000338f  xQueueReceive                      
000034ad  xQueueSemaphoreTake                
00003607  xQueuePeek                         
00003729  xQueueReceiveFromISR               
000037c3  xQueuePeekFromISR                  
00003815  uxQueueMessagesWaiting             
0000382b  uxQueueSpacesAvailable             
0000384b  uxQueueMessagesWaitingFromISR      
00003861  vQueueDelete                       
00003877  uxQueueGetQueueNumber              
00003885  vQueueSetQueueNumber               
00003897  ucQueueGetQueueType                
00003a91  xQueueIsQueueEmptyFromISR          
00003ad7  xQueueIsQueueFullFromISR           
00003afd  vQueueAddToRegistry                
00003b3f  pcQueueGetName                     
00003b7f  vQueueUnregisterQueue              
00003bc3  vQueueWaitForMessageRestricted     
00003c87  GPIODirModeSet                     
00003ce3  GPIODirModeGet                     
00003d2f  GPIOIntTypeSet                     
00003dd3  GPIOIntTypeGet                     
00003e5d  GPIOPadConfigSet                   
000040cb  GPIOPadConfigGet                   
0000423d  GPIOIntEnable                      
00004261  GPIOIntDisable                     
0000427b  GPIOIntStatus                      
0000429d  GPIOIntClear                       
000042b1  GPIOIntRegister                    
000042cf  GPIOIntUnregister                  
000042e9  GPIOIntRegisterPin                 
00004317  GPIOIntUnregisterPin               
0000433b  GPIOPinRead                        
00004353  GPIOPinWrite                       
00004373  GPIOPinTypeADC                     
00004397  GPIOPinTypeCAN                     
000043bb  GPIOPinTypeComparator              
000043df  GPIOPinTypeComparatorOutput        
00004403  GPIOPinTypeDIVSCLK                 
00004427  GPIOPinTypeEPI                     
0000444b  GPIOPinTypeEthernetLED             
0000446f  GPIOPinTypeEthernetMII             
00004493  GPIOPinTypeGPIOInput               
000044b7  GPIOPinTypeGPIOOutput              
000044e1  GPIOPinTypeGPIOOutputOD            
00004505  GPIOPinTypeHibernateRTCCLK         
00004529  GPIOPinTypeI2C                     
0000454d  GPIOPinTypeI2CSCL                  
00004571  GPIOPinTypeLCD                     
00004595  GPIOPinTypeOneWire                 
000045b9  GPIOPinTypePWM                     
000045dd  GPIOPinTypeQEI                     
00004601  GPIOPinTypeSSI                     
00004625  GPIOPinTypeTimer                   
00004649  GPIOPinTypeTrace                   
0000466d  GPIOPinTypeUART                    
00004691  GPIOPinTypeUSBAnalog               
000046b5  GPIOPinTypeUSBDigital              
000046d9  GPIOPinTypeWakeHigh                
000046ff  GPIOPinTypeWakeLow                 
00004725  GPIOPinWakeStatus                  
00004735  GPIOPinConfigure                   
00004793  GPIODMATriggerEnable               
000047b1  GPIODMATriggerDisable              
000047cf  GPIOADCTriggerEnable               
000047ed  GPIOADCTriggerDisable              
0000480b  GPIOUnlockPin                      
00004897  UARTStdioConfig                    
0000497d  UARTwrite                          
00004a11  UARTgets                           
00004e29  UARTgetc                           
00004e51  UARTvprintf                        
0000514b  UARTprintf                         
0000516f  UARTRxBytesAvail                   
0000517b  UARTTxBytesFree                    
00005187  UARTFlushRx                        
00005195  UARTFlushTx                        
000051bb  UARTEchoSet                        
000051e3  UARTStdioIntHandler                
000052ed  __TI_printfi                       
00005d3b  __aeabi_idiv0                      
00005d3b  __aeabi_ldiv0                      
00005d97  ADCIntRegister                     
00005dbf  ADCIntUnregister                   
00005ddd  ADCIntDisable                      
00005df9  ADCIntEnable                       
00005e1f  ADCIntStatus                       
00005e77  ADCIntClear                        
00005e8d  ADCSequenceEnable                  
00005ea7  ADCSequenceDisable                 
00005ec1  ADCSequenceConfigure               
00005f5d  ADCSequenceStepConfigure           
0000604b  ADCSequenceOverflow                
00006063  ADCSequenceOverflowClear           
00006079  ADCSequenceUnderflow               
00006091  ADCSequenceUnderflowClear          
000060a7  ADCSequenceDataGet                 
000060e9  ADCProcessorTrigger                
0000610d  ADCSoftwareOversampleConfigure     
0000615f  ADCSoftwareOversampleStepConfigure 
00006241  ADCSoftwareOversampleDataGet       
000062d5  ADCHardwareOversampleConfigure     
00006307  ADCComparatorConfigure             
00006323  ADCComparatorRegionSet             
00006347  ADCComparatorReset                 
0000638d  ADCComparatorIntDisable            
000063ab  ADCComparatorIntEnable             
000063cd  ADCComparatorIntStatus             
000063e1  ADCComparatorIntClear              
000063f3  ADCIntDisableEx                    
0000640b  ADCIntEnableEx                     
00006423  ADCIntStatusEx                     
00006455  ADCIntClearEx                      
00006467  ADCReferenceSet                    
00006483  ADCReferenceGet                    
00006495  ADCPhaseDelaySet                   
000064a7  ADCPhaseDelayGet                   
000064b5  ADCSequenceDMAEnable               
000064d1  ADCSequenceDMADisable              
000064ed  ADCBusy                            
0000650b  ADCClockConfigSet                  
00006535  ADCClockConfigGet                  
0000657d  vApplicationStackOverflowHook      
00006587  vApplicationIdleHook               
000066ed  main                               
00006931  InitCallback                       
00006971  AtrasCallback                      
000069c9  GiroCallback                       
00006a65  SharpCallback                      
00006b59  binary_lookup                      
00006be9  GPIOFIntHandler                    
00006c51  GPIOAIntHandler                    
00006d05  PWMGenConfigure                    
00006d4f  PWMGenPeriodSet                    
00006d7f  PWMGenPeriodGet                    
00006da9  PWMGenEnable                       
00006dc3  PWMGenDisable                      
00006ddd  PWMPulseWidthSet                   
00006e27  PWMPulseWidthGet                   
00006e71  PWMDeadBandEnable                  
00006ea9  PWMDeadBandDisable                 
00006ec5  PWMSyncUpdate                      
00006ed7  PWMSyncTimeBase                    
00006ee9  PWMOutputState                     
00006f1b  PWMOutputInvert                    
00006f4d  PWMOutputFaultLevel                
00006f7f  PWMOutputFault                     
000070b1  PWMGenIntRegister                  
000070d9  PWMGenIntUnregister                
0000713f  PWMFaultIntRegister                
0000715d  PWMFaultIntUnregister              
00007177  PWMGenIntTrigEnable                
00007195  PWMGenIntTrigDisable               
000071b3  PWMGenIntStatus                    
000071dd  PWMGenIntClear                     
000071f5  PWMIntEnable                       
0000720d  PWMIntDisable                      
00007225  PWMFaultIntClear                   
00007237  PWMIntStatus                       
00007257  PWMFaultIntClearExt                
00007275  PWMGenFaultConfigure               
000072a5  PWMGenFaultTriggerSet              
000072cf  PWMGenFaultTriggerGet              
000072f3  PWMGenFaultStatus                  
00007329  PWMGenFaultClear                   
0000735f  PWMClockSet                        
0000737f  PWMClockGet                        
000073a9  PWMOutputUpdateMode                
0000741d  xTimerCreateTimerTask              
00007449  xTimerCreate                       
000074d1  xTimerGenericCommand               
0000753d  xTimerGetTimerDaemonTaskHandle     
00007543  xTimerGetPeriod                    
00007555  vTimerSetReloadMode                
0000758b  uxTimerGetReloadMode               
000075b3  xTimerGetExpiryTime                
000075c9  pcTimerGetName                     
00007a09  xTimerIsTimerActive                
00007a31  pvTimerGetTimerID                  
00007a4b  vTimerSetTimerID                   
00007a65  xTimerPendFunctionCallFromISR      
00007a9b  xTimerPendFunctionCall             
00007ad1  uxTimerGetTimerNumber              
00007adf  vTimerSetTimerNumber               
00007b7f  TimerEnable                        
00007b9d  TimerDisable                       
00007bbb  TimerConfigure                     
00007c37  TimerControlLevel                  
00007c6d  TimerControlTrigger                
00007cdb  TimerControlEvent                  
00007d05  TimerControlStall                  
00007d3b  TimerControlWaitOnTrigger          
00007d9b  TimerRTCEnable                     
00007db1  TimerRTCDisable                    
00007dc7  TimerClockSourceSet                
00007df1  TimerClockSourceGet                
00007e01  TimerPrescaleSet                   
00007e2b  TimerPrescaleGet                   
00007e47  TimerPrescaleMatchSet              
00007e75  TimerPrescaleMatchGet              
00007e91  TimerLoadSet                       
00007ebb  TimerLoadGet                       
00007ed7  TimerLoadSet64                     
00007ef1  TimerLoadGet64                     
00007f23  TimerValueGet                      
00007f3f  TimerValueGet64                    
00007f71  TimerMatchSet                      
00007f9b  TimerMatchGet                      
00007fb7  TimerMatchSet64                    
00007fd1  TimerMatchGet64                    
00008003  TimerIntRegister                   
0000802b  TimerIntUnregister                 
00008049  TimerIntEnable                     
00008061  TimerIntDisable                    
00008079  TimerIntStatus                     
00008097  TimerIntClear                      
000080a9  TimerSynchronize                   
000080bb  TimerADCEventSet                   
000080cd  TimerADCEventGet                   
000080db  TimerDMAEventSet                   
000080ed  TimerDMAEventGet                   
000080fb  TimerUpdateMode                    
000081af  UARTParityModeSet                  
000081cb  UARTParityModeGet                  
000081dd  UARTFIFOLevelSet                   
000081f5  UARTFIFOLevelGet                   
0000821d  UARTConfigSetExpClk                
00008293  UARTConfigGetExpClk                
000082df  UARTEnable                         
00008303  UARTDisable                        
0000832d  UARTFIFOEnable                     
00008343  UARTFIFODisable                    
00008359  UARTEnableSIR                      
00008387  UARTDisableSIR                     
0000839d  UARTSmartCardEnable                
000083cf  UARTSmartCardDisable               
000083e5  UARTModemControlSet                
0000841d  UARTModemControlClear              
00008441  UARTModemControlGet                
00008453  UARTModemStatusGet                 
00008467  UARTFlowControlSet                 
00008483  UARTFlowControlGet                 
00008495  UARTTxIntModeSet                   
000084b1  UARTTxIntModeGet                   
000084c3  UARTCharsAvail                     
000084e1  UARTSpaceAvail                     
000084ff  UARTCharGetNonBlocking             
0000851b  UARTCharGet                        
00008531  UARTCharPutNonBlocking             
00008555  UARTCharPut                        
00008573  UARTBreakCtl                       
0000859d  UARTBusy                           
000085bb  UARTIntRegister                    
000085d9  UARTIntUnregister                  
000085f9  UARTIntEnable                      
00008611  UARTIntDisable                     
00008629  UARTIntStatus                      
00008647  UARTIntClear                       
00008659  UARTDMAEnable                      
00008671  UARTDMADisable                     
00008689  UARTRxErrorGet                     
0000869b  UARTRxErrorClear                   
000086ab  UARTClockSourceSet                 
000086bf  UARTClockSourceGet                 
000086cf  UART9BitEnable                     
000086e5  UART9BitDisable                    
000086fb  UART9BitAddrSet                    
00008721  UART9BitAddrSend                   
00008769  UARTLoopbackEnable                 
00008783  IntMasterEnable                    
00008793  IntMasterDisable                   
000087a3  IntRegister                        
000087f5  IntUnregister                      
00008809  IntPriorityGroupingSet             
00008823  IntPriorityGroupingGet             
0000885b  IntPrioritySet                     
000088ab  IntPriorityGet                     
000088cf  IntEnable                          
00008941  IntDisable                         
000089b3  IntIsEnabled                       
00008a39  IntPendSet                         
00008aa9  IntPendClear                       
00008af7  IntPriorityMaskSet                 
00008b03  IntPriorityMaskGet                 
00008b0b  IntTrigger                         
00008b41  pvPortMalloc                       
00008c6f  vPortFree                          
00008cc9  xPortGetFreeHeapSize               
00008ccf  xPortGetMinimumEverFreeHeapSize    
00008cd5  vPortInitialiseBlocks              
00008e21  vPortGetHeapStats                  
00009151  configADC_IniciaADC                
00009269  configADC_LeeADC0                  
0000927d  configADC_LeeADC1                  
00009291  configADC0_ISR                     
000092eb  configADC1_ISR                     
00009549  __aeabi_dsub                       
00009553  __aeabi_dadd                       
00009701  pxPortInitialiseStack              
0000976b  xPortStartScheduler                
000097a1  vPortEndScheduler                  
000097a3  vPortEnterCritical                 
000097c3  vPortExitCritical                  
000097d9  xPortSysTickHandler                
000097ff  vPortSetupTimerInterrupt           
0000998d  __aeabi_ddiv                       
00009ac3  vListInitialise                    
00009af3  vListInitialiseItem                
00009b03  vListInsertEnd                     
00009b3f  vListInsert                        
00009ba5  uxListRemove                       
00009bed  ButtonsPoll                        
00009c93  ButtonsInit                        
00009e39  ldexp                              
00009e39  ldexpl                             
00009e39  scalbn                             
00009e39  scalbnl                            
00009f49  __aeabi_dmul                       
0000a055  ulPortGetIPSR                      
0000a06d  xPortPendSVHandler                 
0000a0cd  vPortSVCHandler                    
0000a0ed  vPortStartFirstTask                
0000a111  vPortEnableVFP                     
0000a1d3  __aeabi_memcpy                     
0000a1d3  __aeabi_memcpy4                    
0000a1d3  __aeabi_memcpy8                    
0000a1d3  memcpy                             
0000a26f  __aeabi_uldivmod                   
0000a305  __aeabi_cdcmpeq                    
0000a305  __aeabi_cdcmple                    
0000a38b  __aeabi_cdrcmple                   
0000a411  __aeabi_memclr                     
0000a411  __aeabi_memclr4                    
0000a411  __aeabi_memclr8                    
0000a413  __aeabi_memset                     
0000a413  __aeabi_memset4                    
0000a413  __aeabi_memset8                    
0000a419  memset                             
0000a4f9  vConfigureTimerForRunTimeStats     
0000a561  __TI_decompress_lzss               
0000a5c9  frexp                              
0000a5c9  frexpl                             
0000a683  __TI_ltoa                          
0000a729  atoi                               
0000a775  __aeabi_d2iz                       
0000a7bd  __TI_auto_init_nobinit_nopinit     
0000a801  __aeabi_uidiv                      
0000a801  __aeabi_uidivmod                   
0000a841  sprintf                            
0000a8bf  CPUcpsid                           
0000a8cb  CPUprimask                         
0000a8d5  CPUcpsie                           
0000a8e1  CPUwfi                             
0000a8e5  CPUbasepriSet                      
0000a8f3  CPUbasepriGet                      
0000a8fd  _c_int00_noargs                    
0000a931  __aeabi_i2d                        
0000a961  GetOverflowCounts                  
0000a985  memccpy                            
0000a9a1  copysign                           
0000a9a1  copysignl                          
0000a9d3  strchr                             
0000a9e9  strcpy                             
0000a9fd  strlen                             
0000aa11  wcslen                             
0000aa23  __TI_decompress_none               
0000aa31  __TI_zero_init                     
0000aa3d  ResetISR                           
0000aa55  __aeabi_errno_addr                 
0000aa5d  SysCtlDelay                        
0000aa63  _system_pre_init                   
0000aa67  C$$EXIT                            
0000aa67  abort                              
0000ac1c  _ctypes_                           
0000b250  ulMaxSyscallInterruptPriority      
0000b254  uxTopUsedPriority                  
0000b2c0  __TI_Handler_Table_Base            
0000b2cc  __TI_Handler_Table_Limit           
0000b2e0  __TI_CINIT_Base                    
0000b2f8  __TI_CINIT_Limit                   
20000000  __start___llvm_prf_cnts            
20000000  __stop___llvm_prf_cnts             
20000000  g_pfnRAMVectors                    
200055ac  xQueueRegistry                     
200056e0  TimerAtras                         
200056e4  TimerGiro                          
200056e8  TimerInit                          
200056ec  TimerSharp                         
200056f0  __stack                            
200058f0  __STACK_END                        
200058f0  __STACK_TOP                        
200058f0  pxCurrentTCB                       
2000592c  LUT_ADC                            
2000594a  centimetros                        
20005980  estado                             
20005984  cont_buscar                        
20005988  done                               
200059a8  errno                              
ffffffff  __TI_pprof_out_hndl                
ffffffff  __TI_prof_data_size                
ffffffff  __TI_prof_data_start               
ffffffff  __binit__                          
ffffffff  __c_args__                         
ffffffff  binit                              
UNDEFED   __mpu_init                         
UNDEFED   _system_post_cinit                 

[525 symbols]
