<?xml version="1.0" encoding="ISO-8859-1" ?>
<link_info>
   <banner>TI ARM Linker PC v20.2.5.LTS</banner>
   <copyright>Copyright (c) 1996-2018 Texas Instruments Incorporated</copyright>
   <link_time>0x63a1b897</link_time>
   <link_errors>0x0</link_errors>
   <output_file>MiniSumo.out</output_file>
   <entry_point>
      <name>_c_int00_noargs</name>
      <address>0xa8fd</address>
   </entry_point>
   <input_file_list>
      <input_file id="fl-2">
         <path>.\</path>
         <kind>object</kind>
         <file>configADC.obj</file>
         <name>configADC.obj</name>
      </input_file>
      <input_file id="fl-3">
         <path>.\</path>
         <kind>object</kind>
         <file>main.obj</file>
         <name>main.obj</name>
      </input_file>
      <input_file id="fl-4">
         <path>.\</path>
         <kind>object</kind>
         <file>startup_ccs.obj</file>
         <name>startup_ccs.obj</name>
      </input_file>
      <input_file id="fl-5">
         <path>.\FreeRTOS\Source\</path>
         <kind>object</kind>
         <file>croutine.obj</file>
         <name>croutine.obj</name>
      </input_file>
      <input_file id="fl-6">
         <path>.\FreeRTOS\Source\</path>
         <kind>object</kind>
         <file>event_groups.obj</file>
         <name>event_groups.obj</name>
      </input_file>
      <input_file id="fl-7">
         <path>.\FreeRTOS\Source\</path>
         <kind>object</kind>
         <file>list.obj</file>
         <name>list.obj</name>
      </input_file>
      <input_file id="fl-8">
         <path>.\FreeRTOS\Source\</path>
         <kind>object</kind>
         <file>queue.obj</file>
         <name>queue.obj</name>
      </input_file>
      <input_file id="fl-9">
         <path>.\FreeRTOS\Source\</path>
         <kind>object</kind>
         <file>stream_buffer.obj</file>
         <name>stream_buffer.obj</name>
      </input_file>
      <input_file id="fl-a">
         <path>.\FreeRTOS\Source\</path>
         <kind>object</kind>
         <file>tasks.obj</file>
         <name>tasks.obj</name>
      </input_file>
      <input_file id="fl-b">
         <path>.\FreeRTOS\Source\</path>
         <kind>object</kind>
         <file>timers.obj</file>
         <name>timers.obj</name>
      </input_file>
      <input_file id="fl-c">
         <path>.\FreeRTOS\Source\portable\CCS\ARM_CM4F\</path>
         <kind>object</kind>
         <file>port.obj</file>
         <name>port.obj</name>
      </input_file>
      <input_file id="fl-d">
         <path>.\FreeRTOS\Source\portable\CCS\ARM_CM4F\</path>
         <kind>object</kind>
         <file>portasm.obj</file>
         <name>portasm.obj</name>
      </input_file>
      <input_file id="fl-e">
         <path>.\FreeRTOS\Source\portable\MemMang\</path>
         <kind>object</kind>
         <file>heap_4.obj</file>
         <name>heap_4.obj</name>
      </input_file>
      <input_file id="fl-f">
         <path>.\driverlib\</path>
         <kind>object</kind>
         <file>adc.obj</file>
         <name>adc.obj</name>
      </input_file>
      <input_file id="fl-10">
         <path>.\driverlib\</path>
         <kind>object</kind>
         <file>aes.obj</file>
         <name>aes.obj</name>
      </input_file>
      <input_file id="fl-11">
         <path>.\driverlib\</path>
         <kind>object</kind>
         <file>can.obj</file>
         <name>can.obj</name>
      </input_file>
      <input_file id="fl-12">
         <path>.\driverlib\</path>
         <kind>object</kind>
         <file>comp.obj</file>
         <name>comp.obj</name>
      </input_file>
      <input_file id="fl-13">
         <path>.\driverlib\</path>
         <kind>object</kind>
         <file>cpu.obj</file>
         <name>cpu.obj</name>
      </input_file>
      <input_file id="fl-14">
         <path>.\driverlib\</path>
         <kind>object</kind>
         <file>crc.obj</file>
         <name>crc.obj</name>
      </input_file>
      <input_file id="fl-15">
         <path>.\driverlib\</path>
         <kind>object</kind>
         <file>des.obj</file>
         <name>des.obj</name>
      </input_file>
      <input_file id="fl-16">
         <path>.\driverlib\</path>
         <kind>object</kind>
         <file>eeprom.obj</file>
         <name>eeprom.obj</name>
      </input_file>
      <input_file id="fl-17">
         <path>.\driverlib\</path>
         <kind>object</kind>
         <file>emac.obj</file>
         <name>emac.obj</name>
      </input_file>
      <input_file id="fl-18">
         <path>.\driverlib\</path>
         <kind>object</kind>
         <file>epi.obj</file>
         <name>epi.obj</name>
      </input_file>
      <input_file id="fl-19">
         <path>.\driverlib\</path>
         <kind>object</kind>
         <file>epi_workaround_ccs.obj</file>
         <name>epi_workaround_ccs.obj</name>
      </input_file>
      <input_file id="fl-1a">
         <path>.\driverlib\</path>
         <kind>object</kind>
         <file>flash.obj</file>
         <name>flash.obj</name>
      </input_file>
      <input_file id="fl-1b">
         <path>.\driverlib\</path>
         <kind>object</kind>
         <file>fpu.obj</file>
         <name>fpu.obj</name>
      </input_file>
      <input_file id="fl-1c">
         <path>.\driverlib\</path>
         <kind>object</kind>
         <file>gpio.obj</file>
         <name>gpio.obj</name>
      </input_file>
      <input_file id="fl-1d">
         <path>.\driverlib\</path>
         <kind>object</kind>
         <file>hibernate.obj</file>
         <name>hibernate.obj</name>
      </input_file>
      <input_file id="fl-1e">
         <path>.\driverlib\</path>
         <kind>object</kind>
         <file>i2c.obj</file>
         <name>i2c.obj</name>
      </input_file>
      <input_file id="fl-1f">
         <path>.\driverlib\</path>
         <kind>object</kind>
         <file>interrupt.obj</file>
         <name>interrupt.obj</name>
      </input_file>
      <input_file id="fl-20">
         <path>.\driverlib\</path>
         <kind>object</kind>
         <file>lcd.obj</file>
         <name>lcd.obj</name>
      </input_file>
      <input_file id="fl-21">
         <path>.\driverlib\</path>
         <kind>object</kind>
         <file>mpu.obj</file>
         <name>mpu.obj</name>
      </input_file>
      <input_file id="fl-22">
         <path>.\driverlib\</path>
         <kind>object</kind>
         <file>onewire.obj</file>
         <name>onewire.obj</name>
      </input_file>
      <input_file id="fl-23">
         <path>.\driverlib\</path>
         <kind>object</kind>
         <file>pwm.obj</file>
         <name>pwm.obj</name>
      </input_file>
      <input_file id="fl-24">
         <path>.\driverlib\</path>
         <kind>object</kind>
         <file>qei.obj</file>
         <name>qei.obj</name>
      </input_file>
      <input_file id="fl-25">
         <path>.\driverlib\</path>
         <kind>object</kind>
         <file>shamd5.obj</file>
         <name>shamd5.obj</name>
      </input_file>
      <input_file id="fl-26">
         <path>.\driverlib\</path>
         <kind>object</kind>
         <file>ssi.obj</file>
         <name>ssi.obj</name>
      </input_file>
      <input_file id="fl-27">
         <path>.\driverlib\</path>
         <kind>object</kind>
         <file>sw_crc.obj</file>
         <name>sw_crc.obj</name>
      </input_file>
      <input_file id="fl-28">
         <path>.\driverlib\</path>
         <kind>object</kind>
         <file>sysctl.obj</file>
         <name>sysctl.obj</name>
      </input_file>
      <input_file id="fl-29">
         <path>.\driverlib\</path>
         <kind>object</kind>
         <file>sysexc.obj</file>
         <name>sysexc.obj</name>
      </input_file>
      <input_file id="fl-2a">
         <path>.\driverlib\</path>
         <kind>object</kind>
         <file>systick.obj</file>
         <name>systick.obj</name>
      </input_file>
      <input_file id="fl-2b">
         <path>.\driverlib\</path>
         <kind>object</kind>
         <file>timer.obj</file>
         <name>timer.obj</name>
      </input_file>
      <input_file id="fl-2c">
         <path>.\driverlib\</path>
         <kind>object</kind>
         <file>uart.obj</file>
         <name>uart.obj</name>
      </input_file>
      <input_file id="fl-2d">
         <path>.\driverlib\</path>
         <kind>object</kind>
         <file>udma.obj</file>
         <name>udma.obj</name>
      </input_file>
      <input_file id="fl-2e">
         <path>.\driverlib\</path>
         <kind>object</kind>
         <file>usb.obj</file>
         <name>usb.obj</name>
      </input_file>
      <input_file id="fl-2f">
         <path>.\driverlib\</path>
         <kind>object</kind>
         <file>watchdog.obj</file>
         <name>watchdog.obj</name>
      </input_file>
      <input_file id="fl-30">
         <path>.\drivers\</path>
         <kind>object</kind>
         <file>buttons.obj</file>
         <name>buttons.obj</name>
      </input_file>
      <input_file id="fl-31">
         <path>.\drivers\</path>
         <kind>object</kind>
         <file>rgb.obj</file>
         <name>rgb.obj</name>
      </input_file>
      <input_file id="fl-32">
         <path>.\utils\</path>
         <kind>object</kind>
         <file>RunTimeStatsConfig.obj</file>
         <name>RunTimeStatsConfig.obj</name>
      </input_file>
      <input_file id="fl-33">
         <path>.\utils\</path>
         <kind>object</kind>
         <file>cmdline.obj</file>
         <name>cmdline.obj</name>
      </input_file>
      <input_file id="fl-34">
         <path>.\utils\</path>
         <kind>object</kind>
         <file>cpu_usage.obj</file>
         <name>cpu_usage.obj</name>
      </input_file>
      <input_file id="fl-35">
         <path>.\utils\</path>
         <kind>object</kind>
         <file>uartstdio.obj</file>
         <name>uartstdio.obj</name>
      </input_file>
      <input_file id="fl-39">
         <kind>object</kind>
         <file>&lt;internal&gt;</file>
         <name>&lt;internal&gt;</name>
      </input_file>
      <input_file id="fl-ef">
         <path>C:\ti\ccs1110\ccs\tools\compiler\ti-cgt-arm_20.2.5.LTS\lib\</path>
         <kind>archive</kind>
         <file>rtsv7M4_T_le_v4SPD16_eabi.lib</file>
         <name>sprintf.c.obj</name>
      </input_file>
      <input_file id="fl-f0">
         <path>C:\ti\ccs1110\ccs\tools\compiler\ti-cgt-arm_20.2.5.LTS\lib\</path>
         <kind>archive</kind>
         <file>rtsv7M4_T_le_v4SPD16_eabi.lib</file>
         <name>fs_toull_t2.asm.obj</name>
      </input_file>
      <input_file id="fl-f1">
         <path>C:\ti\ccs1110\ccs\tools\compiler\ti-cgt-arm_20.2.5.LTS\lib\</path>
         <kind>archive</kind>
         <file>rtsv7M4_T_le_v4SPD16_eabi.lib</file>
         <name>memcpy_t2.asm.obj</name>
      </input_file>
      <input_file id="fl-f2">
         <path>C:\ti\ccs1110\ccs\tools\compiler\ti-cgt-arm_20.2.5.LTS\lib\</path>
         <kind>archive</kind>
         <file>rtsv7M4_T_le_v4SPD16_eabi.lib</file>
         <name>u_divt2.asm.obj</name>
      </input_file>
      <input_file id="fl-f3">
         <path>C:\ti\ccs1110\ccs\tools\compiler\ti-cgt-arm_20.2.5.LTS\lib\</path>
         <kind>archive</kind>
         <file>rtsv7M4_T_le_v4SPD16_eabi.lib</file>
         <name>memset_t2.asm.obj</name>
      </input_file>
      <input_file id="fl-f4">
         <path>C:\ti\ccs1110\ccs\tools\compiler\ti-cgt-arm_20.2.5.LTS\lib\</path>
         <kind>archive</kind>
         <file>rtsv7M4_T_le_v4SPD16_eabi.lib</file>
         <name>copy_zero_init.c.obj</name>
      </input_file>
      <input_file id="fl-f5">
         <path>C:\ti\ccs1110\ccs\tools\compiler\ti-cgt-arm_20.2.5.LTS\lib\</path>
         <kind>archive</kind>
         <file>rtsv7M4_T_le_v4SPD16_eabi.lib</file>
         <name>copy_decompress_none.c.obj</name>
      </input_file>
      <input_file id="fl-f6">
         <path>C:\ti\ccs1110\ccs\tools\compiler\ti-cgt-arm_20.2.5.LTS\lib\</path>
         <kind>archive</kind>
         <file>rtsv7M4_T_le_v4SPD16_eabi.lib</file>
         <name>copy_decompress_lzss.c.obj</name>
      </input_file>
      <input_file id="fl-f7">
         <path>C:\ti\ccs1110\ccs\tools\compiler\ti-cgt-arm_20.2.5.LTS\lib\</path>
         <kind>archive</kind>
         <file>rtsv7M4_T_le_v4SPD16_eabi.lib</file>
         <name>strcmp.c.obj</name>
      </input_file>
      <input_file id="fl-f8">
         <path>C:\ti\ccs1110\ccs\tools\compiler\ti-cgt-arm_20.2.5.LTS\lib\</path>
         <kind>archive</kind>
         <file>rtsv7M4_T_le_v4SPD16_eabi.lib</file>
         <name>strcpy.c.obj</name>
      </input_file>
      <input_file id="fl-f9">
         <path>C:\ti\ccs1110\ccs\tools\compiler\ti-cgt-arm_20.2.5.LTS\lib\</path>
         <kind>archive</kind>
         <file>rtsv7M4_T_le_v4SPD16_eabi.lib</file>
         <name>strlen.c.obj</name>
      </input_file>
      <input_file id="fl-fa">
         <path>C:\ti\ccs1110\ccs\tools\compiler\ti-cgt-arm_20.2.5.LTS\lib\</path>
         <kind>archive</kind>
         <file>rtsv7M4_T_le_v4SPD16_eabi.lib</file>
         <name>boot_cortex_m.c.obj</name>
      </input_file>
      <input_file id="fl-fb">
         <path>C:\ti\ccs1110\ccs\tools\compiler\ti-cgt-arm_20.2.5.LTS\lib\</path>
         <kind>archive</kind>
         <file>rtsv7M4_T_le_v4SPD16_eabi.lib</file>
         <name>_printfi.c.obj</name>
      </input_file>
      <input_file id="fl-fc">
         <path>C:\ti\ccs1110\ccs\tools\compiler\ti-cgt-arm_20.2.5.LTS\lib\</path>
         <kind>archive</kind>
         <file>rtsv7M4_T_le_v4SPD16_eabi.lib</file>
         <name>s_frexp.c.obj</name>
      </input_file>
      <input_file id="fl-fd">
         <path>C:\ti\ccs1110\ccs\tools\compiler\ti-cgt-arm_20.2.5.LTS\lib\</path>
         <kind>archive</kind>
         <file>rtsv7M4_T_le_v4SPD16_eabi.lib</file>
         <name>s_scalbn.c.obj</name>
      </input_file>
      <input_file id="fl-fe">
         <path>C:\ti\ccs1110\ccs\tools\compiler\ti-cgt-arm_20.2.5.LTS\lib\</path>
         <kind>archive</kind>
         <file>rtsv7M4_T_le_v4SPD16_eabi.lib</file>
         <name>wcslen.c.obj</name>
      </input_file>
      <input_file id="fl-ff">
         <path>C:\ti\ccs1110\ccs\tools\compiler\ti-cgt-arm_20.2.5.LTS\lib\</path>
         <kind>archive</kind>
         <file>rtsv7M4_T_le_v4SPD16_eabi.lib</file>
         <name>div0.asm.obj</name>
      </input_file>
      <input_file id="fl-100">
         <path>C:\ti\ccs1110\ccs\tools\compiler\ti-cgt-arm_20.2.5.LTS\lib\</path>
         <kind>archive</kind>
         <file>rtsv7M4_T_le_v4SPD16_eabi.lib</file>
         <name>fd_add_t2.asm.obj</name>
      </input_file>
      <input_file id="fl-101">
         <path>C:\ti\ccs1110\ccs\tools\compiler\ti-cgt-arm_20.2.5.LTS\lib\</path>
         <kind>archive</kind>
         <file>rtsv7M4_T_le_v4SPD16_eabi.lib</file>
         <name>fd_cmp_t2.asm.obj</name>
      </input_file>
      <input_file id="fl-102">
         <path>C:\ti\ccs1110\ccs\tools\compiler\ti-cgt-arm_20.2.5.LTS\lib\</path>
         <kind>archive</kind>
         <file>rtsv7M4_T_le_v4SPD16_eabi.lib</file>
         <name>fd_div_t2.asm.obj</name>
      </input_file>
      <input_file id="fl-103">
         <path>C:\ti\ccs1110\ccs\tools\compiler\ti-cgt-arm_20.2.5.LTS\lib\</path>
         <kind>archive</kind>
         <file>rtsv7M4_T_le_v4SPD16_eabi.lib</file>
         <name>fd_mul_t2.asm.obj</name>
      </input_file>
      <input_file id="fl-104">
         <path>C:\ti\ccs1110\ccs\tools\compiler\ti-cgt-arm_20.2.5.LTS\lib\</path>
         <kind>archive</kind>
         <file>rtsv7M4_T_le_v4SPD16_eabi.lib</file>
         <name>fd_toi_t2.asm.obj</name>
      </input_file>
      <input_file id="fl-105">
         <path>C:\ti\ccs1110\ccs\tools\compiler\ti-cgt-arm_20.2.5.LTS\lib\</path>
         <kind>archive</kind>
         <file>rtsv7M4_T_le_v4SPD16_eabi.lib</file>
         <name>i_tofd_t2.asm.obj</name>
      </input_file>
      <input_file id="fl-106">
         <path>C:\ti\ccs1110\ccs\tools\compiler\ti-cgt-arm_20.2.5.LTS\lib\</path>
         <kind>archive</kind>
         <file>rtsv7M4_T_le_v4SPD16_eabi.lib</file>
         <name>ull_div_t2.asm.obj</name>
      </input_file>
      <input_file id="fl-107">
         <path>C:\ti\ccs1110\ccs\tools\compiler\ti-cgt-arm_20.2.5.LTS\lib\</path>
         <kind>archive</kind>
         <file>rtsv7M4_T_le_v4SPD16_eabi.lib</file>
         <name>autoinit.c.obj</name>
      </input_file>
      <input_file id="fl-108">
         <path>C:\ti\ccs1110\ccs\tools\compiler\ti-cgt-arm_20.2.5.LTS\lib\</path>
         <kind>archive</kind>
         <file>rtsv7M4_T_le_v4SPD16_eabi.lib</file>
         <name>pre_init.c.obj</name>
      </input_file>
      <input_file id="fl-109">
         <path>C:\ti\ccs1110\ccs\tools\compiler\ti-cgt-arm_20.2.5.LTS\lib\</path>
         <kind>archive</kind>
         <file>rtsv7M4_T_le_v4SPD16_eabi.lib</file>
         <name>cpy_tbl.c.obj</name>
      </input_file>
      <input_file id="fl-10a">
         <path>C:\ti\ccs1110\ccs\tools\compiler\ti-cgt-arm_20.2.5.LTS\lib\</path>
         <kind>archive</kind>
         <file>rtsv7M4_T_le_v4SPD16_eabi.lib</file>
         <name>exit.c.obj</name>
      </input_file>
      <input_file id="fl-10b">
         <path>C:\ti\ccs1110\ccs\tools\compiler\ti-cgt-arm_20.2.5.LTS\lib\</path>
         <kind>archive</kind>
         <file>rtsv7M4_T_le_v4SPD16_eabi.lib</file>
         <name>_lock.c.obj</name>
      </input_file>
      <input_file id="fl-10c">
         <path>C:\ti\ccs1110\ccs\tools\compiler\ti-cgt-arm_20.2.5.LTS\lib\</path>
         <kind>archive</kind>
         <file>rtsv7M4_T_le_v4SPD16_eabi.lib</file>
         <name>_ltoa.c.obj</name>
      </input_file>
      <input_file id="fl-10d">
         <path>C:\ti\ccs1110\ccs\tools\compiler\ti-cgt-arm_20.2.5.LTS\lib\</path>
         <kind>archive</kind>
         <file>rtsv7M4_T_le_v4SPD16_eabi.lib</file>
         <name>args_main.c.obj</name>
      </input_file>
      <input_file id="fl-10e">
         <path>C:\ti\ccs1110\ccs\tools\compiler\ti-cgt-arm_20.2.5.LTS\lib\</path>
         <kind>archive</kind>
         <file>rtsv7M4_T_le_v4SPD16_eabi.lib</file>
         <name>atoi.c.obj</name>
      </input_file>
      <input_file id="fl-10f">
         <path>C:\ti\ccs1110\ccs\tools\compiler\ti-cgt-arm_20.2.5.LTS\lib\</path>
         <kind>archive</kind>
         <file>rtsv7M4_T_le_v4SPD16_eabi.lib</file>
         <name>ctype.c.obj</name>
      </input_file>
      <input_file id="fl-110">
         <path>C:\ti\ccs1110\ccs\tools\compiler\ti-cgt-arm_20.2.5.LTS\lib\</path>
         <kind>archive</kind>
         <file>rtsv7M4_T_le_v4SPD16_eabi.lib</file>
         <name>memccpy.c.obj</name>
      </input_file>
      <input_file id="fl-111">
         <path>C:\ti\ccs1110\ccs\tools\compiler\ti-cgt-arm_20.2.5.LTS\lib\</path>
         <kind>archive</kind>
         <file>rtsv7M4_T_le_v4SPD16_eabi.lib</file>
         <name>strchr.c.obj</name>
      </input_file>
      <input_file id="fl-112">
         <path>C:\ti\ccs1110\ccs\tools\compiler\ti-cgt-arm_20.2.5.LTS\lib\</path>
         <kind>archive</kind>
         <file>rtsv7M4_T_le_v4SPD16_eabi.lib</file>
         <name>errno.c.obj</name>
      </input_file>
      <input_file id="fl-113">
         <path>C:\ti\ccs1110\ccs\tools\compiler\ti-cgt-arm_20.2.5.LTS\lib\</path>
         <kind>archive</kind>
         <file>rtsv7M4_T_le_v4SPD16_eabi.lib</file>
         <name>s_copysign.c.obj</name>
      </input_file>
   </input_file_list>
   <object_component_list>
      <object_component id="oc-12">
         <name>.intvecs</name>
         <load_address>0x0</load_address>
         <run_address>0x0</run_address>
         <size>0x26c</size>
         <input_file_ref idref="fl-4"/>
      </object_component>
      <object_component id="oc-91">
         <name>.text</name>
         <load_address>0x26c</load_address>
         <run_address>0x26c</run_address>
         <size>0x1d1c</size>
         <input_file_ref idref="fl-a"/>
      </object_component>
      <object_component id="oc-a7">
         <name>.text</name>
         <load_address>0x1f88</load_address>
         <run_address>0x1f88</run_address>
         <size>0xf80</size>
         <input_file_ref idref="fl-28"/>
      </object_component>
      <object_component id="oc-fa">
         <name>.text</name>
         <load_address>0x2f08</load_address>
         <run_address>0x2f08</run_address>
         <size>0xd20</size>
         <input_file_ref idref="fl-8"/>
      </object_component>
      <object_component id="oc-c8">
         <name>.text</name>
         <load_address>0x3c28</load_address>
         <run_address>0x3c28</run_address>
         <size>0xc14</size>
         <input_file_ref idref="fl-1c"/>
      </object_component>
      <object_component id="oc-3e">
         <name>.text</name>
         <load_address>0x483c</load_address>
         <run_address>0x483c</run_address>
         <size>0xab0</size>
         <input_file_ref idref="fl-35"/>
      </object_component>
      <object_component id="oc-2f8">
         <name>.text:__TI_printfi</name>
         <load_address>0x52ec</load_address>
         <run_address>0x52ec</run_address>
         <size>0xa4e</size>
         <input_file_ref idref="fl-fb"/>
      </object_component>
      <object_component id="oc-268">
         <name>.text</name>
         <load_address>0x5d3a</load_address>
         <run_address>0x5d3a</run_address>
         <size>0x2</size>
         <input_file_ref idref="fl-ff"/>
      </object_component>
      <object_component id="oc-12a">
         <name>.text</name>
         <load_address>0x5d3c</load_address>
         <run_address>0x5d3c</run_address>
         <size>0x840</size>
         <input_file_ref idref="fl-f"/>
      </object_component>
      <object_component id="oc-38">
         <name>.text</name>
         <load_address>0x657c</load_address>
         <run_address>0x657c</run_address>
         <size>0x788</size>
         <input_file_ref idref="fl-3"/>
      </object_component>
      <object_component id="oc-ad">
         <name>.text</name>
         <load_address>0x6d04</load_address>
         <run_address>0x6d04</run_address>
         <size>0x718</size>
         <input_file_ref idref="fl-23"/>
      </object_component>
      <object_component id="oc-b3">
         <name>.text</name>
         <load_address>0x741c</load_address>
         <run_address>0x741c</run_address>
         <size>0x6f0</size>
         <input_file_ref idref="fl-b"/>
      </object_component>
      <object_component id="oc-ce">
         <name>.text</name>
         <load_address>0x7b0c</load_address>
         <run_address>0x7b0c</run_address>
         <size>0x642</size>
         <input_file_ref idref="fl-2b"/>
      </object_component>
      <object_component id="oc-100">
         <name>.text</name>
         <load_address>0x8150</load_address>
         <run_address>0x8150</run_address>
         <size>0x62e</size>
         <input_file_ref idref="fl-2c"/>
      </object_component>
      <object_component id="oc-b9">
         <name>.text</name>
         <load_address>0x8780</load_address>
         <run_address>0x8780</run_address>
         <size>0x3c0</size>
         <input_file_ref idref="fl-1f"/>
      </object_component>
      <object_component id="oc-173">
         <name>.text</name>
         <load_address>0x8b40</load_address>
         <run_address>0x8b40</run_address>
         <size>0x3a0</size>
         <input_file_ref idref="fl-e"/>
      </object_component>
      <object_component id="oc-3b6">
         <name>.text:_pconv_a</name>
         <load_address>0x8ee0</load_address>
         <run_address>0x8ee0</run_address>
         <size>0x270</size>
         <input_file_ref idref="fl-fb"/>
      </object_component>
      <object_component id="oc-44">
         <name>.text</name>
         <load_address>0x9150</load_address>
         <run_address>0x9150</run_address>
         <size>0x228</size>
         <input_file_ref idref="fl-2"/>
      </object_component>
      <object_component id="oc-3a4">
         <name>.text:_pconv_g</name>
         <load_address>0x9378</load_address>
         <run_address>0x9378</run_address>
         <size>0x1d0</size>
         <input_file_ref idref="fl-fb"/>
      </object_component>
      <object_component id="oc-42a">
         <name>.text</name>
         <load_address>0x9548</load_address>
         <run_address>0x9548</run_address>
         <size>0x1b6</size>
         <input_file_ref idref="fl-100"/>
      </object_component>
      <object_component id="oc-32">
         <name>.text</name>
         <load_address>0x9700</load_address>
         <run_address>0x9700</run_address>
         <size>0x150</size>
         <input_file_ref idref="fl-c"/>
      </object_component>
      <object_component id="oc-3b0">
         <name>.text:_pconv_e</name>
         <load_address>0x9850</load_address>
         <run_address>0x9850</run_address>
         <size>0x13c</size>
         <input_file_ref idref="fl-fb"/>
      </object_component>
      <object_component id="oc-410">
         <name>.text</name>
         <load_address>0x998c</load_address>
         <run_address>0x998c</run_address>
         <size>0x136</size>
         <input_file_ref idref="fl-102"/>
      </object_component>
      <object_component id="oc-179">
         <name>.text</name>
         <load_address>0x9ac2</load_address>
         <run_address>0x9ac2</run_address>
         <size>0x12a</size>
         <input_file_ref idref="fl-7"/>
      </object_component>
      <object_component id="oc-d4">
         <name>.text</name>
         <load_address>0x9bec</load_address>
         <run_address>0x9bec</run_address>
         <size>0x128</size>
         <input_file_ref idref="fl-30"/>
      </object_component>
      <object_component id="oc-43c">
         <name>.text:fcvt</name>
         <load_address>0x9d14</load_address>
         <run_address>0x9d14</run_address>
         <size>0x124</size>
         <input_file_ref idref="fl-fb"/>
      </object_component>
      <object_component id="oc-450">
         <name>.text:scalbn</name>
         <load_address>0x9e38</load_address>
         <run_address>0x9e38</run_address>
         <size>0x110</size>
         <input_file_ref idref="fl-fd"/>
      </object_component>
      <object_component id="oc-40b">
         <name>.text</name>
         <load_address>0x9f48</load_address>
         <run_address>0x9f48</run_address>
         <size>0xfc</size>
         <input_file_ref idref="fl-103"/>
      </object_component>
      <object_component id="oc-2d">
         <name>.text</name>
         <load_address>0xa044</load_address>
         <run_address>0xa044</run_address>
         <size>0xda</size>
         <input_file_ref idref="fl-d"/>
      </object_component>
      <object_component id="oc-399">
         <name>.text:_ltostr</name>
         <load_address>0xa120</load_address>
         <run_address>0xa120</run_address>
         <size>0xb1</size>
         <input_file_ref idref="fl-fb"/>
      </object_component>
      <object_component id="oc-58">
         <name>.text</name>
         <load_address>0xa1d2</load_address>
         <run_address>0xa1d2</run_address>
         <size>0x9c</size>
         <input_file_ref idref="fl-f1"/>
      </object_component>
      <object_component id="oc-404">
         <name>.text</name>
         <load_address>0xa26e</load_address>
         <run_address>0xa26e</run_address>
         <size>0x96</size>
         <input_file_ref idref="fl-106"/>
      </object_component>
      <object_component id="oc-39f">
         <name>.text:__aeabi_cdcmple</name>
         <load_address>0xa304</load_address>
         <run_address>0xa304</run_address>
         <size>0x86</size>
         <input_file_ref idref="fl-101"/>
      </object_component>
      <object_component id="oc-415">
         <name>.text:__aeabi_cdrcmple</name>
         <load_address>0xa38a</load_address>
         <run_address>0xa38a</run_address>
         <size>0x86</size>
         <input_file_ref idref="fl-101"/>
      </object_component>
      <object_component id="oc-151">
         <name>.text</name>
         <load_address>0xa410</load_address>
         <run_address>0xa410</run_address>
         <size>0x7a</size>
         <input_file_ref idref="fl-f3"/>
      </object_component>
      <object_component id="oc-435">
         <name>.text:_mcpy</name>
         <load_address>0xa48a</load_address>
         <run_address>0xa48a</run_address>
         <size>0x6e</size>
         <input_file_ref idref="fl-fb"/>
      </object_component>
      <object_component id="oc-18b">
         <name>.text</name>
         <load_address>0xa4f8</load_address>
         <run_address>0xa4f8</run_address>
         <size>0x68</size>
         <input_file_ref idref="fl-32"/>
      </object_component>
      <object_component id="oc-15">
         <name>.text:decompress:lzss:__TI_decompress_lzss</name>
         <load_address>0xa560</load_address>
         <run_address>0xa560</run_address>
         <size>0x68</size>
         <input_file_ref idref="fl-f6"/>
      </object_component>
      <object_component id="oc-44a">
         <name>.text:frexp</name>
         <load_address>0xa5c8</load_address>
         <run_address>0xa5c8</run_address>
         <size>0x64</size>
         <input_file_ref idref="fl-fc"/>
      </object_component>
      <object_component id="oc-3aa">
         <name>.text:_pconv_f</name>
         <load_address>0xa62c</load_address>
         <run_address>0xa62c</run_address>
         <size>0x56</size>
         <input_file_ref idref="fl-fb"/>
      </object_component>
      <object_component id="oc-41f">
         <name>.text:__TI_ltoa</name>
         <load_address>0xa682</load_address>
         <run_address>0xa682</run_address>
         <size>0x54</size>
         <input_file_ref idref="fl-10c"/>
      </object_component>
      <object_component id="oc-42f">
         <name>.text:_ecpy</name>
         <load_address>0xa6d6</load_address>
         <run_address>0xa6d6</run_address>
         <size>0x52</size>
         <input_file_ref idref="fl-fb"/>
      </object_component>
      <object_component id="oc-393">
         <name>.text:atoi</name>
         <load_address>0xa728</load_address>
         <run_address>0xa728</run_address>
         <size>0x4c</size>
         <input_file_ref idref="fl-10e"/>
      </object_component>
      <object_component id="oc-41a">
         <name>.text</name>
         <load_address>0xa774</load_address>
         <run_address>0xa774</run_address>
         <size>0x48</size>
         <input_file_ref idref="fl-104"/>
      </object_component>
      <object_component id="oc-298">
         <name>.text:__TI_auto_init_nobinit_nopinit:__TI_auto_init_nobinit_nopinit</name>
         <load_address>0xa7bc</load_address>
         <run_address>0xa7bc</run_address>
         <size>0x44</size>
         <input_file_ref idref="fl-107"/>
      </object_component>
      <object_component id="oc-11b">
         <name>.text</name>
         <load_address>0xa800</load_address>
         <run_address>0xa800</run_address>
         <size>0x40</size>
         <input_file_ref idref="fl-f2"/>
      </object_component>
      <object_component id="oc-1b0">
         <name>.text:sprintf</name>
         <load_address>0xa840</load_address>
         <run_address>0xa840</run_address>
         <size>0x40</size>
         <input_file_ref idref="fl-ef"/>
      </object_component>
      <object_component id="oc-442">
         <name>.text:_fcpy</name>
         <load_address>0xa880</load_address>
         <run_address>0xa880</run_address>
         <size>0x3e</size>
         <input_file_ref idref="fl-fb"/>
      </object_component>
      <object_component id="oc-1d2">
         <name>.text</name>
         <load_address>0xa8be</load_address>
         <run_address>0xa8be</run_address>
         <size>0x3e</size>
         <input_file_ref idref="fl-13"/>
      </object_component>
      <object_component id="oc-76">
         <name>.text:_c_int00_noargs:_c_int00_noargs</name>
         <load_address>0xa8fc</load_address>
         <run_address>0xa8fc</run_address>
         <size>0x34</size>
         <input_file_ref idref="fl-fa"/>
      </object_component>
      <object_component id="oc-425">
         <name>.text</name>
         <load_address>0xa930</load_address>
         <run_address>0xa930</run_address>
         <size>0x2e</size>
         <input_file_ref idref="fl-105"/>
      </object_component>
      <object_component id="oc-194">
         <name>.text:GetOverflowCounts</name>
         <load_address>0xa960</load_address>
         <run_address>0xa960</run_address>
         <size>0x24</size>
         <input_file_ref idref="fl-32"/>
      </object_component>
      <object_component id="oc-3bc">
         <name>.text:memccpy</name>
         <load_address>0xa984</load_address>
         <run_address>0xa984</run_address>
         <size>0x1c</size>
         <input_file_ref idref="fl-110"/>
      </object_component>
      <object_component id="oc-4a4">
         <name>.text:copysign</name>
         <load_address>0xa9a0</load_address>
         <run_address>0xa9a0</run_address>
         <size>0x1a</size>
         <input_file_ref idref="fl-113"/>
      </object_component>
      <object_component id="oc-2fe">
         <name>.text:_outs</name>
         <load_address>0xa9ba</load_address>
         <run_address>0xa9ba</run_address>
         <size>0x18</size>
         <input_file_ref idref="fl-ef"/>
      </object_component>
      <object_component id="oc-456">
         <name>.text:strchr</name>
         <load_address>0xa9d2</load_address>
         <run_address>0xa9d2</run_address>
         <size>0x16</size>
         <input_file_ref idref="fl-111"/>
      </object_component>
      <object_component id="oc-1a4">
         <name>.text:strcpy</name>
         <load_address>0xa9e8</load_address>
         <run_address>0xa9e8</run_address>
         <size>0x14</size>
         <input_file_ref idref="fl-f8"/>
      </object_component>
      <object_component id="oc-1aa">
         <name>.text:strlen</name>
         <load_address>0xa9fc</load_address>
         <run_address>0xa9fc</run_address>
         <size>0x14</size>
         <input_file_ref idref="fl-f9"/>
      </object_component>
      <object_component id="oc-3c2">
         <name>.text:wcslen</name>
         <load_address>0xaa10</load_address>
         <run_address>0xaa10</run_address>
         <size>0x12</size>
         <input_file_ref idref="fl-fe"/>
      </object_component>
      <object_component id="oc-1b">
         <name>.text:decompress:none:__TI_decompress_none</name>
         <load_address>0xaa22</load_address>
         <run_address>0xaa22</run_address>
         <size>0xe</size>
         <input_file_ref idref="fl-f5"/>
      </object_component>
      <object_component id="oc-6a">
         <name>.text:decompress:ZI:__TI_zero_init</name>
         <load_address>0xaa30</load_address>
         <run_address>0xaa30</run_address>
         <size>0xc</size>
         <input_file_ref idref="fl-f4"/>
      </object_component>
      <object_component id="oc-27">
         <name>.text</name>
         <load_address>0xaa3c</load_address>
         <run_address>0xaa3c</run_address>
         <size>0xc</size>
         <input_file_ref idref="fl-4"/>
      </object_component>
      <object_component id="oc-304">
         <name>.text:_outc</name>
         <load_address>0xaa48</load_address>
         <run_address>0xaa48</run_address>
         <size>0xa</size>
         <input_file_ref idref="fl-ef"/>
      </object_component>
      <object_component id="oc-3c8">
         <name>.text:__aeabi_errno_addr</name>
         <load_address>0xaa54</load_address>
         <run_address>0xaa54</run_address>
         <size>0x8</size>
         <input_file_ref idref="fl-112"/>
      </object_component>
      <object_component id="oc-1e1">
         <name>.text:SysCtlDelay</name>
         <load_address>0xaa5c</load_address>
         <run_address>0xaa5c</run_address>
         <size>0x6</size>
         <input_file_ref idref="fl-28"/>
      </object_component>
      <object_component id="oc-157">
         <name>.text:_system_pre_init</name>
         <load_address>0xaa62</load_address>
         <run_address>0xaa62</run_address>
         <size>0x4</size>
         <input_file_ref idref="fl-108"/>
      </object_component>
      <object_component id="oc-28c">
         <name>.text:abort:abort</name>
         <load_address>0xaa66</load_address>
         <run_address>0xaa66</run_address>
         <size>0x4</size>
         <input_file_ref idref="fl-10a"/>
      </object_component>
      <object_component id="oc-1de">
         <name>.const:g_pppui32XTALtoVCO</name>
         <load_address>0xaa6c</load_address>
         <run_address>0xaa6c</run_address>
         <size>0x1b0</size>
         <input_file_ref idref="fl-28"/>
      </object_component>
      <object_component id="oc-3ff">
         <name>.const:.string:_ctypes_</name>
         <load_address>0xac1c</load_address>
         <run_address>0xac1c</run_address>
         <size>0x101</size>
         <input_file_ref idref="fl-10f"/>
      </object_component>
      <object_component id="oc-223">
         <name>.const:g_ppui32GPIOIntMapSnowflake</name>
         <load_address>0xad20</load_address>
         <run_address>0xad20</run_address>
         <size>0xd8</size>
         <input_file_ref idref="fl-1c"/>
      </object_component>
      <object_component id="oc-220">
         <name>.const:g_ppui32GPIOIntMapBlizzard</name>
         <load_address>0xadf8</load_address>
         <run_address>0xadf8</run_address>
         <size>0xc0</size>
         <input_file_ref idref="fl-1c"/>
      </object_component>
      <object_component id="oc-209">
         <name>.const:g_pui32Regs</name>
         <load_address>0xaeb8</load_address>
         <run_address>0xaeb8</run_address>
         <size>0x9c</size>
         <input_file_ref idref="fl-1f"/>
      </object_component>
      <object_component id="oc-226">
         <name>.const:g_pui32GPIOBaseAddrs</name>
         <load_address>0xaf54</load_address>
         <run_address>0xaf54</run_address>
         <size>0x90</size>
         <input_file_ref idref="fl-1c"/>
      </object_component>
      <object_component id="oc-1d8">
         <name>.const:g_pui32Xtals</name>
         <load_address>0xafe4</load_address>
         <run_address>0xafe4</run_address>
         <size>0x6c</size>
         <input_file_ref idref="fl-28"/>
      </object_component>
      <object_component id="oc-22b">
         <name>.const:g_ppui32TimerIntMap</name>
         <load_address>0xb050</load_address>
         <run_address>0xb050</run_address>
         <size>0x60</size>
         <input_file_ref idref="fl-2b"/>
      </object_component>
      <object_component id="oc-22e">
         <name>.const:g_ppui32TimerIntMapSnowflake</name>
         <load_address>0xb0b0</load_address>
         <run_address>0xb0b0</run_address>
         <size>0x40</size>
         <input_file_ref idref="fl-2b"/>
      </object_component>
      <object_component id="oc-252">
         <name>.const:g_ppui32UARTIntMap</name>
         <load_address>0xb0f0</load_address>
         <run_address>0xb0f0</run_address>
         <size>0x40</size>
         <input_file_ref idref="fl-2c"/>
      </object_component>
      <object_component id="oc-255">
         <name>.const:g_ppui32UARTIntMapSnowflake</name>
         <load_address>0xb130</load_address>
         <run_address>0xb130</run_address>
         <size>0x40</size>
         <input_file_ref idref="fl-2c"/>
      </object_component>
      <object_component id="oc-1cf">
         <name>.const:g_sXTALtoMEMTIM</name>
         <load_address>0xb170</load_address>
         <run_address>0xb170</run_address>
         <size>0x30</size>
         <input_file_ref idref="fl-28"/>
      </object_component>
      <object_component id="oc-206">
         <name>.const:g_pui32Priority</name>
         <load_address>0xb1a0</load_address>
         <run_address>0xb1a0</run_address>
         <size>0x20</size>
         <input_file_ref idref="fl-1f"/>
      </object_component>
      <object_component id="oc-20f">
         <name>.const:g_pui32Dii16Regs</name>
         <load_address>0xb1c0</load_address>
         <run_address>0xb1c0</run_address>
         <size>0x14</size>
         <input_file_ref idref="fl-1f"/>
      </object_component>
      <object_component id="oc-20c">
         <name>.const:g_pui32EnRegs</name>
         <load_address>0xb1d4</load_address>
         <run_address>0xb1d4</run_address>
         <size>0x14</size>
         <input_file_ref idref="fl-1f"/>
      </object_component>
      <object_component id="oc-212">
         <name>.const:g_pui32PendRegs</name>
         <load_address>0xb1e8</load_address>
         <run_address>0xb1e8</run_address>
         <size>0x14</size>
         <input_file_ref idref="fl-1f"/>
      </object_component>
      <object_component id="oc-215">
         <name>.const:g_pui32UnpendRegs</name>
         <load_address>0xb1fc</load_address>
         <run_address>0xb1fc</run_address>
         <size>0x14</size>
         <input_file_ref idref="fl-1f"/>
      </object_component>
      <object_component id="oc-26e">
         <name>.const:.string</name>
         <load_address>0xb210</load_address>
         <run_address>0xb210</run_address>
         <size>0x12</size>
         <input_file_ref idref="fl-35"/>
      </object_component>
      <object_component id="oc-10c">
         <name>.const:g_ui32UARTBase</name>
         <load_address>0xb224</load_address>
         <run_address>0xb224</run_address>
         <size>0xc</size>
         <input_file_ref idref="fl-35"/>
      </object_component>
      <object_component id="oc-112">
         <name>.const:g_ui32UARTInt</name>
         <load_address>0xb230</load_address>
         <run_address>0xb230</run_address>
         <size>0xc</size>
         <input_file_ref idref="fl-35"/>
      </object_component>
      <object_component id="oc-10f">
         <name>.const:g_ui32UARTPeriph</name>
         <load_address>0xb23c</load_address>
         <run_address>0xb23c</run_address>
         <size>0xc</size>
         <input_file_ref idref="fl-35"/>
      </object_component>
      <object_component id="oc-1db">
         <name>.const:g_pui32VCOFrequencies</name>
         <load_address>0xb248</load_address>
         <run_address>0xb248</run_address>
         <size>0x8</size>
         <input_file_ref idref="fl-28"/>
      </object_component>
      <object_component id="oc-8e">
         <name>.const</name>
         <load_address>0xb250</load_address>
         <run_address>0xb250</run_address>
         <size>0x4</size>
         <input_file_ref idref="fl-c"/>
      </object_component>
      <object_component id="oc-19b">
         <name>.const</name>
         <load_address>0xb254</load_address>
         <run_address>0xb254</run_address>
         <size>0x4</size>
         <input_file_ref idref="fl-a"/>
      </object_component>
      <object_component id="oc-120">
         <name>.const</name>
         <load_address>0xb258</load_address>
         <run_address>0xb258</run_address>
         <size>0x4</size>
         <input_file_ref idref="fl-35"/>
      </object_component>
      <object_component id="oc-4fc">
         <name>.cinit..data.load</name>
         <load_address>0xb260</load_address>
         <run_address>0xb260</run_address>
         <size>0x5e</size>
      </object_component>
      <object_component id="oc-4f9">
         <name>__TI_handler_table</name>
         <load_address>0xb2c0</load_address>
         <run_address>0xb2c0</run_address>
         <size>0xc</size>
      </object_component>
      <object_component id="oc-4fd">
         <name>.cinit..bss.load</name>
         <load_address>0xb2d0</load_address>
         <run_address>0xb2d0</run_address>
         <size>0x8</size>
      </object_component>
      <object_component id="oc-4fb">
         <name>.cinit..vtable.load</name>
         <load_address>0xb2d8</load_address>
         <run_address>0xb2d8</run_address>
         <size>0x8</size>
      </object_component>
      <object_component id="oc-4fa">
         <name>__TI_cinit_table</name>
         <load_address>0xb2e0</load_address>
         <run_address>0xb2e0</run_address>
         <size>0x18</size>
      </object_component>
      <object_component id="oc-203">
         <name>.vtable</name>
         <uninitialized>true</uninitialized>
         <run_address>0x20000000</run_address>
         <size>0x26c</size>
         <input_file_ref idref="fl-1f"/>
      </object_component>
      <object_component id="oc-bf">
         <name>.data</name>
         <load_address>0x20005980</load_address>
         <run_address>0x20005980</run_address>
         <size>0xc</size>
         <input_file_ref idref="fl-3"/>
      </object_component>
      <object_component id="oc-c2">
         <name>.data:LUT_ADC</name>
         <load_address>0x2000592c</load_address>
         <run_address>0x2000592c</run_address>
         <size>0x1e</size>
         <input_file_ref idref="fl-3"/>
      </object_component>
      <object_component id="oc-c5">
         <name>.data:centimetros</name>
         <load_address>0x2000594a</load_address>
         <run_address>0x2000594a</run_address>
         <size>0x1e</size>
         <input_file_ref idref="fl-3"/>
      </object_component>
      <object_component id="oc-8b">
         <name>.data</name>
         <load_address>0x200058f0</load_address>
         <run_address>0x200058f0</run_address>
         <size>0x3c</size>
         <input_file_ref idref="fl-a"/>
      </object_component>
      <object_component id="oc-1eb">
         <name>.data</name>
         <load_address>0x2000598c</load_address>
         <run_address>0x2000598c</run_address>
         <size>0xc</size>
         <input_file_ref idref="fl-b"/>
      </object_component>
      <object_component id="oc-98">
         <name>.data</name>
         <load_address>0x200059a4</load_address>
         <run_address>0x200059a4</run_address>
         <size>0x4</size>
         <input_file_ref idref="fl-c"/>
      </object_component>
      <object_component id="oc-2d6">
         <name>.data</name>
         <load_address>0x20005968</load_address>
         <run_address>0x20005968</run_address>
         <size>0x18</size>
         <input_file_ref idref="fl-e"/>
      </object_component>
      <object_component id="oc-233">
         <name>.data</name>
         <load_address>0x200059ac</load_address>
         <run_address>0x200059ac</run_address>
         <size>0x3</size>
         <input_file_ref idref="fl-30"/>
      </object_component>
      <object_component id="oc-106">
         <name>.data</name>
         <load_address>0x20005998</load_address>
         <run_address>0x20005998</run_address>
         <size>0xc</size>
         <input_file_ref idref="fl-35"/>
      </object_component>
      <object_component id="oc-466">
         <name>.data</name>
         <load_address>0x200059a8</load_address>
         <run_address>0x200059a8</run_address>
         <size>0x4</size>
         <input_file_ref idref="fl-112"/>
      </object_component>
      <object_component id="oc-130">
         <name>.bss</name>
         <uninitialized>true</uninitialized>
         <run_address>0x200056b8</run_address>
         <size>0x8</size>
         <input_file_ref idref="fl-2"/>
      </object_component>
      <object_component id="oc-17f">
         <name>.bss:pxReadyTasksLists</name>
         <uninitialized>true</uninitialized>
         <run_address>0x2000546c</run_address>
         <size>0x140</size>
         <input_file_ref idref="fl-a"/>
      </object_component>
      <object_component id="oc-19e">
         <name>.bss:xDelayedTaskList1</name>
         <uninitialized>true</uninitialized>
         <run_address>0x20005644</run_address>
         <size>0x14</size>
         <input_file_ref idref="fl-a"/>
      </object_component>
      <object_component id="oc-1a1">
         <name>.bss:xDelayedTaskList2</name>
         <uninitialized>true</uninitialized>
         <run_address>0x20005658</run_address>
         <size>0x14</size>
         <input_file_ref idref="fl-a"/>
      </object_component>
      <object_component id="oc-185">
         <name>.bss</name>
         <uninitialized>true</uninitialized>
         <run_address>0x200056c8</run_address>
         <size>0x8</size>
         <input_file_ref idref="fl-a"/>
      </object_component>
      <object_component id="oc-191">
         <name>.bss:xPendingReadyList</name>
         <uninitialized>true</uninitialized>
         <run_address>0x2000566c</run_address>
         <size>0x14</size>
         <input_file_ref idref="fl-a"/>
      </object_component>
      <object_component id="oc-182">
         <name>.bss:xTasksWaitingTermination</name>
         <uninitialized>true</uninitialized>
         <run_address>0x20005694</run_address>
         <size>0x14</size>
         <input_file_ref idref="fl-a"/>
      </object_component>
      <object_component id="oc-188">
         <name>.bss:xSuspendedTaskList</name>
         <uninitialized>true</uninitialized>
         <run_address>0x20005680</run_address>
         <size>0x14</size>
         <input_file_ref idref="fl-a"/>
      </object_component>
      <object_component id="oc-1f1">
         <name>.bss:xActiveTimerList1</name>
         <uninitialized>true</uninitialized>
         <run_address>0x2000561c</run_address>
         <size>0x14</size>
         <input_file_ref idref="fl-b"/>
      </object_component>
      <object_component id="oc-1f4">
         <name>.bss:xActiveTimerList2</name>
         <uninitialized>true</uninitialized>
         <run_address>0x20005630</run_address>
         <size>0x14</size>
         <input_file_ref idref="fl-b"/>
      </object_component>
      <object_component id="oc-1ee">
         <name>.bss</name>
         <uninitialized>true</uninitialized>
         <run_address>0x200056d0</run_address>
         <size>0x8</size>
         <input_file_ref idref="fl-b"/>
      </object_component>
      <object_component id="oc-2dc">
         <name>.bss:ucHeap</name>
         <uninitialized>true</uninitialized>
         <run_address>0x2000026c</run_address>
         <size>0x5000</size>
         <input_file_ref idref="fl-e"/>
      </object_component>
      <object_component id="oc-2d9">
         <name>.bss:xStart</name>
         <uninitialized>true</uninitialized>
         <run_address>0x200056d8</run_address>
         <size>0x8</size>
         <input_file_ref idref="fl-e"/>
      </object_component>
      <object_component id="oc-273">
         <name>.bss:g_pui8OversampleFactor</name>
         <uninitialized>true</uninitialized>
         <run_address>0x200056c0</run_address>
         <size>0x8</size>
         <input_file_ref idref="fl-f"/>
      </object_component>
      <object_component id="oc-109">
         <name>.bss</name>
         <uninitialized>true</uninitialized>
         <run_address>0x200056a8</run_address>
         <size>0x10</size>
         <input_file_ref idref="fl-35"/>
      </object_component>
      <object_component id="oc-118">
         <name>.bss:g_pcUARTRxHistoryBuffer</name>
         <uninitialized>true</uninitialized>
         <run_address>0x2000526c</run_address>
         <size>0x200</size>
         <input_file_ref idref="fl-35"/>
      </object_component>
      <object_component id="oc-115">
         <name>.bss:g_usUARTRxHistoryOffset</name>
         <uninitialized>true</uninitialized>
         <run_address>0x200055fc</run_address>
         <size>0x20</size>
         <input_file_ref idref="fl-35"/>
      </object_component>
      <object_component id="oc-dd">
         <name>.common:TimerAtras</name>
         <uninitialized>true</uninitialized>
         <run_address>0x200056e0</run_address>
         <size>0x4</size>
      </object_component>
      <object_component id="oc-de">
         <name>.common:TimerGiro</name>
         <uninitialized>true</uninitialized>
         <run_address>0x200056e4</run_address>
         <size>0x4</size>
      </object_component>
      <object_component id="oc-da">
         <name>.common:TimerSharp</name>
         <uninitialized>true</uninitialized>
         <run_address>0x200056ec</run_address>
         <size>0x4</size>
      </object_component>
      <object_component id="oc-df">
         <name>.common:TimerInit</name>
         <uninitialized>true</uninitialized>
         <run_address>0x200056e8</run_address>
         <size>0x4</size>
      </object_component>
      <object_component id="oc-249">
         <name>.common:xQueueRegistry</name>
         <uninitialized>true</uninitialized>
         <run_address>0x200055ac</run_address>
         <size>0x50</size>
      </object_component>
      <object_component id="oc-24">
         <name>.stack</name>
         <uninitialized>true</uninitialized>
         <run_address>0x200056f0</run_address>
         <size>0x4</size>
         <input_file_ref idref="fl-fa"/>
      </object_component>
      <object_component id="oc-4ff">
         <name>.stack</name>
         <uninitialized>true</uninitialized>
         <run_address>0x200056f0</run_address>
         <size>0x0</size>
      </object_component>
      <object_component id="oc-134">
         <name>.debug_info</name>
         <load_address>0x0</load_address>
         <run_address>0x0</run_address>
         <size>0x809</size>
         <input_file_ref idref="fl-2"/>
      </object_component>
      <object_component id="oc-131">
         <name>.debug_info</name>
         <load_address>0x809</load_address>
         <run_address>0x809</run_address>
         <size>0xf2</size>
         <input_file_ref idref="fl-2"/>
      </object_component>
      <object_component id="oc-48">
         <name>.debug_info</name>
         <load_address>0x8fb</load_address>
         <run_address>0x8fb</run_address>
         <size>0x7ec</size>
         <input_file_ref idref="fl-2"/>
      </object_component>
      <object_component id="oc-e1">
         <name>.debug_info</name>
         <load_address>0x10e7</load_address>
         <run_address>0x10e7</run_address>
         <size>0x315</size>
         <input_file_ref idref="fl-2"/>
      </object_component>
      <object_component id="oc-e6">
         <name>.debug_info</name>
         <load_address>0x13fc</load_address>
         <run_address>0x13fc</run_address>
         <size>0xf3</size>
         <input_file_ref idref="fl-2"/>
      </object_component>
      <object_component id="oc-137">
         <name>.debug_info</name>
         <load_address>0x14ef</load_address>
         <run_address>0x14ef</run_address>
         <size>0x26b</size>
         <input_file_ref idref="fl-2"/>
      </object_component>
      <object_component id="oc-1ca">
         <name>.debug_info</name>
         <load_address>0x175a</load_address>
         <run_address>0x175a</run_address>
         <size>0x476</size>
         <input_file_ref idref="fl-2"/>
      </object_component>
      <object_component id="oc-23a">
         <name>.debug_info</name>
         <load_address>0x1bd0</load_address>
         <run_address>0x1bd0</run_address>
         <size>0x4f</size>
         <input_file_ref idref="fl-2"/>
      </object_component>
      <object_component id="oc-53">
         <name>.debug_info</name>
         <load_address>0x1c1f</load_address>
         <run_address>0x1c1f</run_address>
         <size>0x84</size>
         <input_file_ref idref="fl-2"/>
      </object_component>
      <object_component id="oc-9d">
         <name>.debug_info</name>
         <load_address>0x1ca3</load_address>
         <run_address>0x1ca3</run_address>
         <size>0x2c</size>
         <input_file_ref idref="fl-2"/>
      </object_component>
      <object_component id="oc-244">
         <name>.debug_info</name>
         <load_address>0x1ccf</load_address>
         <run_address>0x1ccf</run_address>
         <size>0x2a4</size>
         <input_file_ref idref="fl-2"/>
      </object_component>
      <object_component id="oc-1e3">
         <name>.debug_info</name>
         <load_address>0x1f73</load_address>
         <run_address>0x1f73</run_address>
         <size>0xef</size>
         <input_file_ref idref="fl-2"/>
      </object_component>
      <object_component id="oc-f0">
         <name>.debug_info</name>
         <load_address>0x2062</load_address>
         <run_address>0x2062</run_address>
         <size>0xbb</size>
         <input_file_ref idref="fl-2"/>
      </object_component>
      <object_component id="oc-1c0">
         <name>.debug_info</name>
         <load_address>0x211d</load_address>
         <run_address>0x211d</run_address>
         <size>0x53</size>
         <input_file_ref idref="fl-2"/>
      </object_component>
      <object_component id="oc-a2">
         <name>.debug_info</name>
         <load_address>0x2170</load_address>
         <run_address>0x2170</run_address>
         <size>0x53</size>
         <input_file_ref idref="fl-2"/>
      </object_component>
      <object_component id="oc-1c5">
         <name>.debug_info</name>
         <load_address>0x21c3</load_address>
         <run_address>0x21c3</run_address>
         <size>0x14c</size>
         <input_file_ref idref="fl-2"/>
      </object_component>
      <object_component id="oc-db">
         <name>.debug_info</name>
         <load_address>0x230f</load_address>
         <run_address>0x230f</run_address>
         <size>0xbed</size>
         <input_file_ref idref="fl-3"/>
      </object_component>
      <object_component id="oc-c0">
         <name>.debug_info</name>
         <load_address>0x2efc</load_address>
         <run_address>0x2efc</run_address>
         <size>0x106</size>
         <input_file_ref idref="fl-3"/>
      </object_component>
      <object_component id="oc-c3">
         <name>.debug_info</name>
         <load_address>0x3002</load_address>
         <run_address>0x3002</run_address>
         <size>0xc8</size>
         <input_file_ref idref="fl-3"/>
      </object_component>
      <object_component id="oc-c6">
         <name>.debug_info</name>
         <load_address>0x30ca</load_address>
         <run_address>0x30ca</run_address>
         <size>0xd0</size>
         <input_file_ref idref="fl-3"/>
      </object_component>
      <object_component id="oc-39">
         <name>.debug_info</name>
         <load_address>0x319a</load_address>
         <run_address>0x319a</run_address>
         <size>0x105f</size>
         <input_file_ref idref="fl-3"/>
      </object_component>
      <object_component id="oc-1b7">
         <name>.debug_info</name>
         <load_address>0x41f9</load_address>
         <run_address>0x41f9</run_address>
         <size>0x110</size>
         <input_file_ref idref="fl-3"/>
      </object_component>
      <object_component id="oc-23f">
         <name>.debug_info</name>
         <load_address>0x4309</load_address>
         <run_address>0x4309</run_address>
         <size>0x476</size>
         <input_file_ref idref="fl-3"/>
      </object_component>
      <object_component id="oc-388">
         <name>.debug_info</name>
         <load_address>0x477f</load_address>
         <run_address>0x477f</run_address>
         <size>0x109</size>
         <input_file_ref idref="fl-3"/>
      </object_component>
      <object_component id="oc-eb">
         <name>.debug_info</name>
         <load_address>0x4888</load_address>
         <run_address>0x4888</run_address>
         <size>0x8b</size>
         <input_file_ref idref="fl-3"/>
      </object_component>
      <object_component id="oc-f5">
         <name>.debug_info</name>
         <load_address>0x4913</load_address>
         <run_address>0x4913</run_address>
         <size>0x4f</size>
         <input_file_ref idref="fl-3"/>
      </object_component>
      <object_component id="oc-4c">
         <name>.debug_info</name>
         <load_address>0x4962</load_address>
         <run_address>0x4962</run_address>
         <size>0x3dc</size>
         <input_file_ref idref="fl-4"/>
      </object_component>
      <object_component id="oc-13">
         <name>.debug_info</name>
         <load_address>0x4d3e</load_address>
         <run_address>0x4d3e</run_address>
         <size>0xd9</size>
         <input_file_ref idref="fl-4"/>
      </object_component>
      <object_component id="oc-2a">
         <name>.debug_info</name>
         <load_address>0x4e17</load_address>
         <run_address>0x4e17</run_address>
         <size>0x1ed</size>
         <input_file_ref idref="fl-4"/>
      </object_component>
      <object_component id="oc-2e2">
         <name>.debug_info</name>
         <load_address>0x5004</load_address>
         <run_address>0x5004</run_address>
         <size>0x37f</size>
         <input_file_ref idref="fl-7"/>
      </object_component>
      <object_component id="oc-17c">
         <name>.debug_info</name>
         <load_address>0x5383</load_address>
         <run_address>0x5383</run_address>
         <size>0x4ef</size>
         <input_file_ref idref="fl-7"/>
      </object_component>
      <object_component id="oc-24a">
         <name>.debug_info</name>
         <load_address>0x5872</load_address>
         <run_address>0x5872</run_address>
         <size>0x8a9</size>
         <input_file_ref idref="fl-8"/>
      </object_component>
      <object_component id="oc-fb">
         <name>.debug_info</name>
         <load_address>0x611b</load_address>
         <run_address>0x611b</run_address>
         <size>0x3861</size>
         <input_file_ref idref="fl-8"/>
      </object_component>
      <object_component id="oc-34b">
         <name>.debug_info</name>
         <load_address>0x997c</load_address>
         <run_address>0x997c</run_address>
         <size>0x23f</size>
         <input_file_ref idref="fl-8"/>
      </object_component>
      <object_component id="oc-24d">
         <name>.debug_info</name>
         <load_address>0x9bbb</load_address>
         <run_address>0x9bbb</run_address>
         <size>0x46</size>
         <input_file_ref idref="fl-8"/>
      </object_component>
      <object_component id="oc-2cc">
         <name>.debug_info</name>
         <load_address>0x9c01</load_address>
         <run_address>0x9c01</run_address>
         <size>0x35</size>
         <input_file_ref idref="fl-8"/>
      </object_component>
      <object_component id="oc-283">
         <name>.debug_info</name>
         <load_address>0x9c36</load_address>
         <run_address>0x9c36</run_address>
         <size>0x2c</size>
         <input_file_ref idref="fl-9"/>
      </object_component>
      <object_component id="oc-16b">
         <name>.debug_info</name>
         <load_address>0x9c62</load_address>
         <run_address>0x9c62</run_address>
         <size>0x937</size>
         <input_file_ref idref="fl-a"/>
      </object_component>
      <object_component id="oc-8c">
         <name>.debug_info</name>
         <load_address>0xa599</load_address>
         <run_address>0xa599</run_address>
         <size>0x3aa</size>
         <input_file_ref idref="fl-a"/>
      </object_component>
      <object_component id="oc-180">
         <name>.debug_info</name>
         <load_address>0xa943</load_address>
         <run_address>0xa943</run_address>
         <size>0xed</size>
         <input_file_ref idref="fl-a"/>
      </object_component>
      <object_component id="oc-19f">
         <name>.debug_info</name>
         <load_address>0xaa30</load_address>
         <run_address>0xaa30</run_address>
         <size>0xed</size>
         <input_file_ref idref="fl-a"/>
      </object_component>
      <object_component id="oc-1a2">
         <name>.debug_info</name>
         <load_address>0xab1d</load_address>
         <run_address>0xab1d</run_address>
         <size>0xed</size>
         <input_file_ref idref="fl-a"/>
      </object_component>
      <object_component id="oc-186">
         <name>.debug_info</name>
         <load_address>0xac0a</load_address>
         <run_address>0xac0a</run_address>
         <size>0x130</size>
         <input_file_ref idref="fl-a"/>
      </object_component>
      <object_component id="oc-192">
         <name>.debug_info</name>
         <load_address>0xad3a</load_address>
         <run_address>0xad3a</run_address>
         <size>0xed</size>
         <input_file_ref idref="fl-a"/>
      </object_component>
      <object_component id="oc-183">
         <name>.debug_info</name>
         <load_address>0xae27</load_address>
         <run_address>0xae27</run_address>
         <size>0xfb</size>
         <input_file_ref idref="fl-a"/>
      </object_component>
      <object_component id="oc-189">
         <name>.debug_info</name>
         <load_address>0xaf22</load_address>
         <run_address>0xaf22</run_address>
         <size>0xef</size>
         <input_file_ref idref="fl-a"/>
      </object_component>
      <object_component id="oc-19c">
         <name>.debug_info</name>
         <load_address>0xb011</load_address>
         <run_address>0xb011</run_address>
         <size>0xee</size>
         <input_file_ref idref="fl-a"/>
      </object_component>
      <object_component id="oc-94">
         <name>.debug_info</name>
         <load_address>0xb0ff</load_address>
         <run_address>0xb0ff</run_address>
         <size>0x5823</size>
         <input_file_ref idref="fl-a"/>
      </object_component>
      <object_component id="oc-16c">
         <name>.debug_info</name>
         <load_address>0x10922</load_address>
         <run_address>0x10922</run_address>
         <size>0x30c</size>
         <input_file_ref idref="fl-a"/>
      </object_component>
      <object_component id="oc-125">
         <name>.debug_info</name>
         <load_address>0x10c2e</load_address>
         <run_address>0x10c2e</run_address>
         <size>0x2c</size>
         <input_file_ref idref="fl-a"/>
      </object_component>
      <object_component id="oc-2d1">
         <name>.debug_info</name>
         <load_address>0x10c5a</load_address>
         <run_address>0x10c5a</run_address>
         <size>0x159</size>
         <input_file_ref idref="fl-a"/>
      </object_component>
      <object_component id="oc-1fd">
         <name>.debug_info</name>
         <load_address>0x10db3</load_address>
         <run_address>0x10db3</run_address>
         <size>0x86e</size>
         <input_file_ref idref="fl-b"/>
      </object_component>
      <object_component id="oc-1f2">
         <name>.debug_info</name>
         <load_address>0x11621</load_address>
         <run_address>0x11621</run_address>
         <size>0xed</size>
         <input_file_ref idref="fl-b"/>
      </object_component>
      <object_component id="oc-1f5">
         <name>.debug_info</name>
         <load_address>0x1170e</load_address>
         <run_address>0x1170e</run_address>
         <size>0xed</size>
         <input_file_ref idref="fl-b"/>
      </object_component>
      <object_component id="oc-1ef">
         <name>.debug_info</name>
         <load_address>0x117fb</load_address>
         <run_address>0x117fb</run_address>
         <size>0x125</size>
         <input_file_ref idref="fl-b"/>
      </object_component>
      <object_component id="oc-1ec">
         <name>.debug_info</name>
         <load_address>0x11920</load_address>
         <run_address>0x11920</run_address>
         <size>0x111</size>
         <input_file_ref idref="fl-b"/>
      </object_component>
      <object_component id="oc-b5">
         <name>.debug_info</name>
         <load_address>0x11a31</load_address>
         <run_address>0x11a31</run_address>
         <size>0x2443</size>
         <input_file_ref idref="fl-b"/>
      </object_component>
      <object_component id="oc-1fe">
         <name>.debug_info</name>
         <load_address>0x13e74</load_address>
         <run_address>0x13e74</run_address>
         <size>0x1e2</size>
         <input_file_ref idref="fl-b"/>
      </object_component>
      <object_component id="oc-1f8">
         <name>.debug_info</name>
         <load_address>0x14056</load_address>
         <run_address>0x14056</run_address>
         <size>0x46</size>
         <input_file_ref idref="fl-b"/>
      </object_component>
      <object_component id="oc-9c">
         <name>.debug_info</name>
         <load_address>0x1409c</load_address>
         <run_address>0x1409c</run_address>
         <size>0x415</size>
         <input_file_ref idref="fl-c"/>
      </object_component>
      <object_component id="oc-8f">
         <name>.debug_info</name>
         <load_address>0x144b1</load_address>
         <run_address>0x144b1</run_address>
         <size>0x11a</size>
         <input_file_ref idref="fl-c"/>
      </object_component>
      <object_component id="oc-99">
         <name>.debug_info</name>
         <load_address>0x145cb</load_address>
         <run_address>0x145cb</run_address>
         <size>0x101</size>
         <input_file_ref idref="fl-c"/>
      </object_component>
      <object_component id="oc-34">
         <name>.debug_info</name>
         <load_address>0x146cc</load_address>
         <run_address>0x146cc</run_address>
         <size>0x728</size>
         <input_file_ref idref="fl-c"/>
      </object_component>
      <object_component id="oc-2e">
         <name>.debug_info</name>
         <load_address>0x14df4</load_address>
         <run_address>0x14df4</run_address>
         <size>0x24f</size>
         <input_file_ref idref="fl-d"/>
      </object_component>
      <object_component id="oc-2e0">
         <name>.debug_info</name>
         <load_address>0x15043</load_address>
         <run_address>0x15043</run_address>
         <size>0x480</size>
         <input_file_ref idref="fl-e"/>
      </object_component>
      <object_component id="oc-2dd">
         <name>.debug_info</name>
         <load_address>0x154c3</load_address>
         <run_address>0x154c3</run_address>
         <size>0xe8</size>
         <input_file_ref idref="fl-e"/>
      </object_component>
      <object_component id="oc-2da">
         <name>.debug_info</name>
         <load_address>0x155ab</load_address>
         <run_address>0x155ab</run_address>
         <size>0xe8</size>
         <input_file_ref idref="fl-e"/>
      </object_component>
      <object_component id="oc-2d7">
         <name>.debug_info</name>
         <load_address>0x15693</load_address>
         <run_address>0x15693</run_address>
         <size>0x228</size>
         <input_file_ref idref="fl-e"/>
      </object_component>
      <object_component id="oc-174">
         <name>.debug_info</name>
         <load_address>0x158bb</load_address>
         <run_address>0x158bb</run_address>
         <size>0x99a</size>
         <input_file_ref idref="fl-e"/>
      </object_component>
      <object_component id="oc-37f">
         <name>.debug_info</name>
         <load_address>0x16255</load_address>
         <run_address>0x16255</run_address>
         <size>0x62</size>
         <input_file_ref idref="fl-e"/>
      </object_component>
      <object_component id="oc-277">
         <name>.debug_info</name>
         <load_address>0x162b7</load_address>
         <run_address>0x162b7</run_address>
         <size>0x32d</size>
         <input_file_ref idref="fl-f"/>
      </object_component>
      <object_component id="oc-274">
         <name>.debug_info</name>
         <load_address>0x165e4</load_address>
         <run_address>0x165e4</run_address>
         <size>0xee</size>
         <input_file_ref idref="fl-f"/>
      </object_component>
      <object_component id="oc-12b">
         <name>.debug_info</name>
         <load_address>0x166d2</load_address>
         <run_address>0x166d2</run_address>
         <size>0x2b42</size>
         <input_file_ref idref="fl-f"/>
      </object_component>
      <object_component id="oc-1d4">
         <name>.debug_info</name>
         <load_address>0x19214</load_address>
         <run_address>0x19214</run_address>
         <size>0x333</size>
         <input_file_ref idref="fl-13"/>
      </object_component>
      <object_component id="oc-22a">
         <name>.debug_info</name>
         <load_address>0x19547</load_address>
         <run_address>0x19547</run_address>
         <size>0x357</size>
         <input_file_ref idref="fl-1c"/>
      </object_component>
      <object_component id="oc-221">
         <name>.debug_info</name>
         <load_address>0x1989e</load_address>
         <run_address>0x1989e</run_address>
         <size>0xf7</size>
         <input_file_ref idref="fl-1c"/>
      </object_component>
      <object_component id="oc-224">
         <name>.debug_info</name>
         <load_address>0x19995</load_address>
         <run_address>0x19995</run_address>
         <size>0xf9</size>
         <input_file_ref idref="fl-1c"/>
      </object_component>
      <object_component id="oc-227">
         <name>.debug_info</name>
         <load_address>0x19a8e</load_address>
         <run_address>0x19a8e</run_address>
         <size>0xeb</size>
         <input_file_ref idref="fl-1c"/>
      </object_component>
      <object_component id="oc-cb">
         <name>.debug_info</name>
         <load_address>0x19b79</load_address>
         <run_address>0x19b79</run_address>
         <size>0x31e0</size>
         <input_file_ref idref="fl-1c"/>
      </object_component>
      <object_component id="oc-219">
         <name>.debug_info</name>
         <load_address>0x1cd59</load_address>
         <run_address>0x1cd59</run_address>
         <size>0x334</size>
         <input_file_ref idref="fl-1f"/>
      </object_component>
      <object_component id="oc-207">
         <name>.debug_info</name>
         <load_address>0x1d08d</load_address>
         <run_address>0x1d08d</run_address>
         <size>0xe6</size>
         <input_file_ref idref="fl-1f"/>
      </object_component>
      <object_component id="oc-20a">
         <name>.debug_info</name>
         <load_address>0x1d173</load_address>
         <run_address>0x1d173</run_address>
         <size>0xde</size>
         <input_file_ref idref="fl-1f"/>
      </object_component>
      <object_component id="oc-20d">
         <name>.debug_info</name>
         <load_address>0x1d251</load_address>
         <run_address>0x1d251</run_address>
         <size>0xe2</size>
         <input_file_ref idref="fl-1f"/>
      </object_component>
      <object_component id="oc-210">
         <name>.debug_info</name>
         <load_address>0x1d333</load_address>
         <run_address>0x1d333</run_address>
         <size>0xe8</size>
         <input_file_ref idref="fl-1f"/>
      </object_component>
      <object_component id="oc-213">
         <name>.debug_info</name>
         <load_address>0x1d41b</load_address>
         <run_address>0x1d41b</run_address>
         <size>0xe6</size>
         <input_file_ref idref="fl-1f"/>
      </object_component>
      <object_component id="oc-216">
         <name>.debug_info</name>
         <load_address>0x1d501</load_address>
         <run_address>0x1d501</run_address>
         <size>0xea</size>
         <input_file_ref idref="fl-1f"/>
      </object_component>
      <object_component id="oc-204">
         <name>.debug_info</name>
         <load_address>0x1d5eb</load_address>
         <run_address>0x1d5eb</run_address>
         <size>0xe7</size>
         <input_file_ref idref="fl-1f"/>
      </object_component>
      <object_component id="oc-ba">
         <name>.debug_info</name>
         <load_address>0x1d6d2</load_address>
         <run_address>0x1d6d2</run_address>
         <size>0xce7</size>
         <input_file_ref idref="fl-1f"/>
      </object_component>
      <object_component id="oc-1ea">
         <name>.debug_info</name>
         <load_address>0x1e3b9</load_address>
         <run_address>0x1e3b9</run_address>
         <size>0x309</size>
         <input_file_ref idref="fl-23"/>
      </object_component>
      <object_component id="oc-b0">
         <name>.debug_info</name>
         <load_address>0x1e6c2</load_address>
         <run_address>0x1e6c2</run_address>
         <size>0x2778</size>
         <input_file_ref idref="fl-23"/>
      </object_component>
      <object_component id="oc-1e8">
         <name>.debug_info</name>
         <load_address>0x20e3a</load_address>
         <run_address>0x20e3a</run_address>
         <size>0x3b9</size>
         <input_file_ref idref="fl-28"/>
      </object_component>
      <object_component id="oc-1d9">
         <name>.debug_info</name>
         <load_address>0x211f3</load_address>
         <run_address>0x211f3</run_address>
         <size>0xdd</size>
         <input_file_ref idref="fl-28"/>
      </object_component>
      <object_component id="oc-1df">
         <name>.debug_info</name>
         <load_address>0x212d0</load_address>
         <run_address>0x212d0</run_address>
         <size>0xe9</size>
         <input_file_ref idref="fl-28"/>
      </object_component>
      <object_component id="oc-1d0">
         <name>.debug_info</name>
         <load_address>0x213b9</load_address>
         <run_address>0x213b9</run_address>
         <size>0xe3</size>
         <input_file_ref idref="fl-28"/>
      </object_component>
      <object_component id="oc-1dc">
         <name>.debug_info</name>
         <load_address>0x2149c</load_address>
         <run_address>0x2149c</run_address>
         <size>0xf0</size>
         <input_file_ref idref="fl-28"/>
      </object_component>
      <object_component id="oc-aa">
         <name>.debug_info</name>
         <load_address>0x2158c</load_address>
         <run_address>0x2158c</run_address>
         <size>0x2b2d</size>
         <input_file_ref idref="fl-28"/>
      </object_component>
      <object_component id="oc-317">
         <name>.debug_info</name>
         <load_address>0x240b9</load_address>
         <run_address>0x240b9</run_address>
         <size>0x51</size>
         <input_file_ref idref="fl-28"/>
      </object_component>
      <object_component id="oc-232">
         <name>.debug_info</name>
         <load_address>0x2410a</load_address>
         <run_address>0x2410a</run_address>
         <size>0x344</size>
         <input_file_ref idref="fl-2b"/>
      </object_component>
      <object_component id="oc-22c">
         <name>.debug_info</name>
         <load_address>0x2444e</load_address>
         <run_address>0x2444e</run_address>
         <size>0xea</size>
         <input_file_ref idref="fl-2b"/>
      </object_component>
      <object_component id="oc-22f">
         <name>.debug_info</name>
         <load_address>0x24538</load_address>
         <run_address>0x24538</run_address>
         <size>0xfc</size>
         <input_file_ref idref="fl-2b"/>
      </object_component>
      <object_component id="oc-d1">
         <name>.debug_info</name>
         <load_address>0x24634</load_address>
         <run_address>0x24634</run_address>
         <size>0x2472</size>
         <input_file_ref idref="fl-2b"/>
      </object_component>
      <object_component id="oc-259">
         <name>.debug_info</name>
         <load_address>0x26aa6</load_address>
         <run_address>0x26aa6</run_address>
         <size>0x339</size>
         <input_file_ref idref="fl-2c"/>
      </object_component>
      <object_component id="oc-253">
         <name>.debug_info</name>
         <load_address>0x26ddf</load_address>
         <run_address>0x26ddf</run_address>
         <size>0xe7</size>
         <input_file_ref idref="fl-2c"/>
      </object_component>
      <object_component id="oc-256">
         <name>.debug_info</name>
         <load_address>0x26ec6</load_address>
         <run_address>0x26ec6</run_address>
         <size>0xf9</size>
         <input_file_ref idref="fl-2c"/>
      </object_component>
      <object_component id="oc-101">
         <name>.debug_info</name>
         <load_address>0x26fbf</load_address>
         <run_address>0x26fbf</run_address>
         <size>0x26f9</size>
         <input_file_ref idref="fl-2c"/>
      </object_component>
      <object_component id="oc-237">
         <name>.debug_info</name>
         <load_address>0x296b8</load_address>
         <run_address>0x296b8</run_address>
         <size>0x266</size>
         <input_file_ref idref="fl-30"/>
      </object_component>
      <object_component id="oc-234">
         <name>.debug_info</name>
         <load_address>0x2991e</load_address>
         <run_address>0x2991e</run_address>
[...]
         <value>0x80cd</value>
         <object_component_ref idref="oc-ce"/>
      </symbol>
      <symbol id="sm-b21">
         <name>TimerPrescaleMatchSet</name>
         <value>0x7e47</value>
         <object_component_ref idref="oc-ce"/>
      </symbol>
      <symbol id="sm-b22">
         <name>TimerControlWaitOnTrigger</name>
         <value>0x7d3b</value>
         <object_component_ref idref="oc-ce"/>
      </symbol>
      <symbol id="sm-b23">
         <name>TimerConfigure</name>
         <value>0x7bbb</value>
         <object_component_ref idref="oc-ce"/>
      </symbol>
      <symbol id="sm-b24">
         <name>TimerControlEvent</name>
         <value>0x7cdb</value>
         <object_component_ref idref="oc-ce"/>
      </symbol>
      <symbol id="sm-b25">
         <name>TimerIntClear</name>
         <value>0x8097</value>
         <object_component_ref idref="oc-ce"/>
      </symbol>
      <symbol id="sm-b26">
         <name>TimerSynchronize</name>
         <value>0x80a9</value>
         <object_component_ref idref="oc-ce"/>
      </symbol>
      <symbol id="sm-b99">
         <name>UARTClockSourceGet</name>
         <value>0x86bf</value>
         <object_component_ref idref="oc-100"/>
      </symbol>
      <symbol id="sm-b9a">
         <name>UARTCharPutNonBlocking</name>
         <value>0x8531</value>
         <object_component_ref idref="oc-100"/>
      </symbol>
      <symbol id="sm-b9b">
         <name>UARTDMAEnable</name>
         <value>0x8659</value>
         <object_component_ref idref="oc-100"/>
      </symbol>
      <symbol id="sm-b9c">
         <name>UARTTxIntModeSet</name>
         <value>0x8495</value>
         <object_component_ref idref="oc-100"/>
      </symbol>
      <symbol id="sm-b9d">
         <name>UARTFIFODisable</name>
         <value>0x8343</value>
         <object_component_ref idref="oc-100"/>
      </symbol>
      <symbol id="sm-b9e">
         <name>UARTIntUnregister</name>
         <value>0x85d9</value>
         <object_component_ref idref="oc-100"/>
      </symbol>
      <symbol id="sm-b9f">
         <name>UARTRxErrorClear</name>
         <value>0x869b</value>
         <object_component_ref idref="oc-100"/>
      </symbol>
      <symbol id="sm-ba0">
         <name>UARTModemControlSet</name>
         <value>0x83e5</value>
         <object_component_ref idref="oc-100"/>
      </symbol>
      <symbol id="sm-ba1">
         <name>UARTFlowControlSet</name>
         <value>0x8467</value>
         <object_component_ref idref="oc-100"/>
      </symbol>
      <symbol id="sm-ba2">
         <name>UARTConfigSetExpClk</name>
         <value>0x821d</value>
         <object_component_ref idref="oc-100"/>
      </symbol>
      <symbol id="sm-ba3">
         <name>UARTSmartCardDisable</name>
         <value>0x83cf</value>
         <object_component_ref idref="oc-100"/>
      </symbol>
      <symbol id="sm-ba4">
         <name>UARTDisable</name>
         <value>0x8303</value>
         <object_component_ref idref="oc-100"/>
      </symbol>
      <symbol id="sm-ba5">
         <name>UART9BitDisable</name>
         <value>0x86e5</value>
         <object_component_ref idref="oc-100"/>
      </symbol>
      <symbol id="sm-ba6">
         <name>UARTFIFOLevelGet</name>
         <value>0x81f5</value>
         <object_component_ref idref="oc-100"/>
      </symbol>
      <symbol id="sm-ba7">
         <name>UARTBusy</name>
         <value>0x859d</value>
         <object_component_ref idref="oc-100"/>
      </symbol>
      <symbol id="sm-ba8">
         <name>UARTDisableSIR</name>
         <value>0x8387</value>
         <object_component_ref idref="oc-100"/>
      </symbol>
      <symbol id="sm-ba9">
         <name>UARTLoopbackEnable</name>
         <value>0x8769</value>
         <object_component_ref idref="oc-100"/>
      </symbol>
      <symbol id="sm-baa">
         <name>UARTIntEnable</name>
         <value>0x85f9</value>
         <object_component_ref idref="oc-100"/>
      </symbol>
      <symbol id="sm-bab">
         <name>UARTCharsAvail</name>
         <value>0x84c3</value>
         <object_component_ref idref="oc-100"/>
      </symbol>
      <symbol id="sm-bac">
         <name>UARTCharGetNonBlocking</name>
         <value>0x84ff</value>
         <object_component_ref idref="oc-100"/>
      </symbol>
      <symbol id="sm-bad">
         <name>UARTClockSourceSet</name>
         <value>0x86ab</value>
         <object_component_ref idref="oc-100"/>
      </symbol>
      <symbol id="sm-bae">
         <name>UARTTxIntModeGet</name>
         <value>0x84b1</value>
         <object_component_ref idref="oc-100"/>
      </symbol>
      <symbol id="sm-baf">
         <name>UARTModemStatusGet</name>
         <value>0x8453</value>
         <object_component_ref idref="oc-100"/>
      </symbol>
      <symbol id="sm-bb0">
         <name>UARTIntDisable</name>
         <value>0x8611</value>
         <object_component_ref idref="oc-100"/>
      </symbol>
      <symbol id="sm-bb1">
         <name>UARTCharPut</name>
         <value>0x8555</value>
         <object_component_ref idref="oc-100"/>
      </symbol>
      <symbol id="sm-bb2">
         <name>UARTParityModeSet</name>
         <value>0x81af</value>
         <object_component_ref idref="oc-100"/>
      </symbol>
      <symbol id="sm-bb3">
         <name>UARTRxErrorGet</name>
         <value>0x8689</value>
         <object_component_ref idref="oc-100"/>
      </symbol>
      <symbol id="sm-bb4">
         <name>UARTConfigGetExpClk</name>
         <value>0x8293</value>
         <object_component_ref idref="oc-100"/>
      </symbol>
      <symbol id="sm-bb5">
         <name>UARTEnableSIR</name>
         <value>0x8359</value>
         <object_component_ref idref="oc-100"/>
      </symbol>
      <symbol id="sm-bb6">
         <name>UARTEnable</name>
         <value>0x82df</value>
         <object_component_ref idref="oc-100"/>
      </symbol>
      <symbol id="sm-bb7">
         <name>UART9BitAddrSend</name>
         <value>0x8721</value>
         <object_component_ref idref="oc-100"/>
      </symbol>
      <symbol id="sm-bb8">
         <name>UARTModemControlGet</name>
         <value>0x8441</value>
         <object_component_ref idref="oc-100"/>
      </symbol>
      <symbol id="sm-bb9">
         <name>UARTSmartCardEnable</name>
         <value>0x839d</value>
         <object_component_ref idref="oc-100"/>
      </symbol>
      <symbol id="sm-bba">
         <name>UARTFlowControlGet</name>
         <value>0x8483</value>
         <object_component_ref idref="oc-100"/>
      </symbol>
      <symbol id="sm-bbb">
         <name>UARTFIFOEnable</name>
         <value>0x832d</value>
         <object_component_ref idref="oc-100"/>
      </symbol>
      <symbol id="sm-bbc">
         <name>UARTIntClear</name>
         <value>0x8647</value>
         <object_component_ref idref="oc-100"/>
      </symbol>
      <symbol id="sm-bbd">
         <name>UARTIntStatus</name>
         <value>0x8629</value>
         <object_component_ref idref="oc-100"/>
      </symbol>
      <symbol id="sm-bbe">
         <name>UARTDMADisable</name>
         <value>0x8671</value>
         <object_component_ref idref="oc-100"/>
      </symbol>
      <symbol id="sm-bbf">
         <name>UART9BitEnable</name>
         <value>0x86cf</value>
         <object_component_ref idref="oc-100"/>
      </symbol>
      <symbol id="sm-bc0">
         <name>UARTSpaceAvail</name>
         <value>0x84e1</value>
         <object_component_ref idref="oc-100"/>
      </symbol>
      <symbol id="sm-bc1">
         <name>UARTCharGet</name>
         <value>0x851b</value>
         <object_component_ref idref="oc-100"/>
      </symbol>
      <symbol id="sm-bc2">
         <name>UARTFIFOLevelSet</name>
         <value>0x81dd</value>
         <object_component_ref idref="oc-100"/>
      </symbol>
      <symbol id="sm-bc3">
         <name>UARTModemControlClear</name>
         <value>0x841d</value>
         <object_component_ref idref="oc-100"/>
      </symbol>
      <symbol id="sm-bc4">
         <name>UARTParityModeGet</name>
         <value>0x81cb</value>
         <object_component_ref idref="oc-100"/>
      </symbol>
      <symbol id="sm-bc5">
         <name>UARTIntRegister</name>
         <value>0x85bb</value>
         <object_component_ref idref="oc-100"/>
      </symbol>
      <symbol id="sm-bc6">
         <name>UARTBreakCtl</name>
         <value>0x8573</value>
         <object_component_ref idref="oc-100"/>
      </symbol>
      <symbol id="sm-bc7">
         <name>UART9BitAddrSet</name>
         <value>0x86fb</value>
         <object_component_ref idref="oc-100"/>
      </symbol>
      <symbol id="sm-bf0">
         <name>ButtonsInit</name>
         <value>0x9c93</value>
         <object_component_ref idref="oc-d4"/>
      </symbol>
      <symbol id="sm-bf1">
         <name>ButtonsPoll</name>
         <value>0x9bed</value>
         <object_component_ref idref="oc-d4"/>
      </symbol>
      <symbol id="sm-c0c">
         <name>GetOverflowCounts</name>
         <value>0xa961</value>
         <object_component_ref idref="oc-194"/>
      </symbol>
      <symbol id="sm-c0d">
         <name>vConfigureTimerForRunTimeStats</name>
         <value>0xa4f9</value>
         <object_component_ref idref="oc-18b"/>
      </symbol>
      <symbol id="sm-d04">
         <name>UARTTxBytesFree</name>
         <value>0x517b</value>
         <object_component_ref idref="oc-3e"/>
      </symbol>
      <symbol id="sm-d05">
         <name>UARTFlushRx</name>
         <value>0x5187</value>
         <object_component_ref idref="oc-3e"/>
      </symbol>
      <symbol id="sm-d06">
         <name>UARTgetc</name>
         <value>0x4e29</value>
         <object_component_ref idref="oc-3e"/>
      </symbol>
      <symbol id="sm-d07">
         <name>UARTgets</name>
         <value>0x4a11</value>
         <object_component_ref idref="oc-3e"/>
      </symbol>
      <symbol id="sm-d08">
         <name>UARTFlushTx</name>
         <value>0x5195</value>
         <object_component_ref idref="oc-3e"/>
      </symbol>
      <symbol id="sm-d09">
         <name>UARTStdioConfig</name>
         <value>0x4897</value>
         <object_component_ref idref="oc-3e"/>
      </symbol>
      <symbol id="sm-d0a">
         <name>UARTStdioIntHandler</name>
         <value>0x51e3</value>
         <object_component_ref idref="oc-3e"/>
      </symbol>
      <symbol id="sm-d0b">
         <name>UARTRxBytesAvail</name>
         <value>0x516f</value>
         <object_component_ref idref="oc-3e"/>
      </symbol>
      <symbol id="sm-d0c">
         <name>UARTwrite</name>
         <value>0x497d</value>
         <object_component_ref idref="oc-3e"/>
      </symbol>
      <symbol id="sm-d0d">
         <name>UARTEchoSet</name>
         <value>0x51bb</value>
         <object_component_ref idref="oc-3e"/>
      </symbol>
      <symbol id="sm-d0e">
         <name>UARTprintf</name>
         <value>0x514b</value>
         <object_component_ref idref="oc-3e"/>
      </symbol>
      <symbol id="sm-d0f">
         <name>UARTvprintf</name>
         <value>0x4e51</value>
         <object_component_ref idref="oc-3e"/>
      </symbol>
      <symbol id="sm-d36">
         <name>sprintf</name>
         <value>0xa841</value>
         <object_component_ref idref="oc-1b0"/>
      </symbol>
      <symbol id="sm-d52">
         <name>memcpy</name>
         <value>0xa1d3</value>
         <object_component_ref idref="oc-58"/>
      </symbol>
      <symbol id="sm-d53">
         <name>__aeabi_memcpy</name>
         <value>0xa1d3</value>
         <object_component_ref idref="oc-58"/>
      </symbol>
      <symbol id="sm-d54">
         <name>__aeabi_memcpy8</name>
         <value>0xa1d3</value>
         <object_component_ref idref="oc-58"/>
      </symbol>
      <symbol id="sm-d55">
         <name>__aeabi_memcpy4</name>
         <value>0xa1d3</value>
         <object_component_ref idref="oc-58"/>
      </symbol>
      <symbol id="sm-d64">
         <name>__aeabi_uidivmod</name>
         <value>0xa801</value>
         <object_component_ref idref="oc-11b"/>
      </symbol>
      <symbol id="sm-d65">
         <name>__aeabi_uidiv</name>
         <value>0xa801</value>
         <object_component_ref idref="oc-11b"/>
      </symbol>
      <symbol id="sm-d74">
         <name>__aeabi_memset</name>
         <value>0xa413</value>
         <object_component_ref idref="oc-151"/>
      </symbol>
      <symbol id="sm-d75">
         <name>memset</name>
         <value>0xa419</value>
         <object_component_ref idref="oc-151"/>
      </symbol>
      <symbol id="sm-d76">
         <name>__aeabi_memset8</name>
         <value>0xa413</value>
         <object_component_ref idref="oc-151"/>
      </symbol>
      <symbol id="sm-d77">
         <name>__aeabi_memset4</name>
         <value>0xa413</value>
         <object_component_ref idref="oc-151"/>
      </symbol>
      <symbol id="sm-d78">
         <name>__aeabi_memclr8</name>
         <value>0xa411</value>
         <object_component_ref idref="oc-151"/>
      </symbol>
      <symbol id="sm-d79">
         <name>__aeabi_memclr4</name>
         <value>0xa411</value>
         <object_component_ref idref="oc-151"/>
      </symbol>
      <symbol id="sm-d7a">
         <name>__aeabi_memclr</name>
         <value>0xa411</value>
         <object_component_ref idref="oc-151"/>
      </symbol>
      <symbol id="sm-d8c">
         <name>__TI_zero_init</name>
         <value>0xaa31</value>
         <object_component_ref idref="oc-6a"/>
      </symbol>
      <symbol id="sm-da3">
         <name>__TI_decompress_none</name>
         <value>0xaa23</value>
         <object_component_ref idref="oc-1b"/>
      </symbol>
      <symbol id="sm-dc6">
         <name>__TI_decompress_lzss</name>
         <value>0xa561</value>
         <object_component_ref idref="oc-15"/>
      </symbol>
      <symbol id="sm-dd5">
         <name>strcpy</name>
         <value>0xa9e9</value>
         <object_component_ref idref="oc-1a4"/>
      </symbol>
      <symbol id="sm-de3">
         <name>strlen</name>
         <value>0xa9fd</value>
         <object_component_ref idref="oc-1aa"/>
      </symbol>
      <symbol id="sm-df6">
         <name>__stack</name>
         <value>0x200056f0</value>
         <object_component_ref idref="oc-24"/>
      </symbol>
      <symbol id="sm-df7">
         <name>_c_int00_noargs</name>
         <value>0xa8fd</value>
         <object_component_ref idref="oc-76"/>
      </symbol>
      <symbol id="sm-f5c">
         <name>__TI_printfi</name>
         <value>0x52ed</value>
         <object_component_ref idref="oc-2f8"/>
      </symbol>
      <symbol id="sm-f7c">
         <name>frexpl</name>
         <value>0xa5c9</value>
         <object_component_ref idref="oc-44a"/>
      </symbol>
      <symbol id="sm-f7d">
         <name>frexp</name>
         <value>0xa5c9</value>
         <object_component_ref idref="oc-44a"/>
      </symbol>
      <symbol id="sm-f9a">
         <name>scalbn</name>
         <value>0x9e39</value>
         <object_component_ref idref="oc-450"/>
      </symbol>
      <symbol id="sm-f9b">
         <name>scalbnl</name>
         <value>0x9e39</value>
         <object_component_ref idref="oc-450"/>
      </symbol>
      <symbol id="sm-f9c">
         <name>ldexpl</name>
         <value>0x9e39</value>
         <object_component_ref idref="oc-450"/>
      </symbol>
      <symbol id="sm-f9d">
         <name>ldexp</name>
         <value>0x9e39</value>
         <object_component_ref idref="oc-450"/>
      </symbol>
      <symbol id="sm-fb6">
         <name>wcslen</name>
         <value>0xaa11</value>
         <object_component_ref idref="oc-3c2"/>
      </symbol>
      <symbol id="sm-fc0">
         <name>__aeabi_idiv0</name>
         <value>0x5d3b</value>
         <object_component_ref idref="oc-268"/>
      </symbol>
      <symbol id="sm-fc1">
         <name>__aeabi_ldiv0</name>
         <value>0x5d3b</value>
         <object_component_ref idref="oc-268"/>
      </symbol>
      <symbol id="sm-fd8">
         <name>__aeabi_dsub</name>
         <value>0x9549</value>
         <object_component_ref idref="oc-42a"/>
      </symbol>
      <symbol id="sm-fd9">
         <name>__aeabi_dadd</name>
         <value>0x9553</value>
         <object_component_ref idref="oc-42a"/>
      </symbol>
      <symbol id="sm-ffb">
         <name>__aeabi_cdcmpeq</name>
         <value>0xa305</value>
         <object_component_ref idref="oc-39f"/>
      </symbol>
      <symbol id="sm-ffc">
         <name>__aeabi_cdcmple</name>
         <value>0xa305</value>
         <object_component_ref idref="oc-39f"/>
      </symbol>
      <symbol id="sm-ffd">
         <name>__aeabi_cdrcmple</name>
         <value>0xa38b</value>
         <object_component_ref idref="oc-415"/>
      </symbol>
      <symbol id="sm-1011">
         <name>__aeabi_ddiv</name>
         <value>0x998d</value>
         <object_component_ref idref="oc-410"/>
      </symbol>
      <symbol id="sm-101c">
         <name>__aeabi_dmul</name>
         <value>0x9f49</value>
         <object_component_ref idref="oc-40b"/>
      </symbol>
      <symbol id="sm-1026">
         <name>__aeabi_d2iz</name>
         <value>0xa775</value>
         <object_component_ref idref="oc-41a"/>
      </symbol>
      <symbol id="sm-1030">
         <name>__aeabi_i2d</name>
         <value>0xa931</value>
         <object_component_ref idref="oc-425"/>
      </symbol>
      <symbol id="sm-103d">
         <name>__aeabi_uldivmod</name>
         <value>0xa26f</value>
         <object_component_ref idref="oc-404"/>
      </symbol>
      <symbol id="sm-1065">
         <name>__TI_auto_init_nobinit_nopinit</name>
         <value>0xa7bd</value>
         <object_component_ref idref="oc-298"/>
      </symbol>
      <symbol id="sm-106f">
         <name>_system_pre_init</name>
         <value>0xaa63</value>
         <object_component_ref idref="oc-157"/>
      </symbol>
      <symbol id="sm-107b">
         <name>C$$EXIT</name>
         <value>0xaa67</value>
         <object_component_ref idref="oc-28c"/>
      </symbol>
      <symbol id="sm-107c">
         <name>abort</name>
         <value>0xaa67</value>
         <object_component_ref idref="oc-28c"/>
      </symbol>
      <symbol id="sm-108c">
         <name>__TI_ltoa</name>
         <value>0xa683</value>
         <object_component_ref idref="oc-41f"/>
      </symbol>
      <symbol id="sm-10a3">
         <name>atoi</name>
         <value>0xa729</value>
         <object_component_ref idref="oc-393"/>
      </symbol>
      <symbol id="sm-10ae">
         <name>_ctypes_</name>
         <value>0xac1c</value>
         <object_component_ref idref="oc-3ff"/>
      </symbol>
      <symbol id="sm-10be">
         <name>memccpy</name>
         <value>0xa985</value>
         <object_component_ref idref="oc-3bc"/>
      </symbol>
      <symbol id="sm-10ce">
         <name>strchr</name>
         <value>0xa9d3</value>
         <object_component_ref idref="oc-456"/>
      </symbol>
      <symbol id="sm-10e4">
         <name>__aeabi_errno_addr</name>
         <value>0xaa55</value>
         <object_component_ref idref="oc-3c8"/>
      </symbol>
      <symbol id="sm-10e5">
         <name>errno</name>
         <value>0x200059a8</value>
         <object_component_ref idref="oc-466"/>
      </symbol>
      <symbol id="sm-10ef">
         <name>copysign</name>
         <value>0xa9a1</value>
         <object_component_ref idref="oc-4a4"/>
      </symbol>
      <symbol id="sm-10f0">
         <name>copysignl</name>
         <value>0xa9a1</value>
         <object_component_ref idref="oc-4a4"/>
      </symbol>
      <symbol id="sm-10f1">
         <name>__TI_static_base__</name>
         <value>0x0</value>
      </symbol>
      <symbol id="sm-10f4">
         <name>__mpu_init</name>
         <value>0x0</value>
      </symbol>
      <symbol id="sm-10f5">
         <name>_system_post_cinit</name>
         <value>0x0</value>
      </symbol>
   </symbol_table>
   <title>Link successful</title>
</link_info>
