******************************************************************************
                  TI ARM Linker PC v20.2.5                     
******************************************************************************
>> Linked Thu Nov  3 10:44:57 2022

OUTPUT FILE NAME:   <Practica2_EncoderCuenta.out>
ENTRY POINT SYMBOL: "_c_int00_noargs"  address: 0000987d


MEMORY CONFIGURATION

         name            origin    length      used     unused   attr    fill
----------------------  --------  ---------  --------  --------  ----  --------
  FLASH                 00000000   00040000  0000a22a  00035dd6  R  X
  SRAM                  20000000   00008000  00005954  000026ac  RW X


SEGMENT ALLOCATION MAP

run origin  load origin   length   init length attrs members
----------  ----------- ---------- ----------- ----- -------
00000000    00000000    0000a230   0000a230    r-x
  00000000    00000000    0000026c   0000026c    r-- .intvecs
  0000026c    0000026c    0000977e   0000977e    r-x .text
  000099ec    000099ec    000007f0   000007f0    r-- .const
  0000a1e0    0000a1e0    00000050   00000050    r-- .cinit
20000000    20000000    00005954   00000000    rw-
  20000000    20000000    0000026c   00000000    rw- .vtable
  2000026c    2000026c    00005464   00000000    rw- .bss
  200056d0    200056d0    00000200   00000000    rw- .stack
  200058d0    200058d0    00000084   00000000    rw- .data


SECTION ALLOCATION MAP

 output                                  attributes/
section   page    origin      length       input sections
--------  ----  ----------  ----------   ----------------
.intvecs   0    00000000    0000026c     
                  00000000    0000026c     startup_ccs.obj (.intvecs)

.text      0    0000026c    0000977e     
                  0000026c    00001d1c     tasks.obj (.text)
                  00001f88    00000f80     sysctl.obj (.text)
                  00002f08    00000d20     queue.obj (.text)
                  00003c28    00000c14     gpio.obj (.text)
                  0000483c    00000ab0     uartstdio.obj (.text)
                  000052ec    00000a4e     rtsv7M4_T_le_v4SPD16_eabi.lib : _printfi.c.obj (.text:__TI_printfi)
                  00005d3a    00000002                                   : div0.asm.obj (.text)
                  00005d3c    00000718     pwm.obj (.text)
                  00006454    000006f0     timers.obj (.text)
                  00006b44    00000642     timer.obj (.text)
                  00007186    00000002     --HOLE-- [fill = 0]
                  00007188    0000062e     uart.obj (.text)
                  000077b6    00000002     --HOLE-- [fill = 0]
                  000077b8    000003c0     interrupt.obj (.text)
                  00007b78    000003a0     heap_4.obj (.text)
                  00007f18    00000298     main.obj (.text)
                  000081b0    00000270     rtsv7M4_T_le_v4SPD16_eabi.lib : _printfi.c.obj (.text:_pconv_a)
                  00008420    000001d0                                   : _printfi.c.obj (.text:_pconv_g)
                  000085f0    000001b6                                   : fd_add_t2.asm.obj (.text)
                  000087a6    00000002     --HOLE-- [fill = 0]
                  000087a8    00000150     port.obj (.text)
                  000088f8    0000013c     rtsv7M4_T_le_v4SPD16_eabi.lib : _printfi.c.obj (.text:_pconv_e)
                  00008a34    00000136                                   : fd_div_t2.asm.obj (.text)
                  00008b6a    0000012a     list.obj (.text)
                  00008c94    00000124     rtsv7M4_T_le_v4SPD16_eabi.lib : _printfi.c.obj (.text:fcvt)
                  00008db8    00000110                                   : s_scalbn.c.obj (.text:scalbn)
                  00008ec8    000000fc                                   : fd_mul_t2.asm.obj (.text)
                  00008fc4    000000da     portasm.obj (.text)
                  0000909e    00000002     --HOLE-- [fill = 0]
                  000090a0    000000b1     rtsv7M4_T_le_v4SPD16_eabi.lib : _printfi.c.obj (.text:_ltostr)
                  00009151    00000001     --HOLE-- [fill = 0]
                  00009152    0000009c                                   : memcpy_t2.asm.obj (.text)
                  000091ee    00000096                                   : ull_div_t2.asm.obj (.text)
                  00009284    00000086                                   : fd_cmp_t2.asm.obj (.text:__aeabi_cdcmple)
                  0000930a    00000086                                   : fd_cmp_t2.asm.obj (.text:__aeabi_cdrcmple)
                  00009390    0000007a                                   : memset_t2.asm.obj (.text)
                  0000940a    0000006e                                   : _printfi.c.obj (.text:_mcpy)
                  00009478    00000068     RunTimeStatsConfig.obj (.text)
                  000094e0    00000068     rtsv7M4_T_le_v4SPD16_eabi.lib : copy_decompress_lzss.c.obj (.text:decompress:lzss:__TI_decompress_lzss)
                  00009548    00000064                                   : s_frexp.c.obj (.text:frexp)
                  000095ac    00000056                                   : _printfi.c.obj (.text:_pconv_f)
                  00009602    00000054                                   : _ltoa.c.obj (.text:__TI_ltoa)
                  00009656    00000052                                   : _printfi.c.obj (.text:_ecpy)
                  000096a8    0000004c                                   : atoi.c.obj (.text:atoi)
                  000096f4    00000048                                   : fd_toi_t2.asm.obj (.text)
                  0000973c    00000044                                   : autoinit.c.obj (.text:__TI_auto_init_nobinit_nopinit:__TI_auto_init_nobinit_nopinit)
                  00009780    00000040                                   : u_divt2.asm.obj (.text)
                  000097c0    00000040                                   : sprintf.c.obj (.text:sprintf)
                  00009800    0000003e                                   : _printfi.c.obj (.text:_fcpy)
                  0000983e    0000003e     cpu.obj (.text)
                  0000987c    00000034     rtsv7M4_T_le_v4SPD16_eabi.lib : boot_cortex_m.c.obj (.text:_c_int00_noargs:_c_int00_noargs)
                  000098b0    0000002e                                   : i_tofd_t2.asm.obj (.text)
                  000098de    00000002     --HOLE-- [fill = 0]
                  000098e0    00000024     RunTimeStatsConfig.obj (.text:GetOverflowCounts)
                  00009904    0000001c     rtsv7M4_T_le_v4SPD16_eabi.lib : memccpy.c.obj (.text:memccpy)
                  00009920    0000001a                                   : s_copysign.c.obj (.text:copysign)
                  0000993a    00000018                                   : sprintf.c.obj (.text:_outs)
                  00009952    00000016                                   : strchr.c.obj (.text:strchr)
                  00009968    00000014                                   : strcpy.c.obj (.text:strcpy)
                  0000997c    00000014                                   : strlen.c.obj (.text:strlen)
                  00009990    00000012                                   : wcslen.c.obj (.text:wcslen)
                  000099a2    0000000e                                   : copy_decompress_none.c.obj (.text:decompress:none:__TI_decompress_none)
                  000099b0    0000000c                                   : copy_zero_init.c.obj (.text:decompress:ZI:__TI_zero_init)
                  000099bc    0000000c     startup_ccs.obj (.text)
                  000099c8    0000000a     rtsv7M4_T_le_v4SPD16_eabi.lib : sprintf.c.obj (.text:_outc)
                  000099d2    00000002     --HOLE-- [fill = 0]
                  000099d4    00000008                                   : errno.c.obj (.text:__aeabi_errno_addr)
                  000099dc    00000006     sysctl.obj (.text:SysCtlDelay)
                  000099e2    00000004     rtsv7M4_T_le_v4SPD16_eabi.lib : pre_init.c.obj (.text:_system_pre_init)
                  000099e6    00000004                                   : exit.c.obj (.text:abort:abort)

.const     0    000099ec    000007f0     
                  000099ec    000001b0     sysctl.obj (.const:g_pppui32XTALtoVCO)
                  00009b9c    00000101     rtsv7M4_T_le_v4SPD16_eabi.lib : ctype.c.obj (.const:.string:_ctypes_)
                  00009c9d    00000003     --HOLE-- [fill = 0]
                  00009ca0    000000d8     gpio.obj (.const:g_ppui32GPIOIntMapSnowflake)
                  00009d78    000000c0     gpio.obj (.const:g_ppui32GPIOIntMapBlizzard)
                  00009e38    0000009c     interrupt.obj (.const:g_pui32Regs)
                  00009ed4    00000090     gpio.obj (.const:g_pui32GPIOBaseAddrs)
                  00009f64    0000006c     sysctl.obj (.const:g_pui32Xtals)
                  00009fd0    00000060     timer.obj (.const:g_ppui32TimerIntMap)
                  0000a030    00000040     timer.obj (.const:g_ppui32TimerIntMapSnowflake)
                  0000a070    00000040     uart.obj (.const:g_ppui32UARTIntMap)
                  0000a0b0    00000040     uart.obj (.const:g_ppui32UARTIntMapSnowflake)
                  0000a0f0    00000030     sysctl.obj (.const:g_sXTALtoMEMTIM)
                  0000a120    00000020     interrupt.obj (.const:g_pui32Priority)
                  0000a140    00000014     interrupt.obj (.const:g_pui32Dii16Regs)
                  0000a154    00000014     interrupt.obj (.const:g_pui32EnRegs)
                  0000a168    00000014     interrupt.obj (.const:g_pui32PendRegs)
                  0000a17c    00000014     interrupt.obj (.const:g_pui32UnpendRegs)
                  0000a190    00000012     uartstdio.obj (.const:.string)
                  0000a1a2    00000002     --HOLE-- [fill = 0]
                  0000a1a4    0000000c     uartstdio.obj (.const:g_ui32UARTBase)
                  0000a1b0    0000000c     uartstdio.obj (.const:g_ui32UARTInt)
                  0000a1bc    0000000c     uartstdio.obj (.const:g_ui32UARTPeriph)
                  0000a1c8    00000008     sysctl.obj (.const:g_pui32VCOFrequencies)
                  0000a1d0    00000004     port.obj (.const)
                  0000a1d4    00000004     tasks.obj (.const)
                  0000a1d8    00000004     uartstdio.obj (.const)

.cinit     0    0000a1e0    00000050     
                  0000a1e0    0000001a     (.cinit..data.load) [load image, compression = lzss]
                  0000a1fa    00000002     --HOLE-- [fill = 0]
                  0000a1fc    0000000c     (__TI_handler_table)
                  0000a208    00000008     (.cinit..bss.load) [load image, compression = zero_init]
                  0000a210    00000008     (.cinit..vtable.load) [load image, compression = zero_init]
                  0000a218    00000018     (__TI_cinit_table)

.init_array 
*          0    00000000    00000000     UNINITIALIZED

.vtable    0    20000000    0000026c     UNINITIALIZED
                  20000000    0000026c     interrupt.obj (.vtable)

.bss       0    2000026c    00005464     UNINITIALIZED
                  2000026c    00005000     heap_4.obj (.bss:ucHeap)
                  2000526c    00000200     uartstdio.obj (.bss:g_pcUARTRxHistoryBuffer)
                  2000546c    00000140     tasks.obj (.bss:pxReadyTasksLists)
                  200055ac    00000050     (.common:xQueueRegistry)
                  200055fc    00000020     uartstdio.obj (.bss:g_usUARTRxHistoryOffset)
                  2000561c    00000014     timers.obj (.bss:xActiveTimerList1)
                  20005630    00000014     timers.obj (.bss:xActiveTimerList2)
                  20005644    00000014     tasks.obj (.bss:xDelayedTaskList1)
                  20005658    00000014     tasks.obj (.bss:xDelayedTaskList2)
                  2000566c    00000014     tasks.obj (.bss:xPendingReadyList)
                  20005680    00000014     tasks.obj (.bss:xSuspendedTaskList)
                  20005694    00000014     tasks.obj (.bss:xTasksWaitingTermination)
                  200056a8    00000010     uartstdio.obj (.bss)
                  200056b8    00000008     tasks.obj (.bss)
                  200056c0    00000008     timers.obj (.bss)
                  200056c8    00000008     heap_4.obj (.bss:xStart)

.data      0    200058d0    00000084     UNINITIALIZED
                  200058d0    0000003c     tasks.obj (.data)
                  2000590c    00000018     heap_4.obj (.data)
                  20005924    00000010     main.obj (.data)
                  20005934    0000000c     timers.obj (.data)
                  20005940    0000000c     uartstdio.obj (.data)
                  2000594c    00000004     port.obj (.data)
                  20005950    00000004     rtsv7M4_T_le_v4SPD16_eabi.lib : errno.c.obj (.data)

.stack     0    200056d0    00000200     UNINITIALIZED
                  200056d0    00000004     rtsv7M4_T_le_v4SPD16_eabi.lib : boot_cortex_m.c.obj (.stack)
                  200056d4    000001fc     --HOLE--

__llvm_prf_cnts 
*          0    20000000    00000000     UNINITIALIZED

MODULE SUMMARY

       Module                       code    ro data   rw data
       ------                       ----    -------   -------
    .\
       main.obj                     664     0         16     
       startup_ccs.obj              12      620       0      
    +--+----------------------------+-------+---------+---------+
       Total:                       676     620       16     
                                                             
    .\FreeRTOS\Source\
       tasks.obj                    7452    4         488    
       queue.obj                    3360    0         80     
       timers.obj                   1776    0         60     
       list.obj                     298     0         0      
    +--+----------------------------+-------+---------+---------+
       Total:                       12886   4         628    
                                                             
    .\FreeRTOS\Source\portable\CCS\ARM_CM4F\
       port.obj                     336     4         4      
       portasm.obj                  218     0         0      
    +--+----------------------------+-------+---------+---------+
       Total:                       554     4         4      
                                                             
    .\FreeRTOS\Source\portable\MemMang\
       heap_4.obj                   928     0         20512  
    +--+----------------------------+-------+---------+---------+
       Total:                       928     0         20512  
                                                             
    .\driverlib\
       sysctl.obj                   3974    596       0      
       gpio.obj                     3092    552       0      
       interrupt.obj                960     268       620    
       pwm.obj                      1816    0         0      
       timer.obj                    1602    160       0      
       uart.obj                     1582    128       0      
       cpu.obj                      62      0         0      
    +--+----------------------------+-------+---------+---------+
       Total:                       13088   1704      620    
                                                             
    .\utils\
       uartstdio.obj                2736    58        572    
       RunTimeStatsConfig.obj       140     0         0      
    +--+----------------------------+-------+---------+---------+
       Total:                       2876    58        572    
                                                             
    C:\ti\ccs1110\ccs\tools\compiler\ti-cgt-arm_20.2.5.LTS\lib\rtsv7M4_T_le_v4SPD16_eabi.lib
       _printfi.c.obj               4851    0         0      
       fd_add_t2.asm.obj            438     0         0      
       fd_div_t2.asm.obj            310     0         0      
       s_scalbn.c.obj               272     0         0      
       fd_cmp_t2.asm.obj            268     0         0      
       ctype.c.obj                  0       257       0      
       fd_mul_t2.asm.obj            252     0         0      
       memcpy_t2.asm.obj            156     0         0      
       ull_div_t2.asm.obj           150     0         0      
       memset_t2.asm.obj            122     0         0      
       copy_decompress_lzss.c.obj   104     0         0      
       s_frexp.c.obj                100     0         0      
       sprintf.c.obj                98      0         0      
       _ltoa.c.obj                  84      0         0      
       atoi.c.obj                   76      0         0      
       fd_toi_t2.asm.obj            72      0         0      
       autoinit.c.obj               68      0         0      
       u_divt2.asm.obj              64      0         0      
       boot_cortex_m.c.obj          52      0         0      
       i_tofd_t2.asm.obj            46      0         0      
       memccpy.c.obj                28      0         0      
       s_copysign.c.obj             26      0         0      
       strchr.c.obj                 22      0         0      
       strcpy.c.obj                 20      0         0      
       strlen.c.obj                 20      0         0      
       wcslen.c.obj                 18      0         0      
       copy_decompress_none.c.obj   14      0         0      
       copy_zero_init.c.obj         12      0         0      
       errno.c.obj                  8       0         4      
       exit.c.obj                   4       0         0      
       pre_init.c.obj               4       0         0      
       div0.asm.obj                 2       0         0      
    +--+----------------------------+-------+---------+---------+
       Total:                       7761    257       4      
                                                             
       Stack:                       0       0         512    
       Linker Generated:            0       78        0      
    +--+----------------------------+-------+---------+---------+
       Grand Total:                 38769   2725      22868  


LINKER GENERATED COPY TABLES

__TI_cinit_table @ 0000a218 records: 3, size/record: 8, table size: 24
	.data: load addr=0000a1e0, load size=0000001a bytes, run addr=200058d0, run size=00000084 bytes, compression=lzss
	.bss: load addr=0000a208, load size=00000008 bytes, run addr=2000026c, run size=00005464 bytes, compression=zero_init
	.vtable: load addr=0000a210, load size=00000008 bytes, run addr=20000000, run size=0000026c bytes, compression=zero_init


LINKER GENERATED HANDLER TABLE

__TI_handler_table @ 0000a1fc records: 3, size/record: 4, table size: 12
	index: 0, handler: __TI_zero_init
	index: 1, handler: __TI_decompress_lzss
	index: 2, handler: __TI_decompress_none


GLOBAL SYMBOLS: SORTED ALPHABETICALLY BY Name 

address   name                               
-------   ----                               
000099e7  C$$EXIT                            
00009873  CPUbasepriGet                      
00009865  CPUbasepriSet                      
0000983f  CPUcpsid                           
00009855  CPUcpsie                           
0000984b  CPUprimask                         
00009861  CPUwfi                             
000047ed  GPIOADCTriggerDisable              
000047cf  GPIOADCTriggerEnable               
0000803f  GPIOAIntHandler                    
000047b1  GPIODMATriggerDisable              
00004793  GPIODMATriggerEnable               
00003ce3  GPIODirModeGet                     
00003c87  GPIODirModeSet                     
0000429d  GPIOIntClear                       
00004261  GPIOIntDisable                     
0000423d  GPIOIntEnable                      
000042b1  GPIOIntRegister                    
000042e9  GPIOIntRegisterPin                 
0000427b  GPIOIntStatus                      
00003dd3  GPIOIntTypeGet                     
00003d2f  GPIOIntTypeSet                     
000042cf  GPIOIntUnregister                  
00004317  GPIOIntUnregisterPin               
000040cb  GPIOPadConfigGet                   
00003e5d  GPIOPadConfigSet                   
00004735  GPIOPinConfigure                   
0000433b  GPIOPinRead                        
00004373  GPIOPinTypeADC                     
00004397  GPIOPinTypeCAN                     
000043bb  GPIOPinTypeComparator              
000043df  GPIOPinTypeComparatorOutput        
00004403  GPIOPinTypeDIVSCLK                 
00004427  GPIOPinTypeEPI                     
0000444b  GPIOPinTypeEthernetLED             
0000446f  GPIOPinTypeEthernetMII             
00004493  GPIOPinTypeGPIOInput               
000044b7  GPIOPinTypeGPIOOutput              
000044e1  GPIOPinTypeGPIOOutputOD            
00004505  GPIOPinTypeHibernateRTCCLK         
00004529  GPIOPinTypeI2C                     
0000454d  GPIOPinTypeI2CSCL                  
00004571  GPIOPinTypeLCD                     
00004595  GPIOPinTypeOneWire                 
000045b9  GPIOPinTypePWM                     
000045dd  GPIOPinTypeQEI                     
00004601  GPIOPinTypeSSI                     
00004625  GPIOPinTypeTimer                   
00004649  GPIOPinTypeTrace                   
0000466d  GPIOPinTypeUART                    
00004691  GPIOPinTypeUSBAnalog               
000046b5  GPIOPinTypeUSBDigital              
000046d9  GPIOPinTypeWakeHigh                
000046ff  GPIOPinTypeWakeLow                 
00004725  GPIOPinWakeStatus                  
00004353  GPIOPinWrite                       
0000480b  GPIOUnlockPin                      
000098e1  GetOverflowCounts                  
00007979  IntDisable                         
00007907  IntEnable                          
000079eb  IntIsEnabled                       
000077cb  IntMasterDisable                   
000077bb  IntMasterEnable                    
00007ae1  IntPendClear                       
00007a71  IntPendSet                         
000078e3  IntPriorityGet                     
0000785b  IntPriorityGroupingGet             
00007841  IntPriorityGroupingSet             
00007b3b  IntPriorityMaskGet                 
00007b2f  IntPriorityMaskSet                 
00007893  IntPrioritySet                     
000077db  IntRegister                        
00007b43  IntTrigger                         
0000782d  IntUnregister                      
000063b7  PWMClockGet                        
00006397  PWMClockSet                        
00005ee1  PWMDeadBandDisable                 
00005ea9  PWMDeadBandEnable                  
0000625d  PWMFaultIntClear                   
0000628f  PWMFaultIntClearExt                
00006177  PWMFaultIntRegister                
00006195  PWMFaultIntUnregister              
00005d3d  PWMGenConfigure                    
00005dfb  PWMGenDisable                      
00005de1  PWMGenEnable                       
00006361  PWMGenFaultClear                   
000062ad  PWMGenFaultConfigure               
0000632b  PWMGenFaultStatus                  
00006307  PWMGenFaultTriggerGet              
000062dd  PWMGenFaultTriggerSet              
00006215  PWMGenIntClear                     
000060e9  PWMGenIntRegister                  
000061eb  PWMGenIntStatus                    
000061cd  PWMGenIntTrigDisable               
000061af  PWMGenIntTrigEnable                
00006111  PWMGenIntUnregister                
00005db7  PWMGenPeriodGet                    
00005d87  PWMGenPeriodSet                    
00006245  PWMIntDisable                      
0000622d  PWMIntEnable                       
0000626f  PWMIntStatus                       
00005fb7  PWMOutputFault                     
00005f85  PWMOutputFaultLevel                
00005f53  PWMOutputInvert                    
00005f21  PWMOutputState                     
000063e1  PWMOutputUpdateMode                
00005e5f  PWMPulseWidthGet                   
00005e15  PWMPulseWidthSet                   
00005f0f  PWMSyncTimeBase                    
00005efd  PWMSyncUpdate                      
000099bd  ResetISR                           
00002ec5  SysCtlAltClkConfig                 
000025ed  SysCtlClockFreqSet                 
00002ab5  SysCtlClockGet                     
00002ea9  SysCtlClockOutConfig               
000028e5  SysCtlClockSet                     
000024f1  SysCtlDeepSleep                    
00002c79  SysCtlDeepSleepClockConfigSet      
00002c5b  SysCtlDeepSleepClockSet            
000024d1  SysCtlDeepSleepPowerSet            
000099dd  SysCtlDelay                        
0000207f  SysCtlFlashSectorSizeGet           
00002053  SysCtlFlashSizeGet                 
00002d4f  SysCtlGPIOAHBDisable               
00002d33  SysCtlGPIOAHBEnable                
00002465  SysCtlIntClear                     
0000244d  SysCtlIntDisable                   
00002439  SysCtlIntEnable                    
00002411  SysCtlIntRegister                  
00002475  SysCtlIntStatus                    
00002429  SysCtlIntUnregister                
000024b7  SysCtlLDODeepSleepGet              
000024a7  SysCtlLDODeepSleepSet              
000024a1  SysCtlLDOSleepGet                  
00002491  SysCtlLDOSleepSet                  
00002527  SysCtlMOSCConfigSet                
00002e8d  SysCtlNMIClear                     
00002e79  SysCtlNMIStatus                    
0000253d  SysCtlPIOSCCalibrate               
00002d1d  SysCtlPWMClockGet                  
00002d03  SysCtlPWMClockSet                  
000023bd  SysCtlPeripheralClockGating        
00002375  SysCtlPeripheralDeepSleepDisable   
00002325  SysCtlPeripheralDeepSleepEnable    
00002261  SysCtlPeripheralDisable            
00002225  SysCtlPeripheralEnable             
00002161  SysCtlPeripheralPowerOff           
00002125  SysCtlPeripheralPowerOn            
000020a5  SysCtlPeripheralPresent            
000020e5  SysCtlPeripheralReady              
0000219d  SysCtlPeripheralReset              
000022e9  SysCtlPeripheralSleepDisable       
000022a5  SysCtlPeripheralSleepEnable        
000024e1  SysCtlReset                        
0000259d  SysCtlResetBehaviorGet             
0000258d  SysCtlResetBehaviorSet             
00002513  SysCtlResetCauseClear              
0000250d  SysCtlResetCauseGet                
00002049  SysCtlSRAMSizeGet                  
000024e9  SysCtlSleep                        
000024bd  SysCtlSleepPowerSet                
00002d77  SysCtlUSBPLLDisable                
00002d6b  SysCtlUSBPLLEnable                 
00002dbd  SysCtlVCOGet                       
00002da5  SysCtlVoltageEventClear            
00002d89  SysCtlVoltageEventConfig           
00002d99  SysCtlVoltageEventStatus           
00007105  TimerADCEventGet                   
000070f3  TimerADCEventSet                   
00006e29  TimerClockSourceGet                
00006dff  TimerClockSourceSet                
00006bf3  TimerConfigure                     
00006d13  TimerControlEvent                  
00006c6f  TimerControlLevel                  
00006d3d  TimerControlStall                  
00006ca5  TimerControlTrigger                
00006d73  TimerControlWaitOnTrigger          
00007125  TimerDMAEventGet                   
00007113  TimerDMAEventSet                   
00006bd5  TimerDisable                       
00006bb7  TimerEnable                        
000070cf  TimerIntClear                      
00007099  TimerIntDisable                    
00007081  TimerIntEnable                     
0000703b  TimerIntRegister                   
000070b1  TimerIntStatus                     
00007063  TimerIntUnregister                 
00006ef3  TimerLoadGet                       
00006f29  TimerLoadGet64                     
00006ec9  TimerLoadSet                       
00006f0f  TimerLoadSet64                     
00006fd3  TimerMatchGet                      
00007009  TimerMatchGet64                    
00006fa9  TimerMatchSet                      
00006fef  TimerMatchSet64                    
00006e63  TimerPrescaleGet                   
00006ead  TimerPrescaleMatchGet              
00006e7f  TimerPrescaleMatchSet              
00006e39  TimerPrescaleSet                   
00006de9  TimerRTCDisable                    
00006dd3  TimerRTCEnable                     
000070e1  TimerSynchronize                   
00007133  TimerUpdateMode                    
00006f5b  TimerValueGet                      
00006f77  TimerValueGet64                    
00007759  UART9BitAddrSend                   
00007733  UART9BitAddrSet                    
0000771d  UART9BitDisable                    
00007707  UART9BitEnable                     
000075ab  UARTBreakCtl                       
000075d5  UARTBusy                           
00007553  UARTCharGet                        
00007537  UARTCharGetNonBlocking             
0000758d  UARTCharPut                        
00007569  UARTCharPutNonBlocking             
000074fb  UARTCharsAvail                     
000076f7  UARTClockSourceGet                 
000076e3  UARTClockSourceSet                 
000072cb  UARTConfigGetExpClk                
00007255  UARTConfigSetExpClk                
000076a9  UARTDMADisable                     
00007691  UARTDMAEnable                      
0000733b  UARTDisable                        
000073bf  UARTDisableSIR                     
000051bb  UARTEchoSet                        
00007317  UARTEnable                         
00007391  UARTEnableSIR                      
0000737b  UARTFIFODisable                    
00007365  UARTFIFOEnable                     
0000722d  UARTFIFOLevelGet                   
00007215  UARTFIFOLevelSet                   
000074bb  UARTFlowControlGet                 
0000749f  UARTFlowControlSet                 
00005187  UARTFlushRx                        
00005195  UARTFlushTx                        
0000767f  UARTIntClear                       
00007649  UARTIntDisable                     
00007631  UARTIntEnable                      
000075f3  UARTIntRegister                    
00007661  UARTIntStatus                      
00007611  UARTIntUnregister                  
000077a1  UARTLoopbackEnable                 
00007455  UARTModemControlClear              
00007479  UARTModemControlGet                
0000741d  UARTModemControlSet                
0000748b  UARTModemStatusGet                 
00007203  UARTParityModeGet                  
000071e7  UARTParityModeSet                  
0000516f  UARTRxBytesAvail                   
000076d3  UARTRxErrorClear                   
000076c1  UARTRxErrorGet                     
00007407  UARTSmartCardDisable               
000073d5  UARTSmartCardEnable                
00007519  UARTSpaceAvail                     
00004897  UARTStdioConfig                    
000051e3  UARTStdioIntHandler                
0000517b  UARTTxBytesFree                    
000074e9  UARTTxIntModeGet                   
000074cd  UARTTxIntModeSet                   
00004e29  UARTgetc                           
00004a11  UARTgets                           
0000514b  UARTprintf                         
00004e51  UARTvprintf                        
0000497d  UARTwrite                          
200058d0  __STACK_END                        
00000200  __STACK_SIZE                       
200058d0  __STACK_TOP                        
0000a218  __TI_CINIT_Base                    
0000a230  __TI_CINIT_Limit                   
0000a1fc  __TI_Handler_Table_Base            
0000a208  __TI_Handler_Table_Limit           
0000973d  __TI_auto_init_nobinit_nopinit     
000094e1  __TI_decompress_lzss               
000099a3  __TI_decompress_none               
00009603  __TI_ltoa                          
ffffffff  __TI_pprof_out_hndl                
000052ed  __TI_printfi                       
ffffffff  __TI_prof_data_size                
ffffffff  __TI_prof_data_start               
00000000  __TI_static_base__                 
000099b1  __TI_zero_init                     
00009285  __aeabi_cdcmpeq                    
00009285  __aeabi_cdcmple                    
0000930b  __aeabi_cdrcmple                   
000096f5  __aeabi_d2iz                       
000085fb  __aeabi_dadd                       
00008a35  __aeabi_ddiv                       
00008ec9  __aeabi_dmul                       
000085f1  __aeabi_dsub                       
000099d5  __aeabi_errno_addr                 
000098b1  __aeabi_i2d                        
00005d3b  __aeabi_idiv0                      
00005d3b  __aeabi_ldiv0                      
00009391  __aeabi_memclr                     
00009391  __aeabi_memclr4                    
00009391  __aeabi_memclr8                    
00009153  __aeabi_memcpy                     
00009153  __aeabi_memcpy4                    
00009153  __aeabi_memcpy8                    
00009393  __aeabi_memset                     
00009393  __aeabi_memset4                    
00009393  __aeabi_memset8                    
00009781  __aeabi_uidiv                      
00009781  __aeabi_uidivmod                   
000091ef  __aeabi_uldivmod                   
ffffffff  __binit__                          
ffffffff  __c_args__                         
UNDEFED   __mpu_init                         
200056d0  __stack                            
20000000  __start___llvm_prf_cnts            
20000000  __stop___llvm_prf_cnts             
0000987d  _c_int00_noargs                    
00009b9c  _ctypes_                           
UNDEFED   _system_post_cinit                 
000099e3  _system_pre_init                   
000099e7  abort                              
000096a9  atoi                               
ffffffff  binit                              
20005924  contadorL                          
20005928  contadorR                          
00009921  copysign                           
00009921  copysignl                          
00000601  eTaskGetState                      
20005950  errno                              
2000592c  estadoL                            
20005930  estadoR                            
00009549  frexp                              
00009549  frexpl                             
20000000  g_pfnRAMVectors                    
00000000  g_pfnVectors                       
00008db9  ldexp                              
00008db9  ldexpl                             
00007f2b  main                               
00009905  memccpy                            
00009153  memcpy                             
00009399  memset                             
00003b3f  pcQueueGetName                     
00000c39  pcTaskGetName                      
00006601  pcTimerGetName                     
00007b79  pvPortMalloc                       
00001991  pvTaskIncrementMutexHeldCount      
00006a69  pvTimerGetTimerID                  
200058d0  pxCurrentTCB                       
000087a9  pxPortInitialiseStack              
00008db9  scalbn                             
00008db9  scalbnl                            
000097c1  sprintf                            
00009953  strchr                             
00009969  strcpy                             
0000997d  strlen                             
00003897  ucQueueGetQueueType                
0000a1d0  ulMaxSyscallInterruptPriority      
00008fd5  ulPortGetIPSR                      
000019ad  ulTaskGenericNotifyTake            
00001e89  ulTaskGenericNotifyValueClear      
00008c4d  uxListRemove                       
00003877  uxQueueGetQueueNumber              
00003815  uxQueueMessagesWaiting             
0000384b  uxQueueMessagesWaitingFromISR      
0000382b  uxQueueSpacesAvailable             
00000c2d  uxTaskGetNumberOfTasks             
00001449  uxTaskGetStackHighWaterMark        
00000c5d  uxTaskGetSystemState               
000011bd  uxTaskGetTaskNumber                
000006c9  uxTaskPriorityGet                  
000006f1  uxTaskPriorityGetFromISR           
0000196f  uxTaskResetEventItemValue          
000065c3  uxTimerGetReloadMode               
00006b09  uxTimerGetTimerNumber              
0000a1d4  uxTopUsedPriority                  
00007f23  vApplicationIdleHook               
00007f19  vApplicationStackOverflowHook      
00009479  vConfigureTimerForRunTimeStats     
00008b6b  vListInitialise                    
00008b9b  vListInitialiseItem                
00008be7  vListInsert                        
00008bab  vListInsertEnd                     
00009091  vPortEnableVFP                     
00008849  vPortEndScheduler                  
0000884b  vPortEnterCritical                 
0000886b  vPortExitCritical                  
00007ca7  vPortFree                          
00007e59  vPortGetHeapStats                  
00007d0d  vPortInitialiseBlocks              
0000904d  vPortSVCHandler                    
000088a7  vPortSetupTimerInterrupt           
0000906d  vPortStartFirstTask                
00003afd  vQueueAddToRegistry                
00003861  vQueueDelete                       
00003885  vQueueSetQueueNumber               
00003b7f  vQueueUnregisterQueue              
00003bc3  vQueueWaitForMessageRestricted     
000005bf  vTaskDelay                         
00000481  vTaskDelete                        
00000af3  vTaskEndScheduler                  
00001d7b  vTaskGenericNotifyGiveFromISR      
000012b5  vTaskGetInfo                       
00001897  vTaskGetRunTimeStats               
00001103  vTaskInternalSetTimeOutState       
00001785  vTaskList                          
000011b1  vTaskMissedYield                   
00000f71  vTaskPlaceOnEventList              
00000fc5  vTaskPlaceOnEventListRestricted    
00000f95  vTaskPlaceOnUnorderedEventList     
0000166b  vTaskPriorityDisinheritAfterTimeout
00000739  vTaskPrioritySet                   
00001079  vTaskRemoveFromUnorderedEventList  
00000983  vTaskResume                        
000011dd  vTaskSetTaskNumber                 
000010e5  vTaskSetTimeOutState               
00000a99  vTaskStartScheduler                
00000851  vTaskSuspend                       
00000b0f  vTaskSuspendAll                    
00000e91  vTaskSwitchContext                 
0000658d  vTimerSetReloadMode                
00006a83  vTimerSetTimerID                   
00006b17  vTimerSetTimerNumber               
00009991  wcslen                             
00007d01  xPortGetFreeHeapSize               
00007d07  xPortGetMinimumEverFreeHeapSize    
00008fed  xPortPendSVHandler                 
00008813  xPortStartScheduler                
00008881  xPortSysTickHandler                
00003109  xQueueCreateCountingSemaphore      
0000305d  xQueueCreateMutex                  
00002fa9  xQueueGenericCreate                
00002f09  xQueueGenericReset                 
00003129  xQueueGenericSend                  
00003259  xQueueGenericSendFromISR           
000032fb  xQueueGiveFromISR                  
00003089  xQueueGiveMutexRecursive           
00003a91  xQueueIsQueueEmptyFromISR          
00003ad7  xQueueIsQueueFullFromISR           
00003607  xQueuePeek                         
000037c3  xQueuePeekFromISR                  
0000338f  xQueueReceive                      
00003729  xQueueReceiveFromISR               
200055ac  xQueueRegistry                     
000034ad  xQueueSemaphoreTake                
000030c5  xQueueTakeMutexRecursive           
00000d41  xTaskCatchUpTicks                  
0000112d  xTaskCheckForTimeOut               
0000026d  xTaskCreate                        
0000052f  xTaskDelayUntil                    
00001b35  xTaskGenericNotify                 
00001c4d  xTaskGenericNotifyFromISR          
00001e37  xTaskGenericNotifyStateClear       
00001a4b  xTaskGenericNotifyWait             
000014b9  xTaskGetCurrentTaskHandle          
000014d9  xTaskGetSchedulerState             
00000c09  xTaskGetTickCount                  
00000c19  xTaskGetTickCountFromISR           
00000d7d  xTaskIncrementTick                 
000015e1  xTaskPriorityDisinherit            
00001515  xTaskPriorityInherit               
00000ff5  xTaskRemoveFromEventList           
00000b21  xTaskResumeAll                     
00000a01  xTaskResumeFromISR                 
00006481  xTimerCreate                       
00006455  xTimerCreateTimerTask              
00006509  xTimerGenericCommand               
000065eb  xTimerGetExpiryTime                
0000657b  xTimerGetPeriod                    
00006575  xTimerGetTimerDaemonTaskHandle     
00006a41  xTimerIsTimerActive                
00006ad3  xTimerPendFunctionCall             
00006a9d  xTimerPendFunctionCallFromISR      


GLOBAL SYMBOLS: SORTED BY Symbol Address 

address   name                               
-------   ----                               
00000000  __TI_static_base__                 
00000000  g_pfnVectors                       
00000200  __STACK_SIZE                       
0000026d  xTaskCreate                        
00000481  vTaskDelete                        
0000052f  xTaskDelayUntil                    
000005bf  vTaskDelay                         
00000601  eTaskGetState                      
000006c9  uxTaskPriorityGet                  
000006f1  uxTaskPriorityGetFromISR           
00000739  vTaskPrioritySet                   
00000851  vTaskSuspend                       
00000983  vTaskResume                        
00000a01  xTaskResumeFromISR                 
00000a99  vTaskStartScheduler                
00000af3  vTaskEndScheduler                  
00000b0f  vTaskSuspendAll                    
00000b21  xTaskResumeAll                     
00000c09  xTaskGetTickCount                  
00000c19  xTaskGetTickCountFromISR           
00000c2d  uxTaskGetNumberOfTasks             
00000c39  pcTaskGetName                      
00000c5d  uxTaskGetSystemState               
00000d41  xTaskCatchUpTicks                  
00000d7d  xTaskIncrementTick                 
00000e91  vTaskSwitchContext                 
00000f71  vTaskPlaceOnEventList              
00000f95  vTaskPlaceOnUnorderedEventList     
00000fc5  vTaskPlaceOnEventListRestricted    
00000ff5  xTaskRemoveFromEventList           
00001079  vTaskRemoveFromUnorderedEventList  
000010e5  vTaskSetTimeOutState               
00001103  vTaskInternalSetTimeOutState       
0000112d  xTaskCheckForTimeOut               
000011b1  vTaskMissedYield                   
000011bd  uxTaskGetTaskNumber                
000011dd  vTaskSetTaskNumber                 
000012b5  vTaskGetInfo                       
00001449  uxTaskGetStackHighWaterMark        
000014b9  xTaskGetCurrentTaskHandle          
000014d9  xTaskGetSchedulerState             
00001515  xTaskPriorityInherit               
000015e1  xTaskPriorityDisinherit            
0000166b  vTaskPriorityDisinheritAfterTimeout
00001785  vTaskList                          
00001897  vTaskGetRunTimeStats               
0000196f  uxTaskResetEventItemValue          
00001991  pvTaskIncrementMutexHeldCount      
000019ad  ulTaskGenericNotifyTake            
00001a4b  xTaskGenericNotifyWait             
00001b35  xTaskGenericNotify                 
00001c4d  xTaskGenericNotifyFromISR          
00001d7b  vTaskGenericNotifyGiveFromISR      
00001e37  xTaskGenericNotifyStateClear       
00001e89  ulTaskGenericNotifyValueClear      
00002049  SysCtlSRAMSizeGet                  
00002053  SysCtlFlashSizeGet                 
0000207f  SysCtlFlashSectorSizeGet           
000020a5  SysCtlPeripheralPresent            
000020e5  SysCtlPeripheralReady              
00002125  SysCtlPeripheralPowerOn            
00002161  SysCtlPeripheralPowerOff           
0000219d  SysCtlPeripheralReset              
00002225  SysCtlPeripheralEnable             
00002261  SysCtlPeripheralDisable            
000022a5  SysCtlPeripheralSleepEnable        
000022e9  SysCtlPeripheralSleepDisable       
00002325  SysCtlPeripheralDeepSleepEnable    
00002375  SysCtlPeripheralDeepSleepDisable   
000023bd  SysCtlPeripheralClockGating        
00002411  SysCtlIntRegister                  
00002429  SysCtlIntUnregister                
00002439  SysCtlIntEnable                    
0000244d  SysCtlIntDisable                   
00002465  SysCtlIntClear                     
00002475  SysCtlIntStatus                    
00002491  SysCtlLDOSleepSet                  
000024a1  SysCtlLDOSleepGet                  
000024a7  SysCtlLDODeepSleepSet              
000024b7  SysCtlLDODeepSleepGet              
000024bd  SysCtlSleepPowerSet                
000024d1  SysCtlDeepSleepPowerSet            
000024e1  SysCtlReset                        
000024e9  SysCtlSleep                        
000024f1  SysCtlDeepSleep                    
0000250d  SysCtlResetCauseGet                
00002513  SysCtlResetCauseClear              
00002527  SysCtlMOSCConfigSet                
0000253d  SysCtlPIOSCCalibrate               
0000258d  SysCtlResetBehaviorSet             
0000259d  SysCtlResetBehaviorGet             
000025ed  SysCtlClockFreqSet                 
000028e5  SysCtlClockSet                     
00002ab5  SysCtlClockGet                     
00002c5b  SysCtlDeepSleepClockSet            
00002c79  SysCtlDeepSleepClockConfigSet      
00002d03  SysCtlPWMClockSet                  
00002d1d  SysCtlPWMClockGet                  
00002d33  SysCtlGPIOAHBEnable                
00002d4f  SysCtlGPIOAHBDisable               
00002d6b  SysCtlUSBPLLEnable                 
00002d77  SysCtlUSBPLLDisable                
00002d89  SysCtlVoltageEventConfig           
00002d99  SysCtlVoltageEventStatus           
00002da5  SysCtlVoltageEventClear            
00002dbd  SysCtlVCOGet                       
00002e79  SysCtlNMIStatus                    
00002e8d  SysCtlNMIClear                     
00002ea9  SysCtlClockOutConfig               
00002ec5  SysCtlAltClkConfig                 
00002f09  xQueueGenericReset                 
00002fa9  xQueueGenericCreate                
0000305d  xQueueCreateMutex                  
00003089  xQueueGiveMutexRecursive           
000030c5  xQueueTakeMutexRecursive           
00003109  xQueueCreateCountingSemaphore      
00003129  xQueueGenericSend                  
00003259  xQueueGenericSendFromISR           
000032fb  xQueueGiveFromISR                  
0000338f  xQueueReceive                      
000034ad  xQueueSemaphoreTake                
00003607  xQueuePeek                         
00003729  xQueueReceiveFromISR               
000037c3  xQueuePeekFromISR                  
00003815  uxQueueMessagesWaiting             
0000382b  uxQueueSpacesAvailable             
0000384b  uxQueueMessagesWaitingFromISR      
00003861  vQueueDelete                       
00003877  uxQueueGetQueueNumber              
00003885  vQueueSetQueueNumber               
00003897  ucQueueGetQueueType                
00003a91  xQueueIsQueueEmptyFromISR          
00003ad7  xQueueIsQueueFullFromISR           
00003afd  vQueueAddToRegistry                
00003b3f  pcQueueGetName                     
00003b7f  vQueueUnregisterQueue              
00003bc3  vQueueWaitForMessageRestricted     
00003c87  GPIODirModeSet                     
00003ce3  GPIODirModeGet                     
00003d2f  GPIOIntTypeSet                     
00003dd3  GPIOIntTypeGet                     
00003e5d  GPIOPadConfigSet                   
000040cb  GPIOPadConfigGet                   
0000423d  GPIOIntEnable                      
00004261  GPIOIntDisable                     
0000427b  GPIOIntStatus                      
0000429d  GPIOIntClear                       
000042b1  GPIOIntRegister                    
000042cf  GPIOIntUnregister                  
000042e9  GPIOIntRegisterPin                 
00004317  GPIOIntUnregisterPin               
0000433b  GPIOPinRead                        
00004353  GPIOPinWrite                       
00004373  GPIOPinTypeADC                     
00004397  GPIOPinTypeCAN                     
000043bb  GPIOPinTypeComparator              
000043df  GPIOPinTypeComparatorOutput        
00004403  GPIOPinTypeDIVSCLK                 
00004427  GPIOPinTypeEPI                     
0000444b  GPIOPinTypeEthernetLED             
0000446f  GPIOPinTypeEthernetMII             
00004493  GPIOPinTypeGPIOInput               
000044b7  GPIOPinTypeGPIOOutput              
000044e1  GPIOPinTypeGPIOOutputOD            
00004505  GPIOPinTypeHibernateRTCCLK         
00004529  GPIOPinTypeI2C                     
0000454d  GPIOPinTypeI2CSCL                  
00004571  GPIOPinTypeLCD                     
00004595  GPIOPinTypeOneWire                 
000045b9  GPIOPinTypePWM                     
000045dd  GPIOPinTypeQEI                     
00004601  GPIOPinTypeSSI                     
00004625  GPIOPinTypeTimer                   
00004649  GPIOPinTypeTrace                   
0000466d  GPIOPinTypeUART                    
00004691  GPIOPinTypeUSBAnalog               
000046b5  GPIOPinTypeUSBDigital              
000046d9  GPIOPinTypeWakeHigh                
000046ff  GPIOPinTypeWakeLow                 
00004725  GPIOPinWakeStatus                  
00004735  GPIOPinConfigure                   
00004793  GPIODMATriggerEnable               
000047b1  GPIODMATriggerDisable              
000047cf  GPIOADCTriggerEnable               
000047ed  GPIOADCTriggerDisable              
0000480b  GPIOUnlockPin                      
00004897  UARTStdioConfig                    
0000497d  UARTwrite                          
00004a11  UARTgets                           
00004e29  UARTgetc                           
00004e51  UARTvprintf                        
0000514b  UARTprintf                         
0000516f  UARTRxBytesAvail                   
0000517b  UARTTxBytesFree                    
00005187  UARTFlushRx                        
00005195  UARTFlushTx                        
000051bb  UARTEchoSet                        
000051e3  UARTStdioIntHandler                
000052ed  __TI_printfi                       
00005d3b  __aeabi_idiv0                      
00005d3b  __aeabi_ldiv0                      
00005d3d  PWMGenConfigure                    
00005d87  PWMGenPeriodSet                    
00005db7  PWMGenPeriodGet                    
00005de1  PWMGenEnable                       
00005dfb  PWMGenDisable                      
00005e15  PWMPulseWidthSet                   
00005e5f  PWMPulseWidthGet                   
00005ea9  PWMDeadBandEnable                  
00005ee1  PWMDeadBandDisable                 
00005efd  PWMSyncUpdate                      
00005f0f  PWMSyncTimeBase                    
00005f21  PWMOutputState                     
00005f53  PWMOutputInvert                    
00005f85  PWMOutputFaultLevel                
00005fb7  PWMOutputFault                     
000060e9  PWMGenIntRegister                  
00006111  PWMGenIntUnregister                
00006177  PWMFaultIntRegister                
00006195  PWMFaultIntUnregister              
000061af  PWMGenIntTrigEnable                
000061cd  PWMGenIntTrigDisable               
000061eb  PWMGenIntStatus                    
00006215  PWMGenIntClear                     
0000622d  PWMIntEnable                       
00006245  PWMIntDisable                      
0000625d  PWMFaultIntClear                   
0000626f  PWMIntStatus                       
0000628f  PWMFaultIntClearExt                
000062ad  PWMGenFaultConfigure               
000062dd  PWMGenFaultTriggerSet              
00006307  PWMGenFaultTriggerGet              
0000632b  PWMGenFaultStatus                  
00006361  PWMGenFaultClear                   
00006397  PWMClockSet                        
000063b7  PWMClockGet                        
000063e1  PWMOutputUpdateMode                
00006455  xTimerCreateTimerTask              
00006481  xTimerCreate                       
00006509  xTimerGenericCommand               
00006575  xTimerGetTimerDaemonTaskHandle     
0000657b  xTimerGetPeriod                    
0000658d  vTimerSetReloadMode                
000065c3  uxTimerGetReloadMode               
000065eb  xTimerGetExpiryTime                
00006601  pcTimerGetName                     
00006a41  xTimerIsTimerActive                
00006a69  pvTimerGetTimerID                  
00006a83  vTimerSetTimerID                   
00006a9d  xTimerPendFunctionCallFromISR      
00006ad3  xTimerPendFunctionCall             
00006b09  uxTimerGetTimerNumber              
00006b17  vTimerSetTimerNumber               
00006bb7  TimerEnable                        
00006bd5  TimerDisable                       
00006bf3  TimerConfigure                     
00006c6f  TimerControlLevel                  
00006ca5  TimerControlTrigger                
00006d13  TimerControlEvent                  
00006d3d  TimerControlStall                  
00006d73  TimerControlWaitOnTrigger          
00006dd3  TimerRTCEnable                     
00006de9  TimerRTCDisable                    
00006dff  TimerClockSourceSet                
00006e29  TimerClockSourceGet                
00006e39  TimerPrescaleSet                   
00006e63  TimerPrescaleGet                   
00006e7f  TimerPrescaleMatchSet              
00006ead  TimerPrescaleMatchGet              
00006ec9  TimerLoadSet                       
00006ef3  TimerLoadGet                       
00006f0f  TimerLoadSet64                     
00006f29  TimerLoadGet64                     
00006f5b  TimerValueGet                      
00006f77  TimerValueGet64                    
00006fa9  TimerMatchSet                      
00006fd3  TimerMatchGet                      
00006fef  TimerMatchSet64                    
00007009  TimerMatchGet64                    
0000703b  TimerIntRegister                   
00007063  TimerIntUnregister                 
00007081  TimerIntEnable                     
00007099  TimerIntDisable                    
000070b1  TimerIntStatus                     
000070cf  TimerIntClear                      
000070e1  TimerSynchronize                   
000070f3  TimerADCEventSet                   
00007105  TimerADCEventGet                   
00007113  TimerDMAEventSet                   
00007125  TimerDMAEventGet                   
00007133  TimerUpdateMode                    
000071e7  UARTParityModeSet                  
00007203  UARTParityModeGet                  
00007215  UARTFIFOLevelSet                   
0000722d  UARTFIFOLevelGet                   
00007255  UARTConfigSetExpClk                
000072cb  UARTConfigGetExpClk                
00007317  UARTEnable                         
0000733b  UARTDisable                        
00007365  UARTFIFOEnable                     
0000737b  UARTFIFODisable                    
00007391  UARTEnableSIR                      
000073bf  UARTDisableSIR                     
000073d5  UARTSmartCardEnable                
00007407  UARTSmartCardDisable               
0000741d  UARTModemControlSet                
00007455  UARTModemControlClear              
00007479  UARTModemControlGet                
0000748b  UARTModemStatusGet                 
0000749f  UARTFlowControlSet                 
000074bb  UARTFlowControlGet                 
000074cd  UARTTxIntModeSet                   
000074e9  UARTTxIntModeGet                   
000074fb  UARTCharsAvail                     
00007519  UARTSpaceAvail                     
00007537  UARTCharGetNonBlocking             
00007553  UARTCharGet                        
00007569  UARTCharPutNonBlocking             
0000758d  UARTCharPut                        
000075ab  UARTBreakCtl                       
000075d5  UARTBusy                           
000075f3  UARTIntRegister                    
00007611  UARTIntUnregister                  
00007631  UARTIntEnable                      
00007649  UARTIntDisable                     
00007661  UARTIntStatus                      
0000767f  UARTIntClear                       
00007691  UARTDMAEnable                      
000076a9  UARTDMADisable                     
000076c1  UARTRxErrorGet                     
000076d3  UARTRxErrorClear                   
000076e3  UARTClockSourceSet                 
000076f7  UARTClockSourceGet                 
00007707  UART9BitEnable                     
0000771d  UART9BitDisable                    
00007733  UART9BitAddrSet                    
00007759  UART9BitAddrSend                   
000077a1  UARTLoopbackEnable                 
000077bb  IntMasterEnable                    
000077cb  IntMasterDisable                   
000077db  IntRegister                        
0000782d  IntUnregister                      
00007841  IntPriorityGroupingSet             
0000785b  IntPriorityGroupingGet             
00007893  IntPrioritySet                     
000078e3  IntPriorityGet                     
00007907  IntEnable                          
00007979  IntDisable                         
000079eb  IntIsEnabled                       
00007a71  IntPendSet                         
00007ae1  IntPendClear                       
00007b2f  IntPriorityMaskSet                 
00007b3b  IntPriorityMaskGet                 
00007b43  IntTrigger                         
00007b79  pvPortMalloc                       
00007ca7  vPortFree                          
00007d01  xPortGetFreeHeapSize               
00007d07  xPortGetMinimumEverFreeHeapSize    
00007d0d  vPortInitialiseBlocks              
00007e59  vPortGetHeapStats                  
00007f19  vApplicationStackOverflowHook      
00007f23  vApplicationIdleHook               
00007f2b  main                               
0000803f  GPIOAIntHandler                    
000085f1  __aeabi_dsub                       
000085fb  __aeabi_dadd                       
000087a9  pxPortInitialiseStack              
00008813  xPortStartScheduler                
00008849  vPortEndScheduler                  
0000884b  vPortEnterCritical                 
0000886b  vPortExitCritical                  
00008881  xPortSysTickHandler                
000088a7  vPortSetupTimerInterrupt           
00008a35  __aeabi_ddiv                       
00008b6b  vListInitialise                    
00008b9b  vListInitialiseItem                
00008bab  vListInsertEnd                     
00008be7  vListInsert                        
00008c4d  uxListRemove                       
00008db9  ldexp                              
00008db9  ldexpl                             
00008db9  scalbn                             
00008db9  scalbnl                            
00008ec9  __aeabi_dmul                       
00008fd5  ulPortGetIPSR                      
00008fed  xPortPendSVHandler                 
0000904d  vPortSVCHandler                    
0000906d  vPortStartFirstTask                
00009091  vPortEnableVFP                     
00009153  __aeabi_memcpy                     
00009153  __aeabi_memcpy4                    
00009153  __aeabi_memcpy8                    
00009153  memcpy                             
000091ef  __aeabi_uldivmod                   
00009285  __aeabi_cdcmpeq                    
00009285  __aeabi_cdcmple                    
0000930b  __aeabi_cdrcmple                   
00009391  __aeabi_memclr                     
00009391  __aeabi_memclr4                    
00009391  __aeabi_memclr8                    
00009393  __aeabi_memset                     
00009393  __aeabi_memset4                    
00009393  __aeabi_memset8                    
00009399  memset                             
00009479  vConfigureTimerForRunTimeStats     
000094e1  __TI_decompress_lzss               
00009549  frexp                              
00009549  frexpl                             
00009603  __TI_ltoa                          
000096a9  atoi                               
000096f5  __aeabi_d2iz                       
0000973d  __TI_auto_init_nobinit_nopinit     
00009781  __aeabi_uidiv                      
00009781  __aeabi_uidivmod                   
000097c1  sprintf                            
0000983f  CPUcpsid                           
0000984b  CPUprimask                         
00009855  CPUcpsie                           
00009861  CPUwfi                             
00009865  CPUbasepriSet                      
00009873  CPUbasepriGet                      
0000987d  _c_int00_noargs                    
000098b1  __aeabi_i2d                        
000098e1  GetOverflowCounts                  
00009905  memccpy                            
00009921  copysign                           
00009921  copysignl                          
00009953  strchr                             
00009969  strcpy                             
0000997d  strlen                             
00009991  wcslen                             
000099a3  __TI_decompress_none               
000099b1  __TI_zero_init                     
000099bd  ResetISR                           
000099d5  __aeabi_errno_addr                 
000099dd  SysCtlDelay                        
000099e3  _system_pre_init                   
000099e7  C$$EXIT                            
000099e7  abort                              
00009b9c  _ctypes_                           
0000a1d0  ulMaxSyscallInterruptPriority      
0000a1d4  uxTopUsedPriority                  
0000a1fc  __TI_Handler_Table_Base            
0000a208  __TI_Handler_Table_Limit           
0000a218  __TI_CINIT_Base                    
0000a230  __TI_CINIT_Limit                   
20000000  __start___llvm_prf_cnts            
20000000  __stop___llvm_prf_cnts             
20000000  g_pfnRAMVectors                    
200055ac  xQueueRegistry                     
200056d0  __stack                            
200058d0  __STACK_END                        
200058d0  __STACK_TOP                        
200058d0  pxCurrentTCB                       
20005924  contadorL                          
20005928  contadorR                          
2000592c  estadoL                            
20005930  estadoR                            
20005950  errno                              
ffffffff  __TI_pprof_out_hndl                
ffffffff  __TI_prof_data_size                
ffffffff  __TI_prof_data_start               
ffffffff  __binit__                          
ffffffff  __c_args__                         
ffffffff  binit                              
UNDEFED   __mpu_init                         
UNDEFED   _system_post_cinit                 

[467 symbols]
