<?xml version="1.0" encoding="ISO-8859-1" ?>
<link_info>
   <banner>TI ARM Linker PC v20.2.5.LTS</banner>
   <copyright>Copyright (c) 1996-2018 Texas Instruments Incorporated</copyright>
   <link_time>0x63638d99</link_time>
   <link_errors>0x0</link_errors>
   <output_file>Practica2_EncoderCuenta.out</output_file>
   <entry_point>
      <name>_c_int00_noargs</name>
      <address>0x987d</address>
   </entry_point>
   <input_file_list>
      <input_file id="fl-2">
         <path>.\</path>
         <kind>object</kind>
         <file>main.obj</file>
         <name>main.obj</name>
      </input_file>
      <input_file id="fl-3">
         <path>.\</path>
         <kind>object</kind>
         <file>startup_ccs.obj</file>
         <name>startup_ccs.obj</name>
      </input_file>
      <input_file id="fl-4">
         <path>.\FreeRTOS\Source\</path>
         <kind>object</kind>
         <file>croutine.obj</file>
         <name>croutine.obj</name>
      </input_file>
      <input_file id="fl-5">
         <path>.\FreeRTOS\Source\</path>
         <kind>object</kind>
         <file>event_groups.obj</file>
         <name>event_groups.obj</name>
      </input_file>
      <input_file id="fl-6">
         <path>.\FreeRTOS\Source\</path>
         <kind>object</kind>
         <file>list.obj</file>
         <name>list.obj</name>
      </input_file>
      <input_file id="fl-7">
         <path>.\FreeRTOS\Source\</path>
         <kind>object</kind>
         <file>queue.obj</file>
         <name>queue.obj</name>
      </input_file>
      <input_file id="fl-8">
         <path>.\FreeRTOS\Source\</path>
         <kind>object</kind>
         <file>stream_buffer.obj</file>
         <name>stream_buffer.obj</name>
      </input_file>
      <input_file id="fl-9">
         <path>.\FreeRTOS\Source\</path>
         <kind>object</kind>
         <file>tasks.obj</file>
         <name>tasks.obj</name>
      </input_file>
      <input_file id="fl-a">
         <path>.\FreeRTOS\Source\</path>
         <kind>object</kind>
         <file>timers.obj</file>
         <name>timers.obj</name>
      </input_file>
      <input_file id="fl-b">
         <path>.\FreeRTOS\Source\portable\CCS\ARM_CM4F\</path>
         <kind>object</kind>
         <file>port.obj</file>
         <name>port.obj</name>
      </input_file>
      <input_file id="fl-c">
         <path>.\FreeRTOS\Source\portable\CCS\ARM_CM4F\</path>
         <kind>object</kind>
         <file>portasm.obj</file>
         <name>portasm.obj</name>
      </input_file>
      <input_file id="fl-d">
         <path>.\FreeRTOS\Source\portable\MemMang\</path>
         <kind>object</kind>
         <file>heap_4.obj</file>
         <name>heap_4.obj</name>
      </input_file>
      <input_file id="fl-e">
         <path>.\driverlib\</path>
         <kind>object</kind>
         <file>adc.obj</file>
         <name>adc.obj</name>
      </input_file>
      <input_file id="fl-f">
         <path>.\driverlib\</path>
         <kind>object</kind>
         <file>aes.obj</file>
         <name>aes.obj</name>
      </input_file>
      <input_file id="fl-10">
         <path>.\driverlib\</path>
         <kind>object</kind>
         <file>can.obj</file>
         <name>can.obj</name>
      </input_file>
      <input_file id="fl-11">
         <path>.\driverlib\</path>
         <kind>object</kind>
         <file>comp.obj</file>
         <name>comp.obj</name>
      </input_file>
      <input_file id="fl-12">
         <path>.\driverlib\</path>
         <kind>object</kind>
         <file>cpu.obj</file>
         <name>cpu.obj</name>
      </input_file>
      <input_file id="fl-13">
         <path>.\driverlib\</path>
         <kind>object</kind>
         <file>crc.obj</file>
         <name>crc.obj</name>
      </input_file>
      <input_file id="fl-14">
         <path>.\driverlib\</path>
         <kind>object</kind>
         <file>des.obj</file>
         <name>des.obj</name>
      </input_file>
      <input_file id="fl-15">
         <path>.\driverlib\</path>
         <kind>object</kind>
         <file>eeprom.obj</file>
         <name>eeprom.obj</name>
      </input_file>
      <input_file id="fl-16">
         <path>.\driverlib\</path>
         <kind>object</kind>
         <file>emac.obj</file>
         <name>emac.obj</name>
      </input_file>
      <input_file id="fl-17">
         <path>.\driverlib\</path>
         <kind>object</kind>
         <file>epi.obj</file>
         <name>epi.obj</name>
      </input_file>
      <input_file id="fl-18">
         <path>.\driverlib\</path>
         <kind>object</kind>
         <file>epi_workaround_ccs.obj</file>
         <name>epi_workaround_ccs.obj</name>
      </input_file>
      <input_file id="fl-19">
         <path>.\driverlib\</path>
         <kind>object</kind>
         <file>flash.obj</file>
         <name>flash.obj</name>
      </input_file>
      <input_file id="fl-1a">
         <path>.\driverlib\</path>
         <kind>object</kind>
         <file>fpu.obj</file>
         <name>fpu.obj</name>
      </input_file>
      <input_file id="fl-1b">
         <path>.\driverlib\</path>
         <kind>object</kind>
         <file>gpio.obj</file>
         <name>gpio.obj</name>
      </input_file>
      <input_file id="fl-1c">
         <path>.\driverlib\</path>
         <kind>object</kind>
         <file>hibernate.obj</file>
         <name>hibernate.obj</name>
      </input_file>
      <input_file id="fl-1d">
         <path>.\driverlib\</path>
         <kind>object</kind>
         <file>i2c.obj</file>
         <name>i2c.obj</name>
      </input_file>
      <input_file id="fl-1e">
         <path>.\driverlib\</path>
         <kind>object</kind>
         <file>interrupt.obj</file>
         <name>interrupt.obj</name>
      </input_file>
      <input_file id="fl-1f">
         <path>.\driverlib\</path>
         <kind>object</kind>
         <file>lcd.obj</file>
         <name>lcd.obj</name>
      </input_file>
      <input_file id="fl-20">
         <path>.\driverlib\</path>
         <kind>object</kind>
         <file>mpu.obj</file>
         <name>mpu.obj</name>
      </input_file>
      <input_file id="fl-21">
         <path>.\driverlib\</path>
         <kind>object</kind>
         <file>onewire.obj</file>
         <name>onewire.obj</name>
      </input_file>
      <input_file id="fl-22">
         <path>.\driverlib\</path>
         <kind>object</kind>
         <file>pwm.obj</file>
         <name>pwm.obj</name>
      </input_file>
      <input_file id="fl-23">
         <path>.\driverlib\</path>
         <kind>object</kind>
         <file>qei.obj</file>
         <name>qei.obj</name>
      </input_file>
      <input_file id="fl-24">
         <path>.\driverlib\</path>
         <kind>object</kind>
         <file>shamd5.obj</file>
         <name>shamd5.obj</name>
      </input_file>
      <input_file id="fl-25">
         <path>.\driverlib\</path>
         <kind>object</kind>
         <file>ssi.obj</file>
         <name>ssi.obj</name>
      </input_file>
      <input_file id="fl-26">
         <path>.\driverlib\</path>
         <kind>object</kind>
         <file>sw_crc.obj</file>
         <name>sw_crc.obj</name>
      </input_file>
      <input_file id="fl-27">
         <path>.\driverlib\</path>
         <kind>object</kind>
         <file>sysctl.obj</file>
         <name>sysctl.obj</name>
      </input_file>
      <input_file id="fl-28">
         <path>.\driverlib\</path>
         <kind>object</kind>
         <file>sysexc.obj</file>
         <name>sysexc.obj</name>
      </input_file>
      <input_file id="fl-29">
         <path>.\driverlib\</path>
         <kind>object</kind>
         <file>systick.obj</file>
         <name>systick.obj</name>
      </input_file>
      <input_file id="fl-2a">
         <path>.\driverlib\</path>
         <kind>object</kind>
         <file>timer.obj</file>
         <name>timer.obj</name>
      </input_file>
      <input_file id="fl-2b">
         <path>.\driverlib\</path>
         <kind>object</kind>
         <file>uart.obj</file>
         <name>uart.obj</name>
      </input_file>
      <input_file id="fl-2c">
         <path>.\driverlib\</path>
         <kind>object</kind>
         <file>udma.obj</file>
         <name>udma.obj</name>
      </input_file>
      <input_file id="fl-2d">
         <path>.\driverlib\</path>
         <kind>object</kind>
         <file>usb.obj</file>
         <name>usb.obj</name>
      </input_file>
      <input_file id="fl-2e">
         <path>.\driverlib\</path>
         <kind>object</kind>
         <file>watchdog.obj</file>
         <name>watchdog.obj</name>
      </input_file>
      <input_file id="fl-2f">
         <path>.\drivers\</path>
         <kind>object</kind>
         <file>buttons.obj</file>
         <name>buttons.obj</name>
      </input_file>
      <input_file id="fl-30">
         <path>.\drivers\</path>
         <kind>object</kind>
         <file>rgb.obj</file>
         <name>rgb.obj</name>
      </input_file>
      <input_file id="fl-31">
         <path>.\utils\</path>
         <kind>object</kind>
         <file>RunTimeStatsConfig.obj</file>
         <name>RunTimeStatsConfig.obj</name>
      </input_file>
      <input_file id="fl-32">
         <path>.\utils\</path>
         <kind>object</kind>
         <file>cmdline.obj</file>
         <name>cmdline.obj</name>
      </input_file>
      <input_file id="fl-33">
         <path>.\utils\</path>
         <kind>object</kind>
         <file>cpu_usage.obj</file>
         <name>cpu_usage.obj</name>
      </input_file>
      <input_file id="fl-34">
         <path>.\utils\</path>
         <kind>object</kind>
         <file>uartstdio.obj</file>
         <name>uartstdio.obj</name>
      </input_file>
      <input_file id="fl-38">
         <kind>object</kind>
         <file>&lt;internal&gt;</file>
         <name>&lt;internal&gt;</name>
      </input_file>
      <input_file id="fl-ee">
         <path>C:\ti\ccs1110\ccs\tools\compiler\ti-cgt-arm_20.2.5.LTS\lib\</path>
         <kind>archive</kind>
         <file>rtsv7M4_T_le_v4SPD16_eabi.lib</file>
         <name>sprintf.c.obj</name>
      </input_file>
      <input_file id="fl-ef">
         <path>C:\ti\ccs1110\ccs\tools\compiler\ti-cgt-arm_20.2.5.LTS\lib\</path>
         <kind>archive</kind>
         <file>rtsv7M4_T_le_v4SPD16_eabi.lib</file>
         <name>fs_toull_t2.asm.obj</name>
      </input_file>
      <input_file id="fl-f0">
         <path>C:\ti\ccs1110\ccs\tools\compiler\ti-cgt-arm_20.2.5.LTS\lib\</path>
         <kind>archive</kind>
         <file>rtsv7M4_T_le_v4SPD16_eabi.lib</file>
         <name>memcpy_t2.asm.obj</name>
      </input_file>
      <input_file id="fl-f1">
         <path>C:\ti\ccs1110\ccs\tools\compiler\ti-cgt-arm_20.2.5.LTS\lib\</path>
         <kind>archive</kind>
         <file>rtsv7M4_T_le_v4SPD16_eabi.lib</file>
         <name>u_divt2.asm.obj</name>
      </input_file>
      <input_file id="fl-f2">
         <path>C:\ti\ccs1110\ccs\tools\compiler\ti-cgt-arm_20.2.5.LTS\lib\</path>
         <kind>archive</kind>
         <file>rtsv7M4_T_le_v4SPD16_eabi.lib</file>
         <name>memset_t2.asm.obj</name>
      </input_file>
      <input_file id="fl-f3">
         <path>C:\ti\ccs1110\ccs\tools\compiler\ti-cgt-arm_20.2.5.LTS\lib\</path>
         <kind>archive</kind>
         <file>rtsv7M4_T_le_v4SPD16_eabi.lib</file>
         <name>copy_zero_init.c.obj</name>
      </input_file>
      <input_file id="fl-f4">
         <path>C:\ti\ccs1110\ccs\tools\compiler\ti-cgt-arm_20.2.5.LTS\lib\</path>
         <kind>archive</kind>
         <file>rtsv7M4_T_le_v4SPD16_eabi.lib</file>
         <name>copy_decompress_none.c.obj</name>
      </input_file>
      <input_file id="fl-f5">
         <path>C:\ti\ccs1110\ccs\tools\compiler\ti-cgt-arm_20.2.5.LTS\lib\</path>
         <kind>archive</kind>
         <file>rtsv7M4_T_le_v4SPD16_eabi.lib</file>
         <name>copy_decompress_lzss.c.obj</name>
      </input_file>
      <input_file id="fl-f6">
         <path>C:\ti\ccs1110\ccs\tools\compiler\ti-cgt-arm_20.2.5.LTS\lib\</path>
         <kind>archive</kind>
         <file>rtsv7M4_T_le_v4SPD16_eabi.lib</file>
         <name>strcmp.c.obj</name>
      </input_file>
      <input_file id="fl-f7">
         <path>C:\ti\ccs1110\ccs\tools\compiler\ti-cgt-arm_20.2.5.LTS\lib\</path>
         <kind>archive</kind>
         <file>rtsv7M4_T_le_v4SPD16_eabi.lib</file>
         <name>strcpy.c.obj</name>
      </input_file>
      <input_file id="fl-f8">
         <path>C:\ti\ccs1110\ccs\tools\compiler\ti-cgt-arm_20.2.5.LTS\lib\</path>
         <kind>archive</kind>
         <file>rtsv7M4_T_le_v4SPD16_eabi.lib</file>
         <name>strlen.c.obj</name>
      </input_file>
      <input_file id="fl-f9">
         <path>C:\ti\ccs1110\ccs\tools\compiler\ti-cgt-arm_20.2.5.LTS\lib\</path>
         <kind>archive</kind>
         <file>rtsv7M4_T_le_v4SPD16_eabi.lib</file>
         <name>boot_cortex_m.c.obj</name>
      </input_file>
      <input_file id="fl-fa">
         <path>C:\ti\ccs1110\ccs\tools\compiler\ti-cgt-arm_20.2.5.LTS\lib\</path>
         <kind>archive</kind>
         <file>rtsv7M4_T_le_v4SPD16_eabi.lib</file>
         <name>_printfi.c.obj</name>
      </input_file>
      <input_file id="fl-fb">
         <path>C:\ti\ccs1110\ccs\tools\compiler\ti-cgt-arm_20.2.5.LTS\lib\</path>
         <kind>archive</kind>
         <file>rtsv7M4_T_le_v4SPD16_eabi.lib</file>
         <name>s_frexp.c.obj</name>
      </input_file>
      <input_file id="fl-fc">
         <path>C:\ti\ccs1110\ccs\tools\compiler\ti-cgt-arm_20.2.5.LTS\lib\</path>
         <kind>archive</kind>
         <file>rtsv7M4_T_le_v4SPD16_eabi.lib</file>
         <name>s_scalbn.c.obj</name>
      </input_file>
      <input_file id="fl-fd">
         <path>C:\ti\ccs1110\ccs\tools\compiler\ti-cgt-arm_20.2.5.LTS\lib\</path>
         <kind>archive</kind>
         <file>rtsv7M4_T_le_v4SPD16_eabi.lib</file>
         <name>wcslen.c.obj</name>
      </input_file>
      <input_file id="fl-fe">
         <path>C:\ti\ccs1110\ccs\tools\compiler\ti-cgt-arm_20.2.5.LTS\lib\</path>
         <kind>archive</kind>
         <file>rtsv7M4_T_le_v4SPD16_eabi.lib</file>
         <name>div0.asm.obj</name>
      </input_file>
      <input_file id="fl-ff">
         <path>C:\ti\ccs1110\ccs\tools\compiler\ti-cgt-arm_20.2.5.LTS\lib\</path>
         <kind>archive</kind>
         <file>rtsv7M4_T_le_v4SPD16_eabi.lib</file>
         <name>fd_add_t2.asm.obj</name>
      </input_file>
      <input_file id="fl-100">
         <path>C:\ti\ccs1110\ccs\tools\compiler\ti-cgt-arm_20.2.5.LTS\lib\</path>
         <kind>archive</kind>
         <file>rtsv7M4_T_le_v4SPD16_eabi.lib</file>
         <name>fd_cmp_t2.asm.obj</name>
      </input_file>
      <input_file id="fl-101">
         <path>C:\ti\ccs1110\ccs\tools\compiler\ti-cgt-arm_20.2.5.LTS\lib\</path>
         <kind>archive</kind>
         <file>rtsv7M4_T_le_v4SPD16_eabi.lib</file>
         <name>fd_div_t2.asm.obj</name>
      </input_file>
      <input_file id="fl-102">
         <path>C:\ti\ccs1110\ccs\tools\compiler\ti-cgt-arm_20.2.5.LTS\lib\</path>
         <kind>archive</kind>
         <file>rtsv7M4_T_le_v4SPD16_eabi.lib</file>
         <name>fd_mul_t2.asm.obj</name>
      </input_file>
      <input_file id="fl-103">
         <path>C:\ti\ccs1110\ccs\tools\compiler\ti-cgt-arm_20.2.5.LTS\lib\</path>
         <kind>archive</kind>
         <file>rtsv7M4_T_le_v4SPD16_eabi.lib</file>
         <name>fd_toi_t2.asm.obj</name>
      </input_file>
      <input_file id="fl-104">
         <path>C:\ti\ccs1110\ccs\tools\compiler\ti-cgt-arm_20.2.5.LTS\lib\</path>
         <kind>archive</kind>
         <file>rtsv7M4_T_le_v4SPD16_eabi.lib</file>
         <name>i_tofd_t2.asm.obj</name>
      </input_file>
      <input_file id="fl-105">
         <path>C:\ti\ccs1110\ccs\tools\compiler\ti-cgt-arm_20.2.5.LTS\lib\</path>
         <kind>archive</kind>
         <file>rtsv7M4_T_le_v4SPD16_eabi.lib</file>
         <name>ull_div_t2.asm.obj</name>
      </input_file>
      <input_file id="fl-106">
         <path>C:\ti\ccs1110\ccs\tools\compiler\ti-cgt-arm_20.2.5.LTS\lib\</path>
         <kind>archive</kind>
         <file>rtsv7M4_T_le_v4SPD16_eabi.lib</file>
         <name>autoinit.c.obj</name>
      </input_file>
      <input_file id="fl-107">
         <path>C:\ti\ccs1110\ccs\tools\compiler\ti-cgt-arm_20.2.5.LTS\lib\</path>
         <kind>archive</kind>
         <file>rtsv7M4_T_le_v4SPD16_eabi.lib</file>
         <name>pre_init.c.obj</name>
      </input_file>
      <input_file id="fl-108">
         <path>C:\ti\ccs1110\ccs\tools\compiler\ti-cgt-arm_20.2.5.LTS\lib\</path>
         <kind>archive</kind>
         <file>rtsv7M4_T_le_v4SPD16_eabi.lib</file>
         <name>cpy_tbl.c.obj</name>
      </input_file>
      <input_file id="fl-109">
         <path>C:\ti\ccs1110\ccs\tools\compiler\ti-cgt-arm_20.2.5.LTS\lib\</path>
         <kind>archive</kind>
         <file>rtsv7M4_T_le_v4SPD16_eabi.lib</file>
         <name>exit.c.obj</name>
      </input_file>
      <input_file id="fl-10a">
         <path>C:\ti\ccs1110\ccs\tools\compiler\ti-cgt-arm_20.2.5.LTS\lib\</path>
         <kind>archive</kind>
         <file>rtsv7M4_T_le_v4SPD16_eabi.lib</file>
         <name>_lock.c.obj</name>
      </input_file>
      <input_file id="fl-10b">
         <path>C:\ti\ccs1110\ccs\tools\compiler\ti-cgt-arm_20.2.5.LTS\lib\</path>
         <kind>archive</kind>
         <file>rtsv7M4_T_le_v4SPD16_eabi.lib</file>
         <name>_ltoa.c.obj</name>
      </input_file>
      <input_file id="fl-10c">
         <path>C:\ti\ccs1110\ccs\tools\compiler\ti-cgt-arm_20.2.5.LTS\lib\</path>
         <kind>archive</kind>
         <file>rtsv7M4_T_le_v4SPD16_eabi.lib</file>
         <name>args_main.c.obj</name>
      </input_file>
      <input_file id="fl-10d">
         <path>C:\ti\ccs1110\ccs\tools\compiler\ti-cgt-arm_20.2.5.LTS\lib\</path>
         <kind>archive</kind>
         <file>rtsv7M4_T_le_v4SPD16_eabi.lib</file>
         <name>atoi.c.obj</name>
      </input_file>
      <input_file id="fl-10e">
         <path>C:\ti\ccs1110\ccs\tools\compiler\ti-cgt-arm_20.2.5.LTS\lib\</path>
         <kind>archive</kind>
         <file>rtsv7M4_T_le_v4SPD16_eabi.lib</file>
         <name>ctype.c.obj</name>
      </input_file>
      <input_file id="fl-10f">
         <path>C:\ti\ccs1110\ccs\tools\compiler\ti-cgt-arm_20.2.5.LTS\lib\</path>
         <kind>archive</kind>
         <file>rtsv7M4_T_le_v4SPD16_eabi.lib</file>
         <name>memccpy.c.obj</name>
      </input_file>
      <input_file id="fl-110">
         <path>C:\ti\ccs1110\ccs\tools\compiler\ti-cgt-arm_20.2.5.LTS\lib\</path>
         <kind>archive</kind>
         <file>rtsv7M4_T_le_v4SPD16_eabi.lib</file>
         <name>strchr.c.obj</name>
      </input_file>
      <input_file id="fl-111">
         <path>C:\ti\ccs1110\ccs\tools\compiler\ti-cgt-arm_20.2.5.LTS\lib\</path>
         <kind>archive</kind>
         <file>rtsv7M4_T_le_v4SPD16_eabi.lib</file>
         <name>errno.c.obj</name>
      </input_file>
      <input_file id="fl-112">
         <path>C:\ti\ccs1110\ccs\tools\compiler\ti-cgt-arm_20.2.5.LTS\lib\</path>
         <kind>archive</kind>
         <file>rtsv7M4_T_le_v4SPD16_eabi.lib</file>
         <name>s_copysign.c.obj</name>
      </input_file>
   </input_file_list>
   <object_component_list>
      <object_component id="oc-12">
         <name>.intvecs</name>
         <load_address>0x0</load_address>
         <run_address>0x0</run_address>
         <size>0x26c</size>
         <input_file_ref idref="fl-3"/>
      </object_component>
      <object_component id="oc-8b">
         <name>.text</name>
         <load_address>0x26c</load_address>
         <run_address>0x26c</run_address>
         <size>0x1d1c</size>
         <input_file_ref idref="fl-9"/>
      </object_component>
      <object_component id="oc-a1">
         <name>.text</name>
         <load_address>0x1f88</load_address>
         <run_address>0x1f88</run_address>
         <size>0xf80</size>
         <input_file_ref idref="fl-27"/>
      </object_component>
      <object_component id="oc-cd">
         <name>.text</name>
         <load_address>0x2f08</load_address>
         <run_address>0x2f08</run_address>
         <size>0xd20</size>
         <input_file_ref idref="fl-7"/>
      </object_component>
      <object_component id="oc-a7">
         <name>.text</name>
         <load_address>0x3c28</load_address>
         <run_address>0x3c28</run_address>
         <size>0xc14</size>
         <input_file_ref idref="fl-1b"/>
      </object_component>
      <object_component id="oc-3e">
         <name>.text</name>
         <load_address>0x483c</load_address>
         <run_address>0x483c</run_address>
         <size>0xab0</size>
         <input_file_ref idref="fl-34"/>
      </object_component>
      <object_component id="oc-2b7">
         <name>.text:__TI_printfi</name>
         <load_address>0x52ec</load_address>
         <run_address>0x52ec</run_address>
         <size>0xa4e</size>
         <input_file_ref idref="fl-fa"/>
      </object_component>
      <object_component id="oc-212">
         <name>.text</name>
         <load_address>0x5d3a</load_address>
         <run_address>0x5d3a</run_address>
         <size>0x2</size>
         <input_file_ref idref="fl-fe"/>
      </object_component>
      <object_component id="oc-ad">
         <name>.text</name>
         <load_address>0x5d3c</load_address>
         <run_address>0x5d3c</run_address>
         <size>0x718</size>
         <input_file_ref idref="fl-22"/>
      </object_component>
      <object_component id="oc-153">
         <name>.text</name>
         <load_address>0x6454</load_address>
         <run_address>0x6454</run_address>
         <size>0x6f0</size>
         <input_file_ref idref="fl-a"/>
      </object_component>
      <object_component id="oc-2a4">
         <name>.text</name>
         <load_address>0x6b44</load_address>
         <run_address>0x6b44</run_address>
         <size>0x642</size>
         <input_file_ref idref="fl-2a"/>
      </object_component>
      <object_component id="oc-d3">
         <name>.text</name>
         <load_address>0x7188</load_address>
         <run_address>0x7188</run_address>
         <size>0x62e</size>
         <input_file_ref idref="fl-2b"/>
      </object_component>
      <object_component id="oc-b3">
         <name>.text</name>
         <load_address>0x77b8</load_address>
         <run_address>0x77b8</run_address>
         <size>0x3c0</size>
         <input_file_ref idref="fl-1e"/>
      </object_component>
      <object_component id="oc-13b">
         <name>.text</name>
         <load_address>0x7b78</load_address>
         <run_address>0x7b78</run_address>
         <size>0x3a0</size>
         <input_file_ref idref="fl-d"/>
      </object_component>
      <object_component id="oc-38">
         <name>.text</name>
         <load_address>0x7f18</load_address>
         <run_address>0x7f18</run_address>
         <size>0x298</size>
         <input_file_ref idref="fl-2"/>
      </object_component>
      <object_component id="oc-370">
         <name>.text:_pconv_a</name>
         <load_address>0x81b0</load_address>
         <run_address>0x81b0</run_address>
         <size>0x270</size>
         <input_file_ref idref="fl-fa"/>
      </object_component>
      <object_component id="oc-35e">
         <name>.text:_pconv_g</name>
         <load_address>0x8420</load_address>
         <run_address>0x8420</run_address>
         <size>0x1d0</size>
         <input_file_ref idref="fl-fa"/>
      </object_component>
      <object_component id="oc-3f1">
         <name>.text</name>
         <load_address>0x85f0</load_address>
         <run_address>0x85f0</run_address>
         <size>0x1b6</size>
         <input_file_ref idref="fl-ff"/>
      </object_component>
      <object_component id="oc-32">
         <name>.text</name>
         <load_address>0x87a8</load_address>
         <run_address>0x87a8</run_address>
         <size>0x150</size>
         <input_file_ref idref="fl-b"/>
      </object_component>
      <object_component id="oc-36a">
         <name>.text:_pconv_e</name>
         <load_address>0x88f8</load_address>
         <run_address>0x88f8</run_address>
         <size>0x13c</size>
         <input_file_ref idref="fl-fa"/>
      </object_component>
      <object_component id="oc-3d7">
         <name>.text</name>
         <load_address>0x8a34</load_address>
         <run_address>0x8a34</run_address>
         <size>0x136</size>
         <input_file_ref idref="fl-101"/>
      </object_component>
      <object_component id="oc-141">
         <name>.text</name>
         <load_address>0x8b6a</load_address>
         <run_address>0x8b6a</run_address>
         <size>0x12a</size>
         <input_file_ref idref="fl-6"/>
      </object_component>
      <object_component id="oc-403">
         <name>.text:fcvt</name>
         <load_address>0x8c94</load_address>
         <run_address>0x8c94</run_address>
         <size>0x124</size>
         <input_file_ref idref="fl-fa"/>
      </object_component>
      <object_component id="oc-417">
         <name>.text:scalbn</name>
         <load_address>0x8db8</load_address>
         <run_address>0x8db8</run_address>
         <size>0x110</size>
         <input_file_ref idref="fl-fc"/>
      </object_component>
      <object_component id="oc-3d2">
         <name>.text</name>
         <load_address>0x8ec8</load_address>
         <run_address>0x8ec8</run_address>
         <size>0xfc</size>
         <input_file_ref idref="fl-102"/>
      </object_component>
      <object_component id="oc-2d">
         <name>.text</name>
         <load_address>0x8fc4</load_address>
         <run_address>0x8fc4</run_address>
         <size>0xda</size>
         <input_file_ref idref="fl-c"/>
      </object_component>
      <object_component id="oc-353">
         <name>.text:_ltostr</name>
         <load_address>0x90a0</load_address>
         <run_address>0x90a0</run_address>
         <size>0xb1</size>
         <input_file_ref idref="fl-fa"/>
      </object_component>
      <object_component id="oc-52">
         <name>.text</name>
         <load_address>0x9152</load_address>
         <run_address>0x9152</run_address>
         <size>0x9c</size>
         <input_file_ref idref="fl-f0"/>
      </object_component>
      <object_component id="oc-3cb">
         <name>.text</name>
         <load_address>0x91ee</load_address>
         <run_address>0x91ee</run_address>
         <size>0x96</size>
         <input_file_ref idref="fl-105"/>
      </object_component>
      <object_component id="oc-359">
         <name>.text:__aeabi_cdcmple</name>
         <load_address>0x9284</load_address>
         <run_address>0x9284</run_address>
         <size>0x86</size>
         <input_file_ref idref="fl-100"/>
      </object_component>
      <object_component id="oc-3dc">
         <name>.text:__aeabi_cdrcmple</name>
         <load_address>0x930a</load_address>
         <run_address>0x930a</run_address>
         <size>0x86</size>
         <input_file_ref idref="fl-100"/>
      </object_component>
      <object_component id="oc-119">
         <name>.text</name>
         <load_address>0x9390</load_address>
         <run_address>0x9390</run_address>
         <size>0x7a</size>
         <input_file_ref idref="fl-f2"/>
      </object_component>
      <object_component id="oc-3fc">
         <name>.text:_mcpy</name>
         <load_address>0x940a</load_address>
         <run_address>0x940a</run_address>
         <size>0x6e</size>
         <input_file_ref idref="fl-fa"/>
      </object_component>
      <object_component id="oc-159">
         <name>.text</name>
         <load_address>0x9478</load_address>
         <run_address>0x9478</run_address>
         <size>0x68</size>
         <input_file_ref idref="fl-31"/>
      </object_component>
      <object_component id="oc-15">
         <name>.text:decompress:lzss:__TI_decompress_lzss</name>
         <load_address>0x94e0</load_address>
         <run_address>0x94e0</run_address>
         <size>0x68</size>
         <input_file_ref idref="fl-f5"/>
      </object_component>
      <object_component id="oc-411">
         <name>.text:frexp</name>
         <load_address>0x9548</load_address>
         <run_address>0x9548</run_address>
         <size>0x64</size>
         <input_file_ref idref="fl-fb"/>
      </object_component>
      <object_component id="oc-364">
         <name>.text:_pconv_f</name>
         <load_address>0x95ac</load_address>
         <run_address>0x95ac</run_address>
         <size>0x56</size>
         <input_file_ref idref="fl-fa"/>
      </object_component>
      <object_component id="oc-3e6">
         <name>.text:__TI_ltoa</name>
         <load_address>0x9602</load_address>
         <run_address>0x9602</run_address>
         <size>0x54</size>
         <input_file_ref idref="fl-10b"/>
      </object_component>
      <object_component id="oc-3f6">
         <name>.text:_ecpy</name>
         <load_address>0x9656</load_address>
         <run_address>0x9656</run_address>
         <size>0x52</size>
         <input_file_ref idref="fl-fa"/>
      </object_component>
      <object_component id="oc-34d">
         <name>.text:atoi</name>
         <load_address>0x96a8</load_address>
         <run_address>0x96a8</run_address>
         <size>0x4c</size>
         <input_file_ref idref="fl-10d"/>
      </object_component>
      <object_component id="oc-3e1">
         <name>.text</name>
         <load_address>0x96f4</load_address>
         <run_address>0x96f4</run_address>
         <size>0x48</size>
         <input_file_ref idref="fl-103"/>
      </object_component>
      <object_component id="oc-239">
         <name>.text:__TI_auto_init_nobinit_nopinit:__TI_auto_init_nobinit_nopinit</name>
         <load_address>0x973c</load_address>
         <run_address>0x973c</run_address>
         <size>0x44</size>
         <input_file_ref idref="fl-106"/>
      </object_component>
      <object_component id="oc-ee">
         <name>.text</name>
         <load_address>0x9780</load_address>
         <run_address>0x9780</run_address>
         <size>0x40</size>
         <input_file_ref idref="fl-f1"/>
      </object_component>
      <object_component id="oc-17e">
         <name>.text:sprintf</name>
         <load_address>0x97c0</load_address>
         <run_address>0x97c0</run_address>
         <size>0x40</size>
         <input_file_ref idref="fl-ee"/>
      </object_component>
      <object_component id="oc-409">
         <name>.text:_fcpy</name>
         <load_address>0x9800</load_address>
         <run_address>0x9800</run_address>
         <size>0x3e</size>
         <input_file_ref idref="fl-fa"/>
      </object_component>
      <object_component id="oc-1a0">
         <name>.text</name>
         <load_address>0x983e</load_address>
         <run_address>0x983e</run_address>
         <size>0x3e</size>
         <input_file_ref idref="fl-12"/>
      </object_component>
      <object_component id="oc-70">
         <name>.text:_c_int00_noargs:_c_int00_noargs</name>
         <load_address>0x987c</load_address>
         <run_address>0x987c</run_address>
         <size>0x34</size>
         <input_file_ref idref="fl-f9"/>
      </object_component>
      <object_component id="oc-3ec">
         <name>.text</name>
         <load_address>0x98b0</load_address>
         <run_address>0x98b0</run_address>
         <size>0x2e</size>
         <input_file_ref idref="fl-104"/>
      </object_component>
      <object_component id="oc-162">
         <name>.text:GetOverflowCounts</name>
         <load_address>0x98e0</load_address>
         <run_address>0x98e0</run_address>
         <size>0x24</size>
         <input_file_ref idref="fl-31"/>
      </object_component>
      <object_component id="oc-376">
         <name>.text:memccpy</name>
         <load_address>0x9904</load_address>
         <run_address>0x9904</run_address>
         <size>0x1c</size>
         <input_file_ref idref="fl-10f"/>
      </object_component>
      <object_component id="oc-46b">
         <name>.text:copysign</name>
         <load_address>0x9920</load_address>
         <run_address>0x9920</run_address>
         <size>0x1a</size>
         <input_file_ref idref="fl-112"/>
      </object_component>
      <object_component id="oc-2bd">
         <name>.text:_outs</name>
         <load_address>0x993a</load_address>
         <run_address>0x993a</run_address>
         <size>0x18</size>
         <input_file_ref idref="fl-ee"/>
      </object_component>
      <object_component id="oc-41d">
         <name>.text:strchr</name>
         <load_address>0x9952</load_address>
         <run_address>0x9952</run_address>
         <size>0x16</size>
         <input_file_ref idref="fl-110"/>
      </object_component>
      <object_component id="oc-172">
         <name>.text:strcpy</name>
         <load_address>0x9968</load_address>
         <run_address>0x9968</run_address>
         <size>0x14</size>
         <input_file_ref idref="fl-f7"/>
      </object_component>
      <object_component id="oc-178">
         <name>.text:strlen</name>
         <load_address>0x997c</load_address>
         <run_address>0x997c</run_address>
         <size>0x14</size>
         <input_file_ref idref="fl-f8"/>
      </object_component>
      <object_component id="oc-37c">
         <name>.text:wcslen</name>
         <load_address>0x9990</load_address>
         <run_address>0x9990</run_address>
         <size>0x12</size>
         <input_file_ref idref="fl-fd"/>
      </object_component>
      <object_component id="oc-1b">
         <name>.text:decompress:none:__TI_decompress_none</name>
         <load_address>0x99a2</load_address>
         <run_address>0x99a2</run_address>
         <size>0xe</size>
         <input_file_ref idref="fl-f4"/>
      </object_component>
      <object_component id="oc-64">
         <name>.text:decompress:ZI:__TI_zero_init</name>
         <load_address>0x99b0</load_address>
         <run_address>0x99b0</run_address>
         <size>0xc</size>
         <input_file_ref idref="fl-f3"/>
      </object_component>
      <object_component id="oc-27">
         <name>.text</name>
         <load_address>0x99bc</load_address>
         <run_address>0x99bc</run_address>
         <size>0xc</size>
         <input_file_ref idref="fl-3"/>
      </object_component>
      <object_component id="oc-2c3">
         <name>.text:_outc</name>
         <load_address>0x99c8</load_address>
         <run_address>0x99c8</run_address>
         <size>0xa</size>
         <input_file_ref idref="fl-ee"/>
      </object_component>
      <object_component id="oc-382">
         <name>.text:__aeabi_errno_addr</name>
         <load_address>0x99d4</load_address>
         <run_address>0x99d4</run_address>
         <size>0x8</size>
         <input_file_ref idref="fl-111"/>
      </object_component>
      <object_component id="oc-1af">
         <name>.text:SysCtlDelay</name>
         <load_address>0x99dc</load_address>
         <run_address>0x99dc</run_address>
         <size>0x6</size>
         <input_file_ref idref="fl-27"/>
      </object_component>
      <object_component id="oc-11f">
         <name>.text:_system_pre_init</name>
         <load_address>0x99e2</load_address>
         <run_address>0x99e2</run_address>
         <size>0x4</size>
         <input_file_ref idref="fl-107"/>
      </object_component>
      <object_component id="oc-22d">
         <name>.text:abort:abort</name>
         <load_address>0x99e6</load_address>
         <run_address>0x99e6</run_address>
         <size>0x4</size>
         <input_file_ref idref="fl-109"/>
      </object_component>
      <object_component id="oc-1ac">
         <name>.const:g_pppui32XTALtoVCO</name>
         <load_address>0x99ec</load_address>
         <run_address>0x99ec</run_address>
         <size>0x1b0</size>
         <input_file_ref idref="fl-27"/>
      </object_component>
      <object_component id="oc-3c6">
         <name>.const:.string:_ctypes_</name>
         <load_address>0x9b9c</load_address>
         <run_address>0x9b9c</run_address>
         <size>0x101</size>
         <input_file_ref idref="fl-10e"/>
      </object_component>
      <object_component id="oc-1ba">
         <name>.const:g_ppui32GPIOIntMapSnowflake</name>
         <load_address>0x9ca0</load_address>
         <run_address>0x9ca0</run_address>
         <size>0xd8</size>
         <input_file_ref idref="fl-1b"/>
      </object_component>
      <object_component id="oc-1b7">
         <name>.const:g_ppui32GPIOIntMapBlizzard</name>
         <load_address>0x9d78</load_address>
         <run_address>0x9d78</run_address>
         <size>0xc0</size>
         <input_file_ref idref="fl-1b"/>
      </object_component>
      <object_component id="oc-1ca">
         <name>.const:g_pui32Regs</name>
         <load_address>0x9e38</load_address>
         <run_address>0x9e38</run_address>
         <size>0x9c</size>
         <input_file_ref idref="fl-1e"/>
      </object_component>
      <object_component id="oc-1bd">
         <name>.const:g_pui32GPIOBaseAddrs</name>
         <load_address>0x9ed4</load_address>
         <run_address>0x9ed4</run_address>
         <size>0x90</size>
         <input_file_ref idref="fl-1b"/>
      </object_component>
      <object_component id="oc-1a6">
         <name>.const:g_pui32Xtals</name>
         <load_address>0x9f64</load_address>
         <run_address>0x9f64</run_address>
         <size>0x6c</size>
         <input_file_ref idref="fl-27"/>
      </object_component>
      <object_component id="oc-341">
         <name>.const:g_ppui32TimerIntMap</name>
         <load_address>0x9fd0</load_address>
         <run_address>0x9fd0</run_address>
         <size>0x60</size>
         <input_file_ref idref="fl-2a"/>
      </object_component>
      <object_component id="oc-344">
         <name>.const:g_ppui32TimerIntMapSnowflake</name>
         <load_address>0xa030</load_address>
         <run_address>0xa030</run_address>
         <size>0x40</size>
         <input_file_ref idref="fl-2a"/>
      </object_component>
      <object_component id="oc-1fc">
         <name>.const:g_ppui32UARTIntMap</name>
         <load_address>0xa070</load_address>
         <run_address>0xa070</run_address>
         <size>0x40</size>
         <input_file_ref idref="fl-2b"/>
      </object_component>
      <object_component id="oc-1ff">
         <name>.const:g_ppui32UARTIntMapSnowflake</name>
         <load_address>0xa0b0</load_address>
         <run_address>0xa0b0</run_address>
         <size>0x40</size>
         <input_file_ref idref="fl-2b"/>
      </object_component>
      <object_component id="oc-19d">
         <name>.const:g_sXTALtoMEMTIM</name>
         <load_address>0xa0f0</load_address>
         <run_address>0xa0f0</run_address>
         <size>0x30</size>
         <input_file_ref idref="fl-27"/>
      </object_component>
      <object_component id="oc-1c7">
         <name>.const:g_pui32Priority</name>
         <load_address>0xa120</load_address>
         <run_address>0xa120</run_address>
         <size>0x20</size>
         <input_file_ref idref="fl-1e"/>
      </object_component>
      <object_component id="oc-1d0">
         <name>.const:g_pui32Dii16Regs</name>
         <load_address>0xa140</load_address>
         <run_address>0xa140</run_address>
         <size>0x14</size>
         <input_file_ref idref="fl-1e"/>
      </object_component>
      <object_component id="oc-1cd">
         <name>.const:g_pui32EnRegs</name>
         <load_address>0xa154</load_address>
         <run_address>0xa154</run_address>
         <size>0x14</size>
         <input_file_ref idref="fl-1e"/>
      </object_component>
      <object_component id="oc-1d3">
         <name>.const:g_pui32PendRegs</name>
         <load_address>0xa168</load_address>
         <run_address>0xa168</run_address>
         <size>0x14</size>
         <input_file_ref idref="fl-1e"/>
      </object_component>
      <object_component id="oc-1d6">
         <name>.const:g_pui32UnpendRegs</name>
         <load_address>0xa17c</load_address>
         <run_address>0xa17c</run_address>
         <size>0x14</size>
         <input_file_ref idref="fl-1e"/>
      </object_component>
      <object_component id="oc-218">
         <name>.const:.string</name>
         <load_address>0xa190</load_address>
         <run_address>0xa190</run_address>
         <size>0x12</size>
         <input_file_ref idref="fl-34"/>
      </object_component>
      <object_component id="oc-df">
         <name>.const:g_ui32UARTBase</name>
         <load_address>0xa1a4</load_address>
         <run_address>0xa1a4</run_address>
         <size>0xc</size>
         <input_file_ref idref="fl-34"/>
      </object_component>
      <object_component id="oc-e5">
         <name>.const:g_ui32UARTInt</name>
         <load_address>0xa1b0</load_address>
         <run_address>0xa1b0</run_address>
         <size>0xc</size>
         <input_file_ref idref="fl-34"/>
      </object_component>
      <object_component id="oc-e2">
         <name>.const:g_ui32UARTPeriph</name>
         <load_address>0xa1bc</load_address>
         <run_address>0xa1bc</run_address>
         <size>0xc</size>
         <input_file_ref idref="fl-34"/>
      </object_component>
      <object_component id="oc-1a9">
         <name>.const:g_pui32VCOFrequencies</name>
         <load_address>0xa1c8</load_address>
         <run_address>0xa1c8</run_address>
         <size>0x8</size>
         <input_file_ref idref="fl-27"/>
      </object_component>
      <object_component id="oc-88">
         <name>.const</name>
         <load_address>0xa1d0</load_address>
         <run_address>0xa1d0</run_address>
         <size>0x4</size>
         <input_file_ref idref="fl-b"/>
      </object_component>
      <object_component id="oc-169">
         <name>.const</name>
         <load_address>0xa1d4</load_address>
         <run_address>0xa1d4</run_address>
         <size>0x4</size>
         <input_file_ref idref="fl-9"/>
      </object_component>
      <object_component id="oc-f3">
         <name>.const</name>
         <load_address>0xa1d8</load_address>
         <run_address>0xa1d8</run_address>
         <size>0x4</size>
         <input_file_ref idref="fl-34"/>
      </object_component>
      <object_component id="oc-4c3">
         <name>.cinit..data.load</name>
         <load_address>0xa1e0</load_address>
         <run_address>0xa1e0</run_address>
         <size>0x1a</size>
      </object_component>
      <object_component id="oc-4c0">
         <name>__TI_handler_table</name>
         <load_address>0xa1fc</load_address>
         <run_address>0xa1fc</run_address>
         <size>0xc</size>
      </object_component>
      <object_component id="oc-4c4">
         <name>.cinit..bss.load</name>
         <load_address>0xa208</load_address>
         <run_address>0xa208</run_address>
         <size>0x8</size>
      </object_component>
      <object_component id="oc-4c2">
         <name>.cinit..vtable.load</name>
         <load_address>0xa210</load_address>
         <run_address>0xa210</run_address>
         <size>0x8</size>
      </object_component>
      <object_component id="oc-4c1">
         <name>__TI_cinit_table</name>
         <load_address>0xa218</load_address>
         <run_address>0xa218</run_address>
         <size>0x18</size>
      </object_component>
      <object_component id="oc-1c4">
         <name>.vtable</name>
         <uninitialized>true</uninitialized>
         <run_address>0x20000000</run_address>
         <size>0x26c</size>
         <input_file_ref idref="fl-1e"/>
      </object_component>
      <object_component id="oc-b9">
         <name>.data</name>
         <load_address>0x20005924</load_address>
         <run_address>0x20005924</run_address>
         <size>0x10</size>
         <input_file_ref idref="fl-2"/>
      </object_component>
      <object_component id="oc-85">
         <name>.data</name>
         <load_address>0x200058d0</load_address>
         <run_address>0x200058d0</run_address>
         <size>0x3c</size>
         <input_file_ref idref="fl-9"/>
      </object_component>
      <object_component id="oc-28c">
         <name>.data</name>
         <load_address>0x20005934</load_address>
         <run_address>0x20005934</run_address>
         <size>0xc</size>
         <input_file_ref idref="fl-a"/>
      </object_component>
      <object_component id="oc-92">
         <name>.data</name>
         <load_address>0x2000594c</load_address>
         <run_address>0x2000594c</run_address>
         <size>0x4</size>
         <input_file_ref idref="fl-b"/>
      </object_component>
      <object_component id="oc-277">
         <name>.data</name>
         <load_address>0x2000590c</load_address>
         <run_address>0x2000590c</run_address>
         <size>0x18</size>
         <input_file_ref idref="fl-d"/>
      </object_component>
      <object_component id="oc-d9">
         <name>.data</name>
         <load_address>0x20005940</load_address>
         <run_address>0x20005940</run_address>
         <size>0xc</size>
         <input_file_ref idref="fl-34"/>
      </object_component>
      <object_component id="oc-42d">
         <name>.data</name>
         <load_address>0x20005950</load_address>
         <run_address>0x20005950</run_address>
         <size>0x4</size>
         <input_file_ref idref="fl-111"/>
      </object_component>
      <object_component id="oc-147">
         <name>.bss:pxReadyTasksLists</name>
         <uninitialized>true</uninitialized>
         <run_address>0x2000546c</run_address>
         <size>0x140</size>
         <input_file_ref idref="fl-9"/>
      </object_component>
      <object_component id="oc-16c">
         <name>.bss:xDelayedTaskList1</name>
         <uninitialized>true</uninitialized>
         <run_address>0x20005644</run_address>
         <size>0x14</size>
         <input_file_ref idref="fl-9"/>
      </object_component>
      <object_component id="oc-16f">
         <name>.bss:xDelayedTaskList2</name>
         <uninitialized>true</uninitialized>
         <run_address>0x20005658</run_address>
         <size>0x14</size>
         <input_file_ref idref="fl-9"/>
      </object_component>
      <object_component id="oc-14d">
         <name>.bss</name>
         <uninitialized>true</uninitialized>
         <run_address>0x200056b8</run_address>
         <size>0x8</size>
         <input_file_ref idref="fl-9"/>
      </object_component>
      <object_component id="oc-15f">
         <name>.bss:xPendingReadyList</name>
         <uninitialized>true</uninitialized>
         <run_address>0x2000566c</run_address>
         <size>0x14</size>
         <input_file_ref idref="fl-9"/>
      </object_component>
      <object_component id="oc-14a">
         <name>.bss:xTasksWaitingTermination</name>
         <uninitialized>true</uninitialized>
         <run_address>0x20005694</run_address>
         <size>0x14</size>
         <input_file_ref idref="fl-9"/>
      </object_component>
      <object_component id="oc-150">
         <name>.bss:xSuspendedTaskList</name>
         <uninitialized>true</uninitialized>
         <run_address>0x20005680</run_address>
         <size>0x14</size>
         <input_file_ref idref="fl-9"/>
      </object_component>
      <object_component id="oc-292">
         <name>.bss:xActiveTimerList1</name>
         <uninitialized>true</uninitialized>
         <run_address>0x2000561c</run_address>
         <size>0x14</size>
         <input_file_ref idref="fl-a"/>
      </object_component>
      <object_component id="oc-295">
         <name>.bss:xActiveTimerList2</name>
         <uninitialized>true</uninitialized>
         <run_address>0x20005630</run_address>
         <size>0x14</size>
         <input_file_ref idref="fl-a"/>
      </object_component>
      <object_component id="oc-28f">
         <name>.bss</name>
         <uninitialized>true</uninitialized>
         <run_address>0x200056c0</run_address>
         <size>0x8</size>
         <input_file_ref idref="fl-a"/>
      </object_component>
      <object_component id="oc-27d">
         <name>.bss:ucHeap</name>
         <uninitialized>true</uninitialized>
         <run_address>0x2000026c</run_address>
         <size>0x5000</size>
         <input_file_ref idref="fl-d"/>
      </object_component>
      <object_component id="oc-27a">
         <name>.bss:xStart</name>
         <uninitialized>true</uninitialized>
         <run_address>0x200056c8</run_address>
         <size>0x8</size>
         <input_file_ref idref="fl-d"/>
      </object_component>
      <object_component id="oc-dc">
         <name>.bss</name>
         <uninitialized>true</uninitialized>
         <run_address>0x200056a8</run_address>
         <size>0x10</size>
         <input_file_ref idref="fl-34"/>
      </object_component>
      <object_component id="oc-eb">
         <name>.bss:g_pcUARTRxHistoryBuffer</name>
         <uninitialized>true</uninitialized>
         <run_address>0x2000526c</run_address>
         <size>0x200</size>
         <input_file_ref idref="fl-34"/>
      </object_component>
      <object_component id="oc-e8">
         <name>.bss:g_usUARTRxHistoryOffset</name>
         <uninitialized>true</uninitialized>
         <run_address>0x200055fc</run_address>
         <size>0x20</size>
         <input_file_ref idref="fl-34"/>
      </object_component>
      <object_component id="oc-1f3">
         <name>.common:xQueueRegistry</name>
         <uninitialized>true</uninitialized>
         <run_address>0x200055ac</run_address>
         <size>0x50</size>
      </object_component>
      <object_component id="oc-24">
         <name>.stack</name>
         <uninitialized>true</uninitialized>
         <run_address>0x200056d0</run_address>
         <size>0x4</size>
         <input_file_ref idref="fl-f9"/>
      </object_component>
      <object_component id="oc-4c6">
         <name>.stack</name>
         <uninitialized>true</uninitialized>
         <run_address>0x200056d0</run_address>
         <size>0x0</size>
      </object_component>
      <object_component id="oc-c2">
         <name>.debug_info</name>
         <load_address>0x0</load_address>
         <run_address>0x0</run_address>
         <size>0x86e</size>
         <input_file_ref idref="fl-2"/>
      </object_component>
      <object_component id="oc-ba">
         <name>.debug_info</name>
         <load_address>0x86e</load_address>
         <run_address>0x86e</run_address>
         <size>0x13c</size>
         <input_file_ref idref="fl-2"/>
      </object_component>
      <object_component id="oc-3b">
         <name>.debug_info</name>
         <load_address>0x9aa</load_address>
         <run_address>0x9aa</run_address>
         <size>0x616</size>
         <input_file_ref idref="fl-2"/>
      </object_component>
      <object_component id="oc-bd">
         <name>.debug_info</name>
         <load_address>0xfc0</load_address>
         <run_address>0xfc0</run_address>
         <size>0x315</size>
         <input_file_ref idref="fl-2"/>
      </object_component>
      <object_component id="oc-ff">
         <name>.debug_info</name>
         <load_address>0x12d5</load_address>
         <run_address>0x12d5</run_address>
         <size>0x26b</size>
         <input_file_ref idref="fl-2"/>
      </object_component>
      <object_component id="oc-185">
         <name>.debug_info</name>
         <load_address>0x1540</load_address>
         <run_address>0x1540</run_address>
         <size>0x110</size>
         <input_file_ref idref="fl-2"/>
      </object_component>
      <object_component id="oc-1e9">
         <name>.debug_info</name>
         <load_address>0x1650</load_address>
         <run_address>0x1650</run_address>
         <size>0x476</size>
         <input_file_ref idref="fl-2"/>
      </object_component>
      <object_component id="oc-330">
         <name>.debug_info</name>
         <load_address>0x1ac6</load_address>
         <run_address>0x1ac6</run_address>
         <size>0x109</size>
         <input_file_ref idref="fl-2"/>
      </object_component>
      <object_component id="oc-1df">
         <name>.debug_info</name>
         <load_address>0x1bcf</load_address>
         <run_address>0x1bcf</run_address>
         <size>0x4f</size>
         <input_file_ref idref="fl-2"/>
      </object_component>
      <object_component id="oc-c3">
         <name>.debug_info</name>
         <load_address>0x1c1e</load_address>
         <run_address>0x1c1e</run_address>
         <size>0x8b</size>
         <input_file_ref idref="fl-2"/>
      </object_component>
      <object_component id="oc-97">
         <name>.debug_info</name>
         <load_address>0x1ca9</load_address>
         <run_address>0x1ca9</run_address>
         <size>0x2c</size>
         <input_file_ref idref="fl-2"/>
      </object_component>
      <object_component id="oc-1e4">
         <name>.debug_info</name>
         <load_address>0x1cd5</load_address>
         <run_address>0x1cd5</run_address>
         <size>0x4f</size>
         <input_file_ref idref="fl-2"/>
      </object_component>
      <object_component id="oc-1ee">
         <name>.debug_info</name>
         <load_address>0x1d24</load_address>
         <run_address>0x1d24</run_address>
         <size>0x2a4</size>
         <input_file_ref idref="fl-2"/>
      </object_component>
      <object_component id="oc-1b1">
         <name>.debug_info</name>
         <load_address>0x1fc8</load_address>
         <run_address>0x1fc8</run_address>
         <size>0xef</size>
         <input_file_ref idref="fl-2"/>
      </object_component>
      <object_component id="oc-c8">
         <name>.debug_info</name>
         <load_address>0x20b7</load_address>
         <run_address>0x20b7</run_address>
         <size>0xbb</size>
         <input_file_ref idref="fl-2"/>
      </object_component>
      <object_component id="oc-9c">
         <name>.debug_info</name>
         <load_address>0x2172</load_address>
         <run_address>0x2172</run_address>
         <size>0x53</size>
         <input_file_ref idref="fl-2"/>
      </object_component>
      <object_component id="oc-193">
         <name>.debug_info</name>
         <load_address>0x21c5</load_address>
         <run_address>0x21c5</run_address>
         <size>0x14c</size>
         <input_file_ref idref="fl-2"/>
      </object_component>
      <object_component id="oc-46">
         <name>.debug_info</name>
         <load_address>0x2311</load_address>
         <run_address>0x2311</run_address>
         <size>0x37d</size>
         <input_file_ref idref="fl-3"/>
      </object_component>
      <object_component id="oc-13">
         <name>.debug_info</name>
         <load_address>0x268e</load_address>
         <run_address>0x268e</run_address>
         <size>0xe8</size>
         <input_file_ref idref="fl-3"/>
      </object_component>
      <object_component id="oc-28">
         <name>.debug_info</name>
         <load_address>0x2776</load_address>
         <run_address>0x2776</run_address>
         <size>0x1fc</size>
         <input_file_ref idref="fl-3"/>
      </object_component>
      <object_component id="oc-4d">
         <name>.debug_info</name>
         <load_address>0x2972</load_address>
         <run_address>0x2972</run_address>
         <size>0x84</size>
         <input_file_ref idref="fl-3"/>
      </object_component>
      <object_component id="oc-2cb">
         <name>.debug_info</name>
         <load_address>0x29f6</load_address>
         <run_address>0x29f6</run_address>
         <size>0x207</size>
         <input_file_ref idref="fl-4"/>
      </object_component>
      <object_component id="oc-198">
         <name>.debug_info</name>
         <load_address>0x2bfd</load_address>
         <run_address>0x2bfd</run_address>
         <size>0x476</size>
         <input_file_ref idref="fl-4"/>
      </object_component>
      <object_component id="oc-39a">
         <name>.debug_info</name>
         <load_address>0x3073</load_address>
         <run_address>0x3073</run_address>
         <size>0xcc</size>
         <input_file_ref idref="fl-4"/>
      </object_component>
      <object_component id="oc-18e">
         <name>.debug_info</name>
         <load_address>0x313f</load_address>
         <run_address>0x313f</run_address>
         <size>0x53</size>
         <input_file_ref idref="fl-4"/>
      </object_component>
      <object_component id="oc-283">
         <name>.debug_info</name>
         <load_address>0x3192</load_address>
         <run_address>0x3192</run_address>
         <size>0x38e</size>
         <input_file_ref idref="fl-6"/>
      </object_component>
      <object_component id="oc-144">
         <name>.debug_info</name>
         <load_address>0x3520</load_address>
         <run_address>0x3520</run_address>
         <size>0x4fe</size>
         <input_file_ref idref="fl-6"/>
      </object_component>
      <object_component id="oc-1f4">
         <name>.debug_info</name>
         <load_address>0x3a1e</load_address>
         <run_address>0x3a1e</run_address>
         <size>0x8b8</size>
         <input_file_ref idref="fl-7"/>
      </object_component>
      <object_component id="oc-cf">
         <name>.debug_info</name>
         <load_address>0x42d6</load_address>
         <run_address>0x42d6</run_address>
         <size>0x3870</size>
         <input_file_ref idref="fl-7"/>
      </object_component>
      <object_component id="oc-2f7">
         <name>.debug_info</name>
         <load_address>0x7b46</load_address>
         <run_address>0x7b46</run_address>
         <size>0x23f</size>
         <input_file_ref idref="fl-7"/>
      </object_component>
      <object_component id="oc-1f7">
         <name>.debug_info</name>
         <load_address>0x7d85</load_address>
         <run_address>0x7d85</run_address>
         <size>0x46</size>
         <input_file_ref idref="fl-7"/>
      </object_component>
      <object_component id="oc-26d">
         <name>.debug_info</name>
         <load_address>0x7dcb</load_address>
         <run_address>0x7dcb</run_address>
         <size>0x35</size>
         <input_file_ref idref="fl-7"/>
      </object_component>
      <object_component id="oc-224">
         <name>.debug_info</name>
         <load_address>0x7e00</load_address>
         <run_address>0x7e00</run_address>
         <size>0x2c</size>
         <input_file_ref idref="fl-8"/>
      </object_component>
      <object_component id="oc-133">
         <name>.debug_info</name>
         <load_address>0x7e2c</load_address>
         <run_address>0x7e2c</run_address>
         <size>0x946</size>
         <input_file_ref idref="fl-9"/>
      </object_component>
      <object_component id="oc-86">
         <name>.debug_info</name>
         <load_address>0x8772</load_address>
         <run_address>0x8772</run_address>
         <size>0x3b9</size>
         <input_file_ref idref="fl-9"/>
      </object_component>
      <object_component id="oc-148">
         <name>.debug_info</name>
         <load_address>0x8b2b</load_address>
         <run_address>0x8b2b</run_address>
         <size>0xfc</size>
         <input_file_ref idref="fl-9"/>
      </object_component>
      <object_component id="oc-16d">
         <name>.debug_info</name>
         <load_address>0x8c27</load_address>
         <run_address>0x8c27</run_address>
         <size>0xfc</size>
         <input_file_ref idref="fl-9"/>
      </object_component>
      <object_component id="oc-170">
         <name>.debug_info</name>
         <load_address>0x8d23</load_address>
         <run_address>0x8d23</run_address>
         <size>0xfc</size>
         <input_file_ref idref="fl-9"/>
      </object_component>
      <object_component id="oc-14e">
         <name>.debug_info</name>
         <load_address>0x8e1f</load_address>
         <run_address>0x8e1f</run_address>
         <size>0x13f</size>
         <input_file_ref idref="fl-9"/>
      </object_component>
      <object_component id="oc-160">
         <name>.debug_info</name>
         <load_address>0x8f5e</load_address>
         <run_address>0x8f5e</run_address>
         <size>0xfc</size>
         <input_file_ref idref="fl-9"/>
      </object_component>
      <object_component id="oc-14b">
         <name>.debug_info</name>
         <load_address>0x905a</load_address>
         <run_address>0x905a</run_address>
         <size>0x10a</size>
         <input_file_ref idref="fl-9"/>
      </object_component>
      <object_component id="oc-151">
         <name>.debug_info</name>
         <load_address>0x9164</load_address>
         <run_address>0x9164</run_address>
         <size>0xfe</size>
         <input_file_ref idref="fl-9"/>
      </object_component>
      <object_component id="oc-16a">
         <name>.debug_info</name>
         <load_address>0x9262</load_address>
         <run_address>0x9262</run_address>
         <size>0xfd</size>
         <input_file_ref idref="fl-9"/>
      </object_component>
      <object_component id="oc-8c">
         <name>.debug_info</name>
         <load_address>0x935f</load_address>
         <run_address>0x935f</run_address>
         <size>0x5832</size>
         <input_file_ref idref="fl-9"/>
      </object_component>
      <object_component id="oc-134">
         <name>.debug_info</name>
         <load_address>0xeb91</load_address>
         <run_address>0xeb91</run_address>
         <size>0x30c</size>
         <input_file_ref idref="fl-9"/>
      </object_component>
      <object_component id="oc-f8">
         <name>.debug_info</name>
         <load_address>0xee9d</load_address>
         <run_address>0xee9d</run_address>
         <size>0x2c</size>
         <input_file_ref idref="fl-9"/>
      </object_component>
      <object_component id="oc-272">
         <name>.debug_info</name>
         <load_address>0xeec9</load_address>
         <run_address>0xeec9</run_address>
         <size>0x159</size>
         <input_file_ref idref="fl-9"/>
      </object_component>
      <object_component id="oc-29e">
         <name>.debug_info</name>
         <load_address>0xf022</load_address>
         <run_address>0xf022</run_address>
         <size>0x87d</size>
         <input_file_ref idref="fl-a"/>
      </object_component>
      <object_component id="oc-293">
         <name>.debug_info</name>
         <load_address>0xf89f</load_address>
         <run_address>0xf89f</run_address>
         <size>0xfc</size>
         <input_file_ref idref="fl-a"/>
      </object_component>
      <object_component id="oc-296">
         <name>.debug_info</name>
         <load_address>0xf99b</load_address>
         <run_address>0xf99b</run_address>
         <size>0xfc</size>
         <input_file_ref idref="fl-a"/>
      </object_component>
      <object_component id="oc-290">
         <name>.debug_info</name>
         <load_address>0xfa97</load_address>
         <run_address>0xfa97</run_address>
         <size>0x134</size>
         <input_file_ref idref="fl-a"/>
      </object_component>
      <object_component id="oc-28d">
         <name>.debug_info</name>
         <load_address>0xfbcb</load_address>
         <run_address>0xfbcb</run_address>
         <size>0x120</size>
         <input_file_ref idref="fl-a"/>
      </object_component>
      <object_component id="oc-155">
         <name>.debug_info</name>
         <load_address>0xfceb</load_address>
         <run_address>0xfceb</run_address>
         <size>0x2452</size>
         <input_file_ref idref="fl-a"/>
      </object_component>
      <object_component id="oc-29f">
         <name>.debug_info</name>
         <load_address>0x1213d</load_address>
         <run_address>0x1213d</run_address>
         <size>0x1e2</size>
         <input_file_ref idref="fl-a"/>
      </object_component>
      <object_component id="oc-299">
         <name>.debug_info</name>
         <load_address>0x1231f</load_address>
         <run_address>0x1231f</run_address>
         <size>0x46</size>
         <input_file_ref idref="fl-a"/>
      </object_component>
      <object_component id="oc-96">
         <name>.debug_info</name>
         <load_address>0x12365</load_address>
         <run_address>0x12365</run_address>
         <size>0x424</size>
         <input_file_ref idref="fl-b"/>
      </object_component>
      <object_component id="oc-89">
         <name>.debug_info</name>
         <load_address>0x12789</load_address>
         <run_address>0x12789</run_address>
         <size>0x129</size>
         <input_file_ref idref="fl-b"/>
      </object_component>
      <object_component id="oc-93">
         <name>.debug_info</name>
         <load_address>0x128b2</load_address>
         <run_address>0x128b2</run_address>
         <size>0x110</size>
         <input_file_ref idref="fl-b"/>
      </object_component>
      <object_component id="oc-34">
         <name>.debug_info</name>
         <load_address>0x129c2</load_address>
         <run_address>0x129c2</run_address>
         <size>0x737</size>
         <input_file_ref idref="fl-b"/>
      </object_component>
      <object_component id="oc-30">
         <name>.debug_info</name>
         <load_address>0x130f9</load_address>
         <run_address>0x130f9</run_address>
         <size>0x25e</size>
         <input_file_ref idref="fl-c"/>
      </object_component>
      <object_component id="oc-281">
         <name>.debug_info</name>
         <load_address>0x13357</load_address>
         <run_address>0x13357</run_address>
         <size>0x48f</size>
         <input_file_ref idref="fl-d"/>
      </object_component>
      <object_component id="oc-27e">
         <name>.debug_info</name>
         <load_address>0x137e6</load_address>
         <run_address>0x137e6</run_address>
         <size>0xf7</size>
         <input_file_ref idref="fl-d"/>
      </object_component>
      <object_component id="oc-27b">
         <name>.debug_info</name>
         <load_address>0x138dd</load_address>
         <run_address>0x138dd</run_address>
         <size>0xf7</size>
         <input_file_ref idref="fl-d"/>
      </object_component>
      <object_component id="oc-278">
         <name>.debug_info</name>
         <load_address>0x139d4</load_address>
         <run_address>0x139d4</run_address>
         <size>0x237</size>
         <input_file_ref idref="fl-d"/>
      </object_component>
      <object_component id="oc-13c">
         <name>.debug_info</name>
         <load_address>0x13c0b</load_address>
         <run_address>0x13c0b</run_address>
         <size>0x9a9</size>
         <input_file_ref idref="fl-d"/>
      </object_component>
      <object_component id="oc-327">
         <name>.debug_info</name>
         <load_address>0x145b4</load_address>
         <run_address>0x145b4</run_address>
         <size>0x62</size>
         <input_file_ref idref="fl-d"/>
      </object_component>
      <object_component id="oc-1a3">
         <name>.debug_info</name>
         <load_address>0x14616</load_address>
         <run_address>0x14616</run_address>
         <size>0x342</size>
         <input_file_ref idref="fl-12"/>
      </object_component>
      <object_component id="oc-1c1">
         <name>.debug_info</name>
         <load_address>0x14958</load_address>
         <run_address>0x14958</run_address>
         <size>0x366</size>
         <input_file_ref idref="fl-1b"/>
      </object_component>
      <object_component id="oc-1b8">
         <name>.debug_info</name>
         <load_address>0x14cbe</load_address>
         <run_address>0x14cbe</run_address>
         <size>0x106</size>
         <input_file_ref idref="fl-1b"/>
      </object_component>
      <object_component id="oc-1bb">
         <name>.debug_info</name>
         <load_address>0x14dc4</load_address>
         <run_address>0x14dc4</run_address>
         <size>0x108</size>
         <input_file_ref idref="fl-1b"/>
      </object_component>
      <object_component id="oc-1be">
         <name>.debug_info</name>
         <load_address>0x14ecc</load_address>
         <run_address>0x14ecc</run_address>
         <size>0xfa</size>
         <input_file_ref idref="fl-1b"/>
      </object_component>
      <object_component id="oc-aa">
         <name>.debug_info</name>
         <load_address>0x14fc6</load_address>
         <run_address>0x14fc6</run_address>
         <size>0x31ef</size>
         <input_file_ref idref="fl-1b"/>
      </object_component>
      <object_component id="oc-1da">
         <name>.debug_info</name>
         <load_address>0x181b5</load_address>
         <run_address>0x181b5</run_address>
         <size>0x343</size>
         <input_file_ref idref="fl-1e"/>
      </object_component>
      <object_component id="oc-1c8">
         <name>.debug_info</name>
         <load_address>0x184f8</load_address>
         <run_address>0x184f8</run_address>
         <size>0xf5</size>
         <input_file_ref idref="fl-1e"/>
      </object_component>
      <object_component id="oc-1cb">
         <name>.debug_info</name>
         <load_address>0x185ed</load_address>
         <run_address>0x185ed</run_address>
         <size>0xed</size>
         <input_file_ref idref="fl-1e"/>
      </object_component>
      <object_component id="oc-1ce">
         <name>.debug_info</name>
         <load_address>0x186da</load_address>
         <run_address>0x186da</run_address>
         <size>0xf1</size>
         <input_file_ref idref="fl-1e"/>
      </object_component>
      <object_component id="oc-1d1">
         <name>.debug_info</name>
         <load_address>0x187cb</load_address>
         <run_address>0x187cb</run_address>
         <size>0xf7</size>
         <input_file_ref idref="fl-1e"/>
      </object_component>
      <object_component id="oc-1d4">
         <name>.debug_info</name>
         <load_address>0x188c2</load_address>
         <run_address>0x188c2</run_address>
         <size>0xf5</size>
         <input_file_ref idref="fl-1e"/>
      </object_component>
      <object_component id="oc-1d7">
         <name>.debug_info</name>
         <load_address>0x189b7</load_address>
         <run_address>0x189b7</run_address>
         <size>0xf9</size>
         <input_file_ref idref="fl-1e"/>
      </object_component>
      <object_component id="oc-1c5">
         <name>.debug_info</name>
         <load_address>0x18ab0</load_address>
         <run_address>0x18ab0</run_address>
         <size>0xf6</size>
         <input_file_ref idref="fl-1e"/>
      </object_component>
      <object_component id="oc-b4">
         <name>.debug_info</name>
         <load_address>0x18ba6</load_address>
         <run_address>0x18ba6</run_address>
         <size>0xcf6</size>
         <input_file_ref idref="fl-1e"/>
      </object_component>
      <object_component id="oc-1c3">
         <name>.debug_info</name>
         <load_address>0x1989c</load_address>
         <run_address>0x1989c</run_address>
         <size>0x318</size>
         <input_file_ref idref="fl-22"/>
      </object_component>
      <object_component id="oc-ae">
         <name>.debug_info</name>
         <load_address>0x19bb4</load_address>
         <run_address>0x19bb4</run_address>
         <size>0x2787</size>
         <input_file_ref idref="fl-22"/>
      </object_component>
      <object_component id="oc-1b6">
         <name>.debug_info</name>
         <load_address>0x1c33b</load_address>
         <run_address>0x1c33b</run_address>
         <size>0x3c8</size>
         <input_file_ref idref="fl-27"/>
      </object_component>
      <object_component id="oc-1a7">
         <name>.debug_info</name>
         <load_address>0x1c703</load_address>
         <run_address>0x1c703</run_address>
         <size>0xec</size>
         <input_file_ref idref="fl-27"/>
      </object_component>
      <object_component id="oc-1ad">
         <name>.debug_info</name>
         <load_address>0x1c7ef</load_address>
         <run_address>0x1c7ef</run_address>
         <size>0xf8</size>
         <input_file_ref idref="fl-27"/>
      </object_component>
      <object_component id="oc-19e">
         <name>.debug_info</name>
         <load_address>0x1c8e7</load_address>
         <run_address>0x1c8e7</run_address>
         <size>0xf2</size>
         <input_file_ref idref="fl-27"/>
      </object_component>
      <object_component id="oc-1aa">
         <name>.debug_info</name>
         <load_address>0x1c9d9</load_address>
         <run_address>0x1c9d9</run_address>
         <size>0xff</size>
         <input_file_ref idref="fl-27"/>
      </object_component>
      <object_component id="oc-a2">
         <name>.debug_info</name>
         <load_address>0x1cad8</load_address>
         <run_address>0x1cad8</run_address>
         <size>0x2b3c</size>
         <input_file_ref idref="fl-27"/>
      </object_component>
      <object_component id="oc-2d7">
         <name>.debug_info</name>
         <load_address>0x1f614</load_address>
         <run_address>0x1f614</run_address>
         <size>0x51</size>
         <input_file_ref idref="fl-27"/>
      </object_component>
      <object_component id="oc-348">
         <name>.debug_info</name>
         <load_address>0x1f665</load_address>
         <run_address>0x1f665</run_address>
         <size>0x353</size>
         <input_file_ref idref="fl-2a"/>
      </object_component>
      <object_component id="oc-342">
         <name>.debug_info</name>
         <load_address>0x1f9b8</load_address>
         <run_address>0x1f9b8</run_address>
         <size>0xf9</size>
         <input_file_ref idref="fl-2a"/>
      </object_component>
      <object_component id="oc-345">
         <name>.debug_info</name>
         <load_address>0x1fab1</load_address>
         <run_address>0x1fab1</run_address>
         <size>0x10b</size>
         <input_file_ref idref="fl-2a"/>
      </object_component>
      <object_component id="oc-2a5">
         <name>.debug_info</name>
         <load_address>0x1fbbc</load_address>
         <run_address>0x1fbbc</run_address>
         <size>0x2481</size>
         <input_file_ref idref="fl-2a"/>
      </object_component>
      <object_component id="oc-203">
         <name>.debug_info</name>
         <load_address>0x2203d</load_address>
         <run_address>0x2203d</run_address>
         <size>0x348</size>
         <input_file_ref idref="fl-2b"/>
      </object_component>
      <object_component id="oc-1fd">
         <name>.debug_info</name>
         <load_address>0x22385</load_address>
         <run_address>0x22385</run_address>
         <size>0xf6</size>
         <input_file_ref idref="fl-2b"/>
      </object_component>
      <object_component id="oc-200">
         <name>.debug_info</name>
         <load_address>0x2247b</load_address>
         <run_address>0x2247b</run_address>
         <size>0x108</size>
         <input_file_ref idref="fl-2b"/>
      </object_component>
      <object_component id="oc-d6">
         <name>.debug_info</name>
         <load_address>0x22583</load_address>
         <run_address>0x22583</run_address>
         <size>0x2708</size>
         <input_file_ref idref="fl-2b"/>
      </object_component>
      <object_component id="oc-164">
         <name>.debug_info</name>
         <load_address>0x24c8b</load_address>
         <run_address>0x24c8b</run_address>
         <size>0x15c</size>
         <input_file_ref idref="fl-31"/>
      </object_component>
      <object_component id="oc-15c">
         <name>.debug_info</name>
         <load_address>0x24de7</load_address>
         <run_address>0x24de7</run_address>
         <size>0x1a0</size>
         <input_file_ref idref="fl-31"/>
      </object_component>
      <object_component id="oc-f7">
         <name>.debug_info</name>
         <load_address>0x24f87</load_address>
         <run_address>0x24f87</run_address>
         <size>0x6af</size>
         <input_file_ref idref="fl-34"/>
      </object_component>
      <object_component id="oc-dd">
         <name>.debug_info</name>
         <load_address>0x25636</load_address>
         <run_address>0x25636</run_address>
         <size>0x163</size>
         <input_file_ref idref="fl-34"/>
      </object_component>
      <object_component id="oc-ec">
         <name>.debug_info</name>
         <load_address>0x25799</load_address>
         <run_address>0x25799</run_address>
         <size>0x101</size>
         <input_file_ref idref="fl-34"/>
      </object_component>
      <object_component id="oc-e9">
         <name>.debug_info</name>
         <load_address>0x2589a</load_address>
         <run_address>0x2589a</run_address>
         <size>0x101</size>
         <input_file_ref idref="fl-34"/>
      </object_component>
      <object_component id="oc-da">
         <name>.debug_info</name>
         <load_address>0x2599b</load_address>
         <run_address>0x2599b</run_address>
         <size>0x1f3</size>
         <input_file_ref idref="fl-34"/>
      </object_component>
      <object_component id="oc-f4">
         <name>.debug_info</name>
         <load_address>0x25b8e</load_address>
         <run_address>0x25b8e</run_address>
         <size>0xe1</size>
         <input_file_ref idref="fl-34"/>
      </object_component>
      <object_component id="oc-e0">
         <name>.debug_info</name>
         <load_address>0x25c6f</load_address>
         <run_address>0x25c6f</run_address>
         <size>0xef</size>
         <input_file_ref idref="fl-34"/>
      </object_component>
      <object_component id="oc-e6">
         <name>.debug_info</name>
         <load_address>0x25d5e</load_address>
         <run_address>0x25d5e</run_address>
         <size>0xed</size>
         <input_file_ref idref="fl-34"/>
      </object_component>
      <object_component id="oc-e3">
         <name>.debug_info</name>
         <load_address>0x25e4b</load_address>
         <run_address>0x25e4b</run_address>
         <size>0xf3</size>
         <input_file_ref idref="fl-34"/>
      </object_component>
      <object_component id="oc-40">
         <name>.debug_info</name>
         <load_address>0x25f3e</load_address>
         <run_address>0x25f3e</run_address>
         <size>0xfb4</size>
         <input_file_ref idref="fl-34"/>
      </object_component>
      <object_component id="oc-2ca">
         <name>.debug_info</name>
         <load_address>0x26ef2</load_address>
         <run_address>0x26ef2</run_address>
         <size>0x333</size>
         <input_file_ref idref="fl-ee"/>
      </object_component>
      <object_component id="oc-180">
         <name>.debug_info</name>
         <load_address>0x27225</load_address>
         <run_address>0x27225</run_address>
         <size>0x1d1</size>
         <input_file_ref idref="fl-ee"/>
      </object_component>
      <object_component id="oc-2be">
         <name>.debug_info</name>
         <load_address>0x273f6</load_address>
         <run_address>0x273f6</run_address>
         <size>0x18d</size>
         <input_file_ref idref="fl-ee"/>
      </object_component>
      <object_component id="oc-2c5">
         <name>.debug_info</name>
         <load_address>0x27583</load_address>
         <run_address>0x27583</run_address>
         <size>0x16d</size>
         <input_file_ref idref="fl-ee"/>
      </object_component>
      <object_component id="oc-434">
         <name>.debug_info</name>
         <load_address>0x276f0</load_address>
         <run_address>0x276f0</run_address>
         <size>0x2c</size>
         <input_file_ref idref="fl-ee"/>
      </object_component>
      <object_component id="oc-53">
         <name>.debug_info</name>
         <load_address>0x2771c</load_address>
         <run_address>0x2771c</run_address>
         <size>0x119</size>
         <input_file_ref idref="fl-f0"/>
      </object_component>
      <object_component id="oc-ef">
         <name>.debug_info</name>
         <load_address>0x27835</load_address>
         <run_address>0x27835</run_address>
         <size>0x142</size>
         <input_file_ref idref="fl-f1"/>
      </object_component>
      <object_component id="oc-11a">
         <name>.debug_info</name>
         <load_address>0x27977</load_address>
         <run_address>0x27977</run_address>
         <size>0x147</size>
         <input_file_ref idref="fl-f2"/>
      </object_component>
      <object_component id="oc-118">
         <name>.debug_info</name>
         <load_address>0x27abe</load_address>
         <run_address>0x27abe</run_address>
         <size>0x2d4</size>
[...]
         <name>TimerDMAEventGet</name>
         <value>0x7125</value>
         <object_component_ref idref="oc-2a4"/>
      </symbol>
      <symbol id="sm-a0b">
         <name>TimerRTCDisable</name>
         <value>0x6de9</value>
         <object_component_ref idref="oc-2a4"/>
      </symbol>
      <symbol id="sm-a0c">
         <name>TimerADCEventGet</name>
         <value>0x7105</value>
         <object_component_ref idref="oc-2a4"/>
      </symbol>
      <symbol id="sm-a0d">
         <name>TimerPrescaleMatchSet</name>
         <value>0x6e7f</value>
         <object_component_ref idref="oc-2a4"/>
      </symbol>
      <symbol id="sm-a0e">
         <name>TimerControlWaitOnTrigger</name>
         <value>0x6d73</value>
         <object_component_ref idref="oc-2a4"/>
      </symbol>
      <symbol id="sm-a0f">
         <name>TimerConfigure</name>
         <value>0x6bf3</value>
         <object_component_ref idref="oc-2a4"/>
      </symbol>
      <symbol id="sm-a10">
         <name>TimerControlEvent</name>
         <value>0x6d13</value>
         <object_component_ref idref="oc-2a4"/>
      </symbol>
      <symbol id="sm-a11">
         <name>TimerIntClear</name>
         <value>0x70cf</value>
         <object_component_ref idref="oc-2a4"/>
      </symbol>
      <symbol id="sm-a12">
         <name>TimerSynchronize</name>
         <value>0x70e1</value>
         <object_component_ref idref="oc-2a4"/>
      </symbol>
      <symbol id="sm-a85">
         <name>UARTClockSourceGet</name>
         <value>0x76f7</value>
         <object_component_ref idref="oc-d3"/>
      </symbol>
      <symbol id="sm-a86">
         <name>UARTCharPutNonBlocking</name>
         <value>0x7569</value>
         <object_component_ref idref="oc-d3"/>
      </symbol>
      <symbol id="sm-a87">
         <name>UARTDMAEnable</name>
         <value>0x7691</value>
         <object_component_ref idref="oc-d3"/>
      </symbol>
      <symbol id="sm-a88">
         <name>UARTTxIntModeSet</name>
         <value>0x74cd</value>
         <object_component_ref idref="oc-d3"/>
      </symbol>
      <symbol id="sm-a89">
         <name>UARTFIFODisable</name>
         <value>0x737b</value>
         <object_component_ref idref="oc-d3"/>
      </symbol>
      <symbol id="sm-a8a">
         <name>UARTIntUnregister</name>
         <value>0x7611</value>
         <object_component_ref idref="oc-d3"/>
      </symbol>
      <symbol id="sm-a8b">
         <name>UARTRxErrorClear</name>
         <value>0x76d3</value>
         <object_component_ref idref="oc-d3"/>
      </symbol>
      <symbol id="sm-a8c">
         <name>UARTModemControlSet</name>
         <value>0x741d</value>
         <object_component_ref idref="oc-d3"/>
      </symbol>
      <symbol id="sm-a8d">
         <name>UARTFlowControlSet</name>
         <value>0x749f</value>
         <object_component_ref idref="oc-d3"/>
      </symbol>
      <symbol id="sm-a8e">
         <name>UARTConfigSetExpClk</name>
         <value>0x7255</value>
         <object_component_ref idref="oc-d3"/>
      </symbol>
      <symbol id="sm-a8f">
         <name>UARTSmartCardDisable</name>
         <value>0x7407</value>
         <object_component_ref idref="oc-d3"/>
      </symbol>
      <symbol id="sm-a90">
         <name>UARTDisable</name>
         <value>0x733b</value>
         <object_component_ref idref="oc-d3"/>
      </symbol>
      <symbol id="sm-a91">
         <name>UART9BitDisable</name>
         <value>0x771d</value>
         <object_component_ref idref="oc-d3"/>
      </symbol>
      <symbol id="sm-a92">
         <name>UARTFIFOLevelGet</name>
         <value>0x722d</value>
         <object_component_ref idref="oc-d3"/>
      </symbol>
      <symbol id="sm-a93">
         <name>UARTBusy</name>
         <value>0x75d5</value>
         <object_component_ref idref="oc-d3"/>
      </symbol>
      <symbol id="sm-a94">
         <name>UARTDisableSIR</name>
         <value>0x73bf</value>
         <object_component_ref idref="oc-d3"/>
      </symbol>
      <symbol id="sm-a95">
         <name>UARTLoopbackEnable</name>
         <value>0x77a1</value>
         <object_component_ref idref="oc-d3"/>
      </symbol>
      <symbol id="sm-a96">
         <name>UARTIntEnable</name>
         <value>0x7631</value>
         <object_component_ref idref="oc-d3"/>
      </symbol>
      <symbol id="sm-a97">
         <name>UARTCharsAvail</name>
         <value>0x74fb</value>
         <object_component_ref idref="oc-d3"/>
      </symbol>
      <symbol id="sm-a98">
         <name>UARTCharGetNonBlocking</name>
         <value>0x7537</value>
         <object_component_ref idref="oc-d3"/>
      </symbol>
      <symbol id="sm-a99">
         <name>UARTClockSourceSet</name>
         <value>0x76e3</value>
         <object_component_ref idref="oc-d3"/>
      </symbol>
      <symbol id="sm-a9a">
         <name>UARTTxIntModeGet</name>
         <value>0x74e9</value>
         <object_component_ref idref="oc-d3"/>
      </symbol>
      <symbol id="sm-a9b">
         <name>UARTModemStatusGet</name>
         <value>0x748b</value>
         <object_component_ref idref="oc-d3"/>
      </symbol>
      <symbol id="sm-a9c">
         <name>UARTIntDisable</name>
         <value>0x7649</value>
         <object_component_ref idref="oc-d3"/>
      </symbol>
      <symbol id="sm-a9d">
         <name>UARTCharPut</name>
         <value>0x758d</value>
         <object_component_ref idref="oc-d3"/>
      </symbol>
      <symbol id="sm-a9e">
         <name>UARTParityModeSet</name>
         <value>0x71e7</value>
         <object_component_ref idref="oc-d3"/>
      </symbol>
      <symbol id="sm-a9f">
         <name>UARTRxErrorGet</name>
         <value>0x76c1</value>
         <object_component_ref idref="oc-d3"/>
      </symbol>
      <symbol id="sm-aa0">
         <name>UARTConfigGetExpClk</name>
         <value>0x72cb</value>
         <object_component_ref idref="oc-d3"/>
      </symbol>
      <symbol id="sm-aa1">
         <name>UARTEnableSIR</name>
         <value>0x7391</value>
         <object_component_ref idref="oc-d3"/>
      </symbol>
      <symbol id="sm-aa2">
         <name>UARTEnable</name>
         <value>0x7317</value>
         <object_component_ref idref="oc-d3"/>
      </symbol>
      <symbol id="sm-aa3">
         <name>UART9BitAddrSend</name>
         <value>0x7759</value>
         <object_component_ref idref="oc-d3"/>
      </symbol>
      <symbol id="sm-aa4">
         <name>UARTModemControlGet</name>
         <value>0x7479</value>
         <object_component_ref idref="oc-d3"/>
      </symbol>
      <symbol id="sm-aa5">
         <name>UARTSmartCardEnable</name>
         <value>0x73d5</value>
         <object_component_ref idref="oc-d3"/>
      </symbol>
      <symbol id="sm-aa6">
         <name>UARTFlowControlGet</name>
         <value>0x74bb</value>
         <object_component_ref idref="oc-d3"/>
      </symbol>
      <symbol id="sm-aa7">
         <name>UARTFIFOEnable</name>
         <value>0x7365</value>
         <object_component_ref idref="oc-d3"/>
      </symbol>
      <symbol id="sm-aa8">
         <name>UARTIntClear</name>
         <value>0x767f</value>
         <object_component_ref idref="oc-d3"/>
      </symbol>
      <symbol id="sm-aa9">
         <name>UARTIntStatus</name>
         <value>0x7661</value>
         <object_component_ref idref="oc-d3"/>
      </symbol>
      <symbol id="sm-aaa">
         <name>UARTDMADisable</name>
         <value>0x76a9</value>
         <object_component_ref idref="oc-d3"/>
      </symbol>
      <symbol id="sm-aab">
         <name>UART9BitEnable</name>
         <value>0x7707</value>
         <object_component_ref idref="oc-d3"/>
      </symbol>
      <symbol id="sm-aac">
         <name>UARTSpaceAvail</name>
         <value>0x7519</value>
         <object_component_ref idref="oc-d3"/>
      </symbol>
      <symbol id="sm-aad">
         <name>UARTCharGet</name>
         <value>0x7553</value>
         <object_component_ref idref="oc-d3"/>
      </symbol>
      <symbol id="sm-aae">
         <name>UARTFIFOLevelSet</name>
         <value>0x7215</value>
         <object_component_ref idref="oc-d3"/>
      </symbol>
      <symbol id="sm-aaf">
         <name>UARTModemControlClear</name>
         <value>0x7455</value>
         <object_component_ref idref="oc-d3"/>
      </symbol>
      <symbol id="sm-ab0">
         <name>UARTParityModeGet</name>
         <value>0x7203</value>
         <object_component_ref idref="oc-d3"/>
      </symbol>
      <symbol id="sm-ab1">
         <name>UARTIntRegister</name>
         <value>0x75f3</value>
         <object_component_ref idref="oc-d3"/>
      </symbol>
      <symbol id="sm-ab2">
         <name>UARTBreakCtl</name>
         <value>0x75ab</value>
         <object_component_ref idref="oc-d3"/>
      </symbol>
      <symbol id="sm-ab3">
         <name>UART9BitAddrSet</name>
         <value>0x7733</value>
         <object_component_ref idref="oc-d3"/>
      </symbol>
      <symbol id="sm-ad2">
         <name>GetOverflowCounts</name>
         <value>0x98e1</value>
         <object_component_ref idref="oc-162"/>
      </symbol>
      <symbol id="sm-ad3">
         <name>vConfigureTimerForRunTimeStats</name>
         <value>0x9479</value>
         <object_component_ref idref="oc-159"/>
      </symbol>
      <symbol id="sm-bca">
         <name>UARTTxBytesFree</name>
         <value>0x517b</value>
         <object_component_ref idref="oc-3e"/>
      </symbol>
      <symbol id="sm-bcb">
         <name>UARTFlushRx</name>
         <value>0x5187</value>
         <object_component_ref idref="oc-3e"/>
      </symbol>
      <symbol id="sm-bcc">
         <name>UARTgetc</name>
         <value>0x4e29</value>
         <object_component_ref idref="oc-3e"/>
      </symbol>
      <symbol id="sm-bcd">
         <name>UARTgets</name>
         <value>0x4a11</value>
         <object_component_ref idref="oc-3e"/>
      </symbol>
      <symbol id="sm-bce">
         <name>UARTFlushTx</name>
         <value>0x5195</value>
         <object_component_ref idref="oc-3e"/>
      </symbol>
      <symbol id="sm-bcf">
         <name>UARTStdioConfig</name>
         <value>0x4897</value>
         <object_component_ref idref="oc-3e"/>
      </symbol>
      <symbol id="sm-bd0">
         <name>UARTStdioIntHandler</name>
         <value>0x51e3</value>
         <object_component_ref idref="oc-3e"/>
      </symbol>
      <symbol id="sm-bd1">
         <name>UARTRxBytesAvail</name>
         <value>0x516f</value>
         <object_component_ref idref="oc-3e"/>
      </symbol>
      <symbol id="sm-bd2">
         <name>UARTwrite</name>
         <value>0x497d</value>
         <object_component_ref idref="oc-3e"/>
      </symbol>
      <symbol id="sm-bd3">
         <name>UARTEchoSet</name>
         <value>0x51bb</value>
         <object_component_ref idref="oc-3e"/>
      </symbol>
      <symbol id="sm-bd4">
         <name>UARTprintf</name>
         <value>0x514b</value>
         <object_component_ref idref="oc-3e"/>
      </symbol>
      <symbol id="sm-bd5">
         <name>UARTvprintf</name>
         <value>0x4e51</value>
         <object_component_ref idref="oc-3e"/>
      </symbol>
      <symbol id="sm-bfc">
         <name>sprintf</name>
         <value>0x97c1</value>
         <object_component_ref idref="oc-17e"/>
      </symbol>
      <symbol id="sm-c18">
         <name>memcpy</name>
         <value>0x9153</value>
         <object_component_ref idref="oc-52"/>
      </symbol>
      <symbol id="sm-c19">
         <name>__aeabi_memcpy</name>
         <value>0x9153</value>
         <object_component_ref idref="oc-52"/>
      </symbol>
      <symbol id="sm-c1a">
         <name>__aeabi_memcpy8</name>
         <value>0x9153</value>
         <object_component_ref idref="oc-52"/>
      </symbol>
      <symbol id="sm-c1b">
         <name>__aeabi_memcpy4</name>
         <value>0x9153</value>
         <object_component_ref idref="oc-52"/>
      </symbol>
      <symbol id="sm-c2a">
         <name>__aeabi_uidivmod</name>
         <value>0x9781</value>
         <object_component_ref idref="oc-ee"/>
      </symbol>
      <symbol id="sm-c2b">
         <name>__aeabi_uidiv</name>
         <value>0x9781</value>
         <object_component_ref idref="oc-ee"/>
      </symbol>
      <symbol id="sm-c3a">
         <name>__aeabi_memset</name>
         <value>0x9393</value>
         <object_component_ref idref="oc-119"/>
      </symbol>
      <symbol id="sm-c3b">
         <name>memset</name>
         <value>0x9399</value>
         <object_component_ref idref="oc-119"/>
      </symbol>
      <symbol id="sm-c3c">
         <name>__aeabi_memset8</name>
         <value>0x9393</value>
         <object_component_ref idref="oc-119"/>
      </symbol>
      <symbol id="sm-c3d">
         <name>__aeabi_memset4</name>
         <value>0x9393</value>
         <object_component_ref idref="oc-119"/>
      </symbol>
      <symbol id="sm-c3e">
         <name>__aeabi_memclr8</name>
         <value>0x9391</value>
         <object_component_ref idref="oc-119"/>
      </symbol>
      <symbol id="sm-c3f">
         <name>__aeabi_memclr4</name>
         <value>0x9391</value>
         <object_component_ref idref="oc-119"/>
      </symbol>
      <symbol id="sm-c40">
         <name>__aeabi_memclr</name>
         <value>0x9391</value>
         <object_component_ref idref="oc-119"/>
      </symbol>
      <symbol id="sm-c52">
         <name>__TI_zero_init</name>
         <value>0x99b1</value>
         <object_component_ref idref="oc-64"/>
      </symbol>
      <symbol id="sm-c69">
         <name>__TI_decompress_none</name>
         <value>0x99a3</value>
         <object_component_ref idref="oc-1b"/>
      </symbol>
      <symbol id="sm-c8c">
         <name>__TI_decompress_lzss</name>
         <value>0x94e1</value>
         <object_component_ref idref="oc-15"/>
      </symbol>
      <symbol id="sm-c9b">
         <name>strcpy</name>
         <value>0x9969</value>
         <object_component_ref idref="oc-172"/>
      </symbol>
      <symbol id="sm-ca9">
         <name>strlen</name>
         <value>0x997d</value>
         <object_component_ref idref="oc-178"/>
      </symbol>
      <symbol id="sm-cbc">
         <name>__stack</name>
         <value>0x200056d0</value>
         <object_component_ref idref="oc-24"/>
      </symbol>
      <symbol id="sm-cbd">
         <name>_c_int00_noargs</name>
         <value>0x987d</value>
         <object_component_ref idref="oc-70"/>
      </symbol>
      <symbol id="sm-e22">
         <name>__TI_printfi</name>
         <value>0x52ed</value>
         <object_component_ref idref="oc-2b7"/>
      </symbol>
      <symbol id="sm-e42">
         <name>frexpl</name>
         <value>0x9549</value>
         <object_component_ref idref="oc-411"/>
      </symbol>
      <symbol id="sm-e43">
         <name>frexp</name>
         <value>0x9549</value>
         <object_component_ref idref="oc-411"/>
      </symbol>
      <symbol id="sm-e60">
         <name>scalbn</name>
         <value>0x8db9</value>
         <object_component_ref idref="oc-417"/>
      </symbol>
      <symbol id="sm-e61">
         <name>scalbnl</name>
         <value>0x8db9</value>
         <object_component_ref idref="oc-417"/>
      </symbol>
      <symbol id="sm-e62">
         <name>ldexpl</name>
         <value>0x8db9</value>
         <object_component_ref idref="oc-417"/>
      </symbol>
      <symbol id="sm-e63">
         <name>ldexp</name>
         <value>0x8db9</value>
         <object_component_ref idref="oc-417"/>
      </symbol>
      <symbol id="sm-e7c">
         <name>wcslen</name>
         <value>0x9991</value>
         <object_component_ref idref="oc-37c"/>
      </symbol>
      <symbol id="sm-e86">
         <name>__aeabi_idiv0</name>
         <value>0x5d3b</value>
         <object_component_ref idref="oc-212"/>
      </symbol>
      <symbol id="sm-e87">
         <name>__aeabi_ldiv0</name>
         <value>0x5d3b</value>
         <object_component_ref idref="oc-212"/>
      </symbol>
      <symbol id="sm-e9e">
         <name>__aeabi_dsub</name>
         <value>0x85f1</value>
         <object_component_ref idref="oc-3f1"/>
      </symbol>
      <symbol id="sm-e9f">
         <name>__aeabi_dadd</name>
         <value>0x85fb</value>
         <object_component_ref idref="oc-3f1"/>
      </symbol>
      <symbol id="sm-ec1">
         <name>__aeabi_cdcmpeq</name>
         <value>0x9285</value>
         <object_component_ref idref="oc-359"/>
      </symbol>
      <symbol id="sm-ec2">
         <name>__aeabi_cdcmple</name>
         <value>0x9285</value>
         <object_component_ref idref="oc-359"/>
      </symbol>
      <symbol id="sm-ec3">
         <name>__aeabi_cdrcmple</name>
         <value>0x930b</value>
         <object_component_ref idref="oc-3dc"/>
      </symbol>
      <symbol id="sm-ed7">
         <name>__aeabi_ddiv</name>
         <value>0x8a35</value>
         <object_component_ref idref="oc-3d7"/>
      </symbol>
      <symbol id="sm-ee2">
         <name>__aeabi_dmul</name>
         <value>0x8ec9</value>
         <object_component_ref idref="oc-3d2"/>
      </symbol>
      <symbol id="sm-eec">
         <name>__aeabi_d2iz</name>
         <value>0x96f5</value>
         <object_component_ref idref="oc-3e1"/>
      </symbol>
      <symbol id="sm-ef6">
         <name>__aeabi_i2d</name>
         <value>0x98b1</value>
         <object_component_ref idref="oc-3ec"/>
      </symbol>
      <symbol id="sm-f03">
         <name>__aeabi_uldivmod</name>
         <value>0x91ef</value>
         <object_component_ref idref="oc-3cb"/>
      </symbol>
      <symbol id="sm-f2b">
         <name>__TI_auto_init_nobinit_nopinit</name>
         <value>0x973d</value>
         <object_component_ref idref="oc-239"/>
      </symbol>
      <symbol id="sm-f35">
         <name>_system_pre_init</name>
         <value>0x99e3</value>
         <object_component_ref idref="oc-11f"/>
      </symbol>
      <symbol id="sm-f41">
         <name>C$$EXIT</name>
         <value>0x99e7</value>
         <object_component_ref idref="oc-22d"/>
      </symbol>
      <symbol id="sm-f42">
         <name>abort</name>
         <value>0x99e7</value>
         <object_component_ref idref="oc-22d"/>
      </symbol>
      <symbol id="sm-f52">
         <name>__TI_ltoa</name>
         <value>0x9603</value>
         <object_component_ref idref="oc-3e6"/>
      </symbol>
      <symbol id="sm-f69">
         <name>atoi</name>
         <value>0x96a9</value>
         <object_component_ref idref="oc-34d"/>
      </symbol>
      <symbol id="sm-f74">
         <name>_ctypes_</name>
         <value>0x9b9c</value>
         <object_component_ref idref="oc-3c6"/>
      </symbol>
      <symbol id="sm-f84">
         <name>memccpy</name>
         <value>0x9905</value>
         <object_component_ref idref="oc-376"/>
      </symbol>
      <symbol id="sm-f94">
         <name>strchr</name>
         <value>0x9953</value>
         <object_component_ref idref="oc-41d"/>
      </symbol>
      <symbol id="sm-faa">
         <name>__aeabi_errno_addr</name>
         <value>0x99d5</value>
         <object_component_ref idref="oc-382"/>
      </symbol>
      <symbol id="sm-fab">
         <name>errno</name>
         <value>0x20005950</value>
         <object_component_ref idref="oc-42d"/>
      </symbol>
      <symbol id="sm-fb5">
         <name>copysign</name>
         <value>0x9921</value>
         <object_component_ref idref="oc-46b"/>
      </symbol>
      <symbol id="sm-fb6">
         <name>copysignl</name>
         <value>0x9921</value>
         <object_component_ref idref="oc-46b"/>
      </symbol>
      <symbol id="sm-fb7">
         <name>__TI_static_base__</name>
         <value>0x0</value>
      </symbol>
      <symbol id="sm-fba">
         <name>__mpu_init</name>
         <value>0x0</value>
      </symbol>
      <symbol id="sm-fbb">
         <name>_system_post_cinit</name>
         <value>0x0</value>
      </symbol>
   </symbol_table>
   <title>Link successful</title>
</link_info>
